Archive member included because of file (symbol)

build/OpenMote-CC2538_armgcc/openstack/libopenstack.a(openstack.o)
                              projects/common/03oos_openwsn/03oos_openwsn.o (openstack_init)
build/OpenMote-CC2538_armgcc/openstack/libopenstack.a(IEEE802154Ecsl.o)
                              build/OpenMote-CC2538_armgcc/openstack/libopenstack.a(openstack.o) (ieee154e_init)
build/OpenMote-CC2538_armgcc/openstack/libopenstack.a(adaptive_sync.o)
                              build/OpenMote-CC2538_armgcc/openstack/libopenstack.a(openstack.o) (adaptive_sync_init)
build/OpenMote-CC2538_armgcc/openstack/libopenstack.a(neighbors.o)
                              build/OpenMote-CC2538_armgcc/openstack/libopenstack.a(openstack.o) (neighbors_init)
build/OpenMote-CC2538_armgcc/openstack/libopenstack.a(processIE.o)
                              build/OpenMote-CC2538_armgcc/openstack/libopenstack.a(IEEE802154Ecsl.o) (processIE_retrieveSlotframeLinkIE)
build/OpenMote-CC2538_armgcc/openstack/libopenstack.a(schedule.o)
                              build/OpenMote-CC2538_armgcc/openstack/libopenstack.a(openstack.o) (schedule_init)
build/OpenMote-CC2538_armgcc/openstack/libopenstack.a(sixtop.o)
                              build/OpenMote-CC2538_armgcc/openstack/libopenstack.a(openstack.o) (sixtop_init)
build/OpenMote-CC2538_armgcc/openstack/libopenstack.a(iphc.o)
                              build/OpenMote-CC2538_armgcc/openstack/libopenstack.a(openstack.o) (iphc_init)
build/OpenMote-CC2538_armgcc/openstack/libopenstack.a(openbridge.o)
                              build/OpenMote-CC2538_armgcc/openstack/libopenstack.a(openstack.o) (openbridge_init)
build/OpenMote-CC2538_armgcc/openstack/libopenstack.a(forwarding.o)
                              build/OpenMote-CC2538_armgcc/openstack/libopenstack.a(openstack.o) (forwarding_init)
build/OpenMote-CC2538_armgcc/openstack/libopenstack.a(icmpv6.o)
                              build/OpenMote-CC2538_armgcc/openstack/libopenstack.a(openstack.o) (icmpv6_init)
build/OpenMote-CC2538_armgcc/openstack/libopenstack.a(icmpv6echo.o)
                              build/OpenMote-CC2538_armgcc/openstack/libopenstack.a(openstack.o) (icmpv6echo_init)
build/OpenMote-CC2538_armgcc/openstack/libopenstack.a(icmpv6rpl.o)
                              build/OpenMote-CC2538_armgcc/openstack/libopenstack.a(openstack.o) (icmpv6rpl_init)
build/OpenMote-CC2538_armgcc/openstack/libopenstack.a(opencoap.o)
                              build/OpenMote-CC2538_armgcc/openstack/libopenstack.a(openstack.o) (opencoap_init)
build/OpenMote-CC2538_armgcc/openstack/libopenstack.a(opentcp.o)
                              build/OpenMote-CC2538_armgcc/openstack/libopenstack.a(openstack.o) (opentcp_init)
build/OpenMote-CC2538_armgcc/openstack/libopenstack.a(openudp.o)
                              build/OpenMote-CC2538_armgcc/openstack/libopenstack.a(openstack.o) (openudp_init)
build/OpenMote-CC2538_armgcc/openstack/libopenstack.a(idmanager.o)
                              build/OpenMote-CC2538_armgcc/openstack/libopenstack.a(openstack.o) (idmanager_init)
build/OpenMote-CC2538_armgcc/openstack/libopenstack.a(openqueue.o)
                              build/OpenMote-CC2538_armgcc/openstack/libopenstack.a(openstack.o) (openqueue_init)
build/OpenMote-CC2538_armgcc/openstack/libopenstack.a(openrandom.o)
                              build/OpenMote-CC2538_armgcc/openstack/libopenstack.a(openstack.o) (openrandom_init)
build/OpenMote-CC2538_armgcc/openstack/libopenstack.a(packetfunctions.o)
                              build/OpenMote-CC2538_armgcc/openstack/libopenstack.a(neighbors.o) (packetfunctions_ip128bToMac64b)
build/OpenMote-CC2538_armgcc/openstack/libopenstack.a(IEEE802154.o)
                              build/OpenMote-CC2538_armgcc/openstack/libopenstack.a(IEEE802154Ecsl.o) (ieee802154_prependHeader)
build/OpenMote-CC2538_armgcc/openstack/libopenstack.a(otf.o)
                              build/OpenMote-CC2538_armgcc/openstack/libopenstack.a(sixtop.o) (otf_notif_addedCell)
build/OpenMote-CC2538_armgcc/openstack/libopenstack.a(topology.o)
                              build/OpenMote-CC2538_armgcc/openstack/libopenstack.a(IEEE802154.o) (topology_isAcceptablePacket)
build/OpenMote-CC2538_armgcc/openapps/libopenapps.a(openapps_dyn.o)
                              build/OpenMote-CC2538_armgcc/openstack/libopenstack.a(openstack.o) (openapps_init)
build/OpenMote-CC2538_armgcc/openapps/libopenapps.a(c6t.o)
                              build/OpenMote-CC2538_armgcc/openapps/libopenapps.a(openapps_dyn.o) (c6t_init)
build/OpenMote-CC2538_armgcc/openapps/libopenapps.a(cinfo.o)
                              build/OpenMote-CC2538_armgcc/openapps/libopenapps.a(openapps_dyn.o) (cinfo_init)
build/OpenMote-CC2538_armgcc/openapps/libopenapps.a(cleds.o)
                              build/OpenMote-CC2538_armgcc/openapps/libopenapps.a(openapps_dyn.o) (cleds__init)
[...]
Memory Configuration

Name             Origin             Length             Attributes
FLASH            0x00200000         0x0007ffd4         xr
FLASH_CCA        0x0027ffd4         0x0000000c         xr
SRAM             0x20004000         0x00004000         xrw
*default*        0x00000000         0xffffffff

Linker script and memory map

LOAD projects/common/03oos_openwsn/03oos_openwsn.o
LOAD build/OpenMote-CC2538_armgcc/openstack/libopenstack.a
LOAD build/OpenMote-CC2538_armgcc/openapps/libopenapps.a
LOAD build/OpenMote-CC2538_armgcc/kernel/openos/libkernel.a
LOAD build/OpenMote-CC2538_armgcc/drivers/libdrivers.a
LOAD build/OpenMote-CC2538_armgcc/bsp/boards/OpenMote-CC2538/libbsp.a
START GROUP
LOAD /opt/gcc-arm-none-eabi-4_7-2013q3/bin/../lib/gcc/arm-none-eabi/4.7.4/armv7-m/libgcc.a
LOAD /opt/gcc-arm-none-eabi-4_7-2013q3/bin/../lib/gcc/arm-none-eabi/4.7.4/../../../../arm-none-eabi/lib/armv7-m/libg.a
LOAD /opt/gcc-arm-none-eabi-4_7-2013q3/bin/../lib/gcc/arm-none-eabi/4.7.4/../../../../arm-none-eabi/lib/armv7-m/libc.a
END GROUP

.text           0x00200000    0x165a8
                0x00200000                _text = .
 *(.vectors)
 .vectors       0x00200000      0x28c build/OpenMote-CC2538_armgcc/bsp/boards/OpenMote-CC2538/libbsp.a(startup_gcc.o)
                0x00200000                gVectors
 *(.text*)
 .text          0x0020028c       0x1c projects/common/03oos_openwsn/03oos_openwsn.o
                0x0020028c                mote_main
 .text          0x002002a8       0x6c build/OpenMote-CC2538_armgcc/openstack/libopenstack.a(openstack.o)
                0x002002a8                openstack_init
 .text          0x00200314     0x2e08 build/OpenMote-CC2538_armgcc/openstack/libopenstack.a(IEEE802154Ecsl.o)
                0x00200314                ieee154e_init
                0x0020041c                isr_ieee154ecsl_newChannelSample
                0x00200480                isr_ieee154ecsl_timer
                0x0020067c                ieee154ecsl_startOfFrame
                0x002007b0                ieee154ecsl_endOfFrame
                0x002008ac                isr_ieee154ecsl_txtimer_cb
                0x002008f0                isr_ieee154ecsl_addPacketToQueueForTestingCslTx_cb
                0x00200a28                activity_csl_wakeup_ti1
                0x00200b60                activity_csl_wakeup_ti2
                0x00200d2c                activity_csl_wakeup_tie1
                0x00200d54                activity_csl_wakeup_ti3
                0x00200d7c                activity_csl_wakeup_tie2
                0x00200da4                activity_csl_wakeup_ti4
                0x00200de0                activity_csl_wakeup_tie3
                0x00200e08                activity_csl_wakeup_ti5
                0x00200e74                activity_csl_data_ti2
                0x00200ee4                activity_csl_data_tie1
                0x00200f10                activity_csl_data_ti3
                0x00200f38                activity_csl_data_tie2
                0x00200f64                activity_csl_data_ti4
                0x00200fa0                activity_csl_data_tie3
                0x00200fcc                activity_csl_data_ti5
                0x002010b8                activity_csl_data_ti6
                0x00201108                activity_csl_data_tie4
                0x00201134                activity_csl_data_ti7
                0x0020115c                activity_csl_data_tie5
                0x002011c0                activity_csl_data_ti8
                0x002011fc                activity_csl_data_tie6
                0x00201208                activity_csl_data_ti9
                0x002014c4                activity_csl_wakeup_ri1
                0x00201534                activity_csl_wakeup_ri2
                0x00201584                activity_csl_wakeup_rie1
                0x002015b4                activity_csl_wakeup_ri3
                0x002015dc                activity_csl_wakeup_rie2
                0x002015e8                activity_csl_wakeup_ri4
                0x00201630                activity_csl_wakeup_rie3
                0x00201660                activity_csl_wakeup_rie4
                0x00201688                activity_csl_wakeup_ri5
                0x00201958                activity_csl_data_ri2
                0x002019a8                activity_csl_data_rie1
                0x002019d8                activity_csl_data_ri3
                0x00201a00                activity_csl_data_rie2
                0x00201a0c                activity_csl_data_ri4
                0x00201a54                activity_csl_data_rie3
                0x00201a84                activity_csl_data_ri5
                0x00201d88                activity_csl_data_ri6
                0x00201fa4                activity_csl_data_rie4
                0x00201fd4                activity_csl_data_ri7
                0x00201ffc                activity_csl_data_rie5
                0x0020202c                activity_csl_data_ri8
                0x00202068                activity_csl_data_rie6
                0x00202098                activity_csl_data_ri9
                0x00202104                ieee802154_createWakeUpFrame
                0x002021cc                ieee802154_retrieveWakeUpFrame
                0x00202478                isValidRxFrame
                0x002024f4                isValidAck
                0x00202574                incrementAsnOffset
                0x0020265c                ieee154e_getAsn
                0x002026e8                synchronizeAck
                0x002027a0                changeIsSync
                0x002027e0                notif_sendDone
                0x0020282c                notif_receive
                0x00202878                resetStats
                0x002028e8                updateStats
                0x0020293c                changeState
                0x00202a70                debugPrint_asn
                0x00202ac4                debugPrint_isSync
                0x00202afc                debugPrint_macStats
                0x00202b1c                endOps
                0x00202ce4                ieee154e_isSynch
                0x00202cfc                ieee154e_processIEs
                0x00202f54                joinPriorityStoreFromAdv
                0x00202f8c                asnStoreFromAdv
                0x00203050                ieee154e_asnDiff
 .text          0x0020311c      0x63c build/OpenMote-CC2538_armgcc/openstack/libopenstack.a(adaptive_sync.o)
                0x0020311c                adaptive_sync_init
                0x00203170                adaptive_sync_indicateTimeCorrection
                0x002033b0                adaptive_sync_calculateCompensatedSlots
                0x00203548                adaptive_sync_countCompensationTimeout
                0x00203618                adaptive_sync_countCompensationTimeout_compoundSlots
                0x0020373c                adaptive_sync_driftChanged
 .text          0x00203758     0x1564 build/OpenMote-CC2538_armgcc/openstack/libopenstack.a(neighbors.o)
                0x00203758                neighbors_init
                0x002037a0                neighbors_getMyDAGrank
                0x002037b8                neighbors_getNumNeighbors
                0x00203810                neighbors_getPreferredParentEui64
                0x002039e0                neighbors_getKANeighbor
                0x00203abc                neighbors_isStableNeighbor
                0x00203b70                neighbors_isPreferredParent
                0x00203be0                neighbors_isNeighborWithLowerDAGrank
                0x00203c50                neighbors_isNeighborWithHigherDAGrank
                0x00203cc0                neighbors_indicateRx
                0x00203fe0                neighbors_indicateTx
                0x002041e8                neighbors_indicateRxDIO
                0x0020438c                neighbors_getNeighbor
                0x002043f8                neighbors_updateMyDAGrankAndNeighborPreference
                0x002045f8                neighbors_removeOld
                0x00204678                debugPrint_neighbors
                0x00204744                registerNewNeighbor
                0x00204a14                isNeighbor
                0x00204a5c                removeNeighbor
                0x00204c28                isThisRowMatching
 .text          0x00204cbc      0x8bc build/OpenMote-CC2538_armgcc/openstack/libopenstack.a(processIE.o)
                0x00204cbc                processIE_prependMLMEIE
                0x00204d10                processIE_prependSyncIE
                0x00204d84                processIE_prependSlotframeLinkIE
                0x00204f0c                processIE_prependOpcodeIE
                0x00204f8c                processIE_prependBandwidthIE
                0x00205028                processIE_prependSheduleIE
                0x002051dc                processIE_retrieveSlotframeLinkIE
                0x00205330                processIE_retrieveOpcodeIE
                0x00205368                processIE_retrieveBandwidthIE
                0x002053b8                processIE_retrieveSheduleIE
 .text          0x00205578      0xad0 build/OpenMote-CC2538_armgcc/openstack/libopenstack.a(schedule.o)
                0x00205578                schedule_init
                0x00205698                debugPrint_schedule
                0x002058a8                debugPrint_backoff
                0x002058ec                schedule_setFrameLength
                0x00205914                schedule_getSlotInfo
                0x0020599c                schedule_addActiveSlot
                0x00205acc                schedule_removeActiveSlot
                0x00205bcc                schedule_isSlotOffsetAvailable
                0x00205c24                schedule_syncSlotOffset
                0x00205c58                schedule_advanceSlot
                0x00205c80                schedule_getNextActiveSlotOffset
                0x00205cac                schedule_getFrameLength
                0x00205cd4                schedule_getType
                0x00205d00                schedule_getNeighbor
                0x00205d34                schedule_getChannelOffset
                0x00205d60                schedule_getOkToSend
                0x00205de8                schedule_resetBackoff
                0x00205e18                schedule_indicateRx
                0x00205e64                schedule_indicateTx
                0x00205fc4                schedule_resetEntry
 .text          0x00206048     0x14d8 build/OpenMote-CC2538_armgcc/openstack/libopenstack.a(sixtop.o)
                0x00206048                sixtop_init
                0x00206104                sixtop_setKaPeriod
                0x0020613c                sixtop_addCells
                0x002062a0                sixtop_removeCell
                0x002063e4                sixtop_send
                0x0020643c                task_sixtopNotifSendDone
                0x00206554                task_sixtopNotifReceive
                0x00206654                debugPrint_myDAGrank
                0x00206688                debugPrint_kaPeriod
                0x002066bc                sixtop_send_internal
                0x00206778                sixtop_maintenance_timer_cb
                0x00206790                sixtop_timeout_timer_cb
                0x002067a8                timer_sixtop_management_fired
                0x00206814                sixtop_sendEB
                0x00206900                sixtop_sendKA
                0x002069d4                timer_sixtop_six2six_timeout_fired
                0x002069ec                sixtop_six2six_sendDone
                0x00206bc0                sixtop_processIEs
                0x00206e00                sixtop_notifyReceiveCommand
                0x00206eac                sixtop_notifyReceiveLinkRequest
                0x00206f44                sixtop_linkResponse
                0x00207054                sixtop_notifyReceiveLinkResponse
                0x002070f8                sixtop_notifyReceiveRemoveLinkRequest
                0x00207148                sixtop_candidateAddCellList
                0x00207208                sixtop_candidateRemoveCellList
                0x002072c0                sixtop_addCellsByState
                0x002073ec                sixtop_removeCellsByState
                0x0020744c                sixtop_areAvailableCellsToBeScheduled
 .text          0x00207520      0xd88 build/OpenMote-CC2538_armgcc/openstack/libopenstack.a(iphc.o)
                0x00207520                iphc_init
                0x0020752c                iphc_sendFromForwarding
                0x002077a0                iphc_sendFromBridge
                0x002077ec                iphc_sendDone
                0x00207828                iphc_receive
                0x002078c0                iphc_prependIPv6Header
                0x00207cdc                iphc_retrieveIPv6Header
                0x00208274                iphc_prependIPv6HopByHopHeader
                0x00208290                iphc_retrieveIPv6HopByHopHeader
 .text          0x002082a8      0x1e4 build/OpenMote-CC2538_armgcc/openstack/libopenstack.a(openbridge.o)
                0x002082a8                openbridge_init
                0x002082b4                openbridge_triggerData
                0x002083dc                openbridge_sendDone
                0x0020841c                openbridge_receive
 .text          0x0020848c      0x740 build/OpenMote-CC2538_armgcc/openstack/libopenstack.a(forwarding.o)
                0x0020848c                forwarding_init
                0x00208498                forwarding_send
                0x00208558                forwarding_sendDone
                0x002085dc                forwarding_receive
                0x00208798                forwarding_getNextHop
                0x00208804                forwarding_send_internal_RoutingTable
                0x00208868                forwarding_send_internal_SourceRouting
                0x00208b44                forwarding_createRplOption
                0x00208b88                forwarding_createFlowLabel
 .text          0x00208bcc      0x100 build/OpenMote-CC2538_armgcc/openstack/libopenstack.a(icmpv6.o)
                0x00208bcc                icmpv6_init
                0x00208bd8                icmpv6_send
                0x00208c04                icmpv6_sendDone
                0x00208c68                icmpv6_receive
 .text          0x00208ccc      0x340 build/OpenMote-CC2538_armgcc/openstack/libopenstack.a(icmpv6echo.o)
                0x00208ccc                icmpv6echo_init
                0x00208cf4                icmpv6echo_trigger
                0x00208e68                icmpv6echo_sendDone
                0x00208eb4                icmpv6echo_receive
 .text          0x0020900c      0x9c8 build/OpenMote-CC2538_armgcc/openstack/libopenstack.a(icmpv6rpl.o)
                0x0020900c                icmpv6rpl_init
                0x002092a0                icmpv6rpl_writeDODAGid
                0x002092e0                icmpv6rpl_getRPLIntanceID
                0x002092f8                icmpv6rpl_sendDone
                0x00209344                icmpv6rpl_receive
                0x002093f4                icmpv6rpl_timer_DIO_cb
                0x0020940c                icmpv6rpl_timer_DIO_task
                0x002094a0                sendDIO
                0x0020962c                icmpv6rpl_timer_DAO_cb
                0x00209644                icmpv6rpl_timer_DAO_task
                0x002096e0                sendDAO
 .text          0x002099d4      0x7dc build/OpenMote-CC2538_armgcc/openstack/libopenstack.a(opencoap.o)
                0x002099d4                opencoap_init
                0x002099fc                opencoap_receive
                0x00209f2c                opencoap_sendDone
                0x00209fb0                opencoap_writeLinks
                0x0020a08c                opencoap_register
                0x0020a0e4                opencoap_send
 .text          0x0020a1b0     0x1574 build/OpenMote-CC2538_armgcc/openstack/libopenstack.a(opentcp.o)
                0x0020a1b0                opentcp_init
                0x0020a1d0                opentcp_connect
                0x0020a2f0                opentcp_send
                0x0020a42c                opentcp_sendDone
                0x0020a684                opentcp_receive
                0x0020b25c                opentcp_close
                0x0020b360                tcp_debugPrint
                0x0020b370                timers_tcp_fired
                0x0020b37c                prependTCPHeader
                0x0020b4dc                containsControlBits
                0x0020b600                opentcp_reset
                0x0020b66c                tcp_change_state
                0x0020b70c                opentcp_timer_cb
 .text          0x0020b724      0x2e4 build/OpenMote-CC2538_armgcc/openstack/libopenstack.a(openudp.o)
                0x0020b724                openudp_init
                0x0020b730                openudp_send
                0x0020b7c0                openudp_sendDone
                0x0020b820                openudp_receive
                0x0020b9f8                openudp_debugPrint
 .text          0x0020ba08      0x4e0 build/OpenMote-CC2538_armgcc/openstack/libopenstack.a(idmanager.o)
                0x0020ba08                idmanager_init
                0x0020baa8                idmanager_getIsDAGroot
                0x0020bad0                idmanager_setIsDAGroot
                0x0020bafc                idmanager_getMyID
                0x0020bb88                idmanager_setMyID
                0x0020bc7c                idmanager_isMyAddress
                0x0020bd84                idmanager_triggerAboutRoot
                0x0020be60                debugPrint_id
 .text          0x0020bee8      0x854 build/OpenMote-CC2538_armgcc/openstack/libopenstack.a(openqueue.o)
                0x0020bee8                openqueue_init
                0x0020bf2c                debugPrint_queue
                0x0020bfbc                openqueue_getFreePacketBuffer
                0x0020c088                openqueue_freePacketBuffer
                0x0020c148                openqueue_removeAllCreatedBy
                0x0020c1b8                openqueue_removeAllOwnedBy
                0x0020c228                openqueue_sixtopGetSentPacket
                0x0020c2b4                openqueue_sixtopGetReceivedPacket
                0x0020c340                openqueue_macGetDataPacket
                0x0020c4a8                openqueue_macGetAdvPacket
                0x0020c55c                openqueue_reset_entry
 .text          0x0020c73c       0xf8 build/OpenMote-CC2538_armgcc/openstack/libopenstack.a(openrandom.o)
                0x0020c73c                openrandom_init
                0x0020c7a0                openrandom_get16b
 .text          0x0020c834      0xb44 build/OpenMote-CC2538_armgcc/openstack/libopenstack.a(packetfunctions.o)
                0x0020c834                packetfunctions_ip128bToMac64b
                0x0020c8b0                packetfunctions_mac64bToIp128b
                0x0020c92c                packetfunctions_mac64bToMac16b
                0x0020c980                packetfunctions_mac16bToMac64b
                0x0020ca04                packetfunctions_isBroadcastMulticast
                0x0020ca9c                packetfunctions_isAllRoutersMulticast
                0x0020cb44                packetfunctions_isAllHostsMulticast
                0x0020cbec                packetfunctions_sameAddress
                0x0020cc98                packetfunctions_readAddress
                0x0020cd54                packetfunctions_writeAddress
                0x0020ce20                packetfunctions_reserveHeaderSize
                0x0020ce74                packetfunctions_tossHeader
                0x0020cec4                packetfunctions_reserveFooterSize
                0x0020cf08                packetfunctions_tossFooter
                0x0020cf48                packetfunctions_calculateCRC
                0x0020cffc                packetfunctions_checkCRC
                0x0020d0c8                packetfunctions_calculateChecksum
                0x0020d1c8                onesComplementSum
                0x0020d284                packetfunctions_htons
                0x0020d2b4                packetfunctions_ntohs
                0x0020d2e0                packetfunctions_htonl
                0x0020d334                packetfunctions_ntohl
 .text          0x0020d378      0x538 build/OpenMote-CC2538_armgcc/openstack/libopenstack.a(IEEE802154.o)
                0x0020d378                ieee802154_prependHeader
                0x0020d4f8                ieee802154_retrieveHeader
 .text          0x0020d8b0       0xa8 build/OpenMote-CC2538_armgcc/openstack/libopenstack.a(otf.o)
                0x0020d8b0                otf_init
                0x0020d8bc                otf_notif_addedCell
                0x0020d8d4                otf_notif_removedCell
                0x0020d8ec                otf_addCell_task
                0x0020d924                otf_removeCell_task
 .text          0x0020d958       0x18 build/OpenMote-CC2538_armgcc/openstack/libopenstack.a(topology.o)
                0x0020d958                topology_isAcceptablePacket
 .text          0x0020d970       0x20 build/OpenMote-CC2538_armgcc/openapps/libopenapps.a(openapps_dyn.o)
                0x0020d970                openapps_init
 .text          0x0020d990      0x1a0 build/OpenMote-CC2538_armgcc/openapps/libopenapps.a(c6t.o)
                0x0020d990                c6t_init
                0x0020da20                c6t_receive
                0x0020db14                c6t_sendDone
 .text          0x0020db30      0x20c build/OpenMote-CC2538_armgcc/openapps/libopenapps.a(cinfo.o)
                0x0020db30                cinfo_init
                0x0020dbc0                cinfo_receive
                0x0020dd20                cinfo_sendDone
 .text          0x0020dd3c      0x170 build/OpenMote-CC2538_armgcc/openapps/libopenapps.a(cleds.o)
                0x0020dd3c                cleds__init
                0x0020ddbc                cleds_receive
                0x0020de90                cleds_sendDone
 .text          0x0020deac      0x138 build/OpenMote-CC2538_armgcc/openapps/libopenapps.a(cwellknown.o)
                0x0020deac                cwellknown_init
                0x0020df40                cwellknown_receive
                0x0020dfc8                cwellknown_sendDone
 .text          0x0020dfe4       0xd4 build/OpenMote-CC2538_armgcc/openapps/libopenapps.a(techo.o)
                0x0020dfe4                techo_init
                0x0020dff0                techo_shouldIlisten
                0x0020e000                techo_receive
                0x0020e050                techo_sendDone
                0x0020e094                techo_connectDone
                0x0020e0a8                techo_debugPrint
 .text          0x0020e0b8       0xf4 build/OpenMote-CC2538_armgcc/openapps/libopenapps.a(uecho.o)
                0x0020e0b8                uecho_init
                0x0020e0c4                uecho_receive
                0x0020e180                uecho_sendDone
                0x0020e19c                uecho_debugPrint
 .text          0x0020e1ac      0x188 build/OpenMote-CC2538_armgcc/kernel/openos/libkernel.a(scheduler.o)
                0x0020e1ac                scheduler_init
                0x0020e1dc                scheduler_start
                0x0020e254                scheduler_push_task
 .text          0x0020e334      0xd00 build/OpenMote-CC2538_armgcc/drivers/libdrivers.a(openserial.o)
                0x0020e334                openserial_init
                0x0020e470                openserial_printStatus
                0x0020e508                openserial_printInfoErrorCritical
                0x0020e5b4                openserial_printData
                0x0020e674                openserial_printInfo
                0x0020e6a0                openserial_printError
                0x0020e6d0                openserial_printCritical
                0x0020e718                openserial_getNumDataBytes
                0x0020e744                openserial_getInputBuffer
                0x0020e7b8                openserial_startInput
                0x0020e85c                openserial_startOutput
                0x0020ea14                openserial_stop
                0x0020eb20                debugPrint_outBufferIndexes
                0x0020eb6c                outputHdlcOpen
                0x0020ebb8                outputHdlcWrite
                0x0020ec68                outputHdlcClose
                0x0020ecd4                inputHdlcOpen
                0x0020ecfc                inputHdlcWrite
                0x0020eda0                inputHdlcClose
                0x0020ede8                isr_openserial_tx
                0x0020eec8                isr_openserial_rx
                0x0020f000                openserial_echo
 .text          0x0020f034      0xdec build/OpenMote-CC2538_armgcc/drivers/libdrivers.a(opentimers.o)
                0x0020f034                opentimers_init
                0x0020f13c                opentimers_start
                0x0020f43c                opentimers_setPeriod
                0x0020f5ac                opentimers_stop
                0x0020f5e4                opentimers_restart
                0x0020f61c                opentimers_timer_callback
                0x0020fa4c                opentimers_sleepTimeCompesation
 .text          0x0020fe20       0x3c build/OpenMote-CC2538_armgcc/drivers/libdrivers.a(openhdlc.o)
                0x0020fe20                crcIteration
 .text          0x0020fe5c      0x428 build/OpenMote-CC2538_armgcc/bsp/boards/OpenMote-CC2538/libbsp.a(board.o)
                0x0020fe5c                main
                0x0020fe6c                board_init
                0x0020fea4                button_init
                0x0020ff04                GPIO_C_Isr_Handler
                0x0020ff20                antenna_init
                0x0020ff70                antenna_external
                0x0020ffa0                antenna_internal
                0x0020ffd0                board_sleep
                0x0020ffe4                board_reset
 .text          0x00210284      0x194 build/OpenMote-CC2538_armgcc/bsp/boards/OpenMote-CC2538/libbsp.a(bsp_timer.o)
                0x00210284                bsp_timer_init
                0x002102b0                bsp_timer_set_callback
                0x002102d0                bsp_timer_reset
                0x002102f8                bsp_timer_scheduleIn
                0x002103c4                bsp_timer_cancel_schedule
                0x002103d4                bsp_timer_get_currentValue
                0x002103e4                bsp_timer_isr_private
                0x00210400                bsp_timer_isr
 .text          0x00210418      0x26c build/OpenMote-CC2538_armgcc/bsp/boards/OpenMote-CC2538/libbsp.a(debugpins.o)
                0x00210418                debugpins_init
                0x00210468                debugpins_frame_toggle
                0x00210480                debugpins_frame_clr
                0x0021049c                debugpins_frame_set
                0x002104b8                debugpins_slot_toggle
                0x002104d0                debugpins_slot_clr
                0x002104ec                debugpins_slot_set
                0x00210508                debugpins_fsm_toggle
                0x00210520                debugpins_fsm_clr
                0x0021053c                debugpins_fsm_set
                0x00210558                debugpins_task_toggle
                0x00210570                debugpins_task_clr
                0x0021058c                debugpins_task_set
                0x002105a8                debugpins_isr_toggle
                0x002105c0                debugpins_isr_clr
                0x002105dc                debugpins_isr_set
                0x002105f8                debugpins_radio_toggle
                0x00210610                debugpins_radio_clr
                0x0021062c                debugpins_radio_set
                0x00210648                bspDBpinToggle
 .text          0x00210684       0x78 build/OpenMote-CC2538_armgcc/bsp/boards/OpenMote-CC2538/libbsp.a(eui64.o)
                0x00210684                eui64_get
 .text          0x002106fc      0x240 build/OpenMote-CC2538_armgcc/bsp/boards/OpenMote-CC2538/libbsp.a(i2c.o)
                0x002106fc                i2c_init
                0x002107b0                i2c_read_byte
                0x002107f0                i2c_read_bytes
                0x00210864                i2c_write_byte
                0x002108a4                i2c_write_bytes
 .text          0x0021093c      0x358 build/OpenMote-CC2538_armgcc/bsp/boards/OpenMote-CC2538/libbsp.a(leds.o)
                0x0021093c                leds_init
                0x00210968                leds_error_on
                0x00210978                leds_error_off
                0x00210988                leds_error_toggle
                0x00210998                leds_error_isOn
                0x002109c4                leds_sync_on
                0x002109d4                leds_sync_off
                0x002109e4                leds_sync_toggle
                0x002109f4                leds_sync_isOn
                0x00210a24                leds_sync_blink
                0x00210a88                leds_radio_on
                0x00210a98                leds_radio_off
                0x00210aa8                leds_radio_toggle
                0x00210ab8                leds_radio_isOn
                0x00210ae8                leds_debug_on
                0x00210af8                leds_debug_off
                0x00210b08                leds_debug_toggle
                0x00210b18                leds_debug_isOn
                0x00210b48                leds_all_on
                0x00210b58                leds_all_off
                0x00210b68                leds_all_toggle
                0x00210b78                leds_error_blink
                0x00210be4                leds_circular_shift
                0x00210bf0                leds_increment
                0x00210bfc                bspLedSet
                0x00210c24                bspLedClear
                0x00210c4c                bspLedToggle
 .text          0x00210c94      0x9f8 build/OpenMote-CC2538_armgcc/bsp/boards/OpenMote-CC2538/libbsp.a(radio.o)
                0x00210c94                radio_init
                0x00210e80                radio_setOverflowCb
                0x00210e98                radio_setCompareCb
                0x00210eb0                radio_setStartFrameCb
                0x00210ed0                radio_setEndFrameCb
                0x00210ef0                radio_reset
                0x00210f64                radio_startTimer
                0x00210f7c                radio_getTimerValue
                0x00210f8c                radio_setTimerPeriod
                0x00210fa4                radio_getTimerPeriod
                0x00210fb4                radio_setFrequency
                0x0021100c                radio_rfOn
                0x00211018                radio_rfOff
                0x0021104c                radio_loadPacket
                0x002110ec                radio_txEnable
                0x00211118                radio_txNow
                0x0021117c                radio_rxEnable
                0x002111a8                radio_rxNow
                0x002111f0                radio_getReceivedFrame
                0x00211318                radio_getWakeUpFrame
                0x0021143c                enable_radio_interrupts
                0x00211478                disable_radio_interrupts
                0x002114a0                radio_on
                0x002114b8                radio_off
                0x00211500                radio_isr
                0x00211510                radio_isr_internal
                0x0021164c                radio_error_isr
 .text          0x0021168c      0x518 build/OpenMote-CC2538_armgcc/bsp/boards/OpenMote-CC2538/libbsp.a(radiotimer.o)
                0x0021168c                radiotimer_init
                0x002116a8                radiotimer_setOverflowCb
                0x002116c8                radiotimer_setCompareCb
                0x002116e8                radiotimer_setStartFrameCb
                0x002116f4                radiotimer_setEndFrameCb
                0x00211700                radiotimer_start
                0x0021183c                radiotimer_getValue
                0x00211898                radiotimer_setPeriod
                0x002118f0                radiotimer_getPeriod
                0x0021194c                radiotimer_schedule
                0x002119cc                radiotimer_cancel
                0x00211a34                radiotimer_getCapturedTime
                0x00211a90                get_real_counter
                0x00211adc                radiotimer_isr_private
                0x00211af0                radiotimer_isr
 .text          0x00211ba4       0xa0 build/OpenMote-CC2538_armgcc/bsp/boards/OpenMote-CC2538/libbsp.a(startup_gcc.o)
                0x00211ba4                NmiSR
                0x00211bb0                FaultISR
                0x00211bb8                IntDefaultHandler
                0x00211bc0                ResetISR
 .text          0x00211c44      0x278 build/OpenMote-CC2538_armgcc/bsp/boards/OpenMote-CC2538/libbsp.a(uart.o)
                0x00211c44                uart_init
                0x00211d38                uart_setCallbacks
                0x00211d64                uart_enableInterrupts
                0x00211d7c                uart_disableInterrupts
                0x00211d94                uart_clearRxInterrupts
                0x00211dac                uart_clearTxInterrupts
                0x00211dc4                uart_writeByte
                0x00211de8                uart_readByte
                0x00211e64                uart_tx_isr
                0x00211e90                uart_rx_isr
 .text          0x00211ebc      0x268 build/OpenMote-CC2538_armgcc/bsp/boards/OpenMote-CC2538/libbsp.a(flash.o)
                0x00211ebc                FlashMainPageErase
                0x00211ef4                FlashUpperPageErase
                0x00211f38                FlashMainPageProgram
                0x00211f74                FlashUpperPageProgram
                0x00211fc8                FlashGet
                0x00211fe0                FlashCacheModeGet
                0x00211ffc                FlashCacheModeSet
                0x00212048                FlashSizeGet
                0x002120c8                FlashSramSizeGet
 .text          0x00212124      0x908 build/OpenMote-CC2538_armgcc/bsp/boards/OpenMote-CC2538/libbsp.a(gpio.o)
                0x00212124                GPIOGetIntNumber
                0x002121a4                GPIODirModeSet
                0x00212220                GPIODirModeGet
                0x00212280                GPIOIntTypeSet
                0x00212330                GPIOIntTypeGet
                0x002123b0                GPIOPinIntEnable
                0x002123dc                GPIOPinIntDisable
                0x0021240c                GPIOPinIntStatus
                0x0021243c                GPIOPinIntClear
                0x0021245c                GPIOPortIntRegister
                0x00212484                GPIOPortIntUnregister
                0x002124a8                GPIOPinRead
                0x002124d0                GPIOPinWrite
                0x002124fc                GPIOPinTypeGPIOInput
                0x0021252c                GPIOPinTypeGPIOOutput
                0x0021255c                GPIOPinTypeI2C
                0x0021258c                GPIOPinTypeSSI
                0x002125bc                GPIOPinTypeTimer
                0x002125ec                GPIOPinTypeUARTInput
                0x0021261c                GPIOPinTypeUARTOutput
                0x0021264c                GPIOPowIntTypeSet
                0x002126f8                GPIOPowIntTypeGet
                0x00212790                GPIOPowIntEnable
                0x0021281c                GPIOPowIntDisable
                0x002128ac                GPIOPowIntStatus
                0x00212944                GPIOPowIntClear
                0x002129d0                GPIOIntWakeupEnable
                0x002129fc                GPIOIntWakeupDisable
 .text          0x00212a2c      0x4d8 build/OpenMote-CC2538_armgcc/bsp/boards/OpenMote-CC2538/libbsp.a(i2c.o)
                0x00212a2c                I2CMasterInitExpClk
                0x00212a9c                I2CSlaveInit
                0x00212ac0                I2CMasterEnable
                0x00212ae4                I2CSlaveEnable
                0x00212b14                I2CMasterDisable
                0x00212b38                I2CSlaveDisable
                0x00212b68                I2CIntRegister
                0x00212b8c                I2CIntUnregister
                0x00212ba4                I2CMasterIntEnable
                0x00212bbc                I2CSlaveIntEnable
                0x00212be0                I2CSlaveIntEnableEx
                0x00212c0c                I2CMasterIntDisable
                0x00212c24                I2CSlaveIntDisable
                0x00212c48                I2CSlaveIntDisableEx
                0x00212c78                I2CMasterIntStatus
                0x00212cc0                I2CSlaveIntStatus
                0x00212d08                I2CSlaveIntStatusEx
                0x00212d3c                I2CMasterIntClear
                0x00212d64                I2CSlaveIntClear
                0x00212d7c                I2CSlaveIntClearEx
                0x00212d9c                I2CMasterSlaveAddrSet
                0x00212dc8                I2CMasterBusy
                0x00212df0                I2CMasterBusBusy
                0x00212e18                I2CMasterControl
                0x00212e38                I2CMasterErr
                0x00212e7c                I2CMasterDataPut
                0x00212e9c                I2CMasterDataGet
                0x00212eb4                I2CSlaveStatus
                0x00212ecc                I2CSlaveDataPut
                0x00212eec                I2CSlaveDataGet
 .text          0x00212f04      0x568 build/OpenMote-CC2538_armgcc/bsp/boards/OpenMote-CC2538/libbsp.a(interrupt.o)
                0x00212f0c                IntMasterEnable
                0x00212f24                IntMasterDisable
                0x00212f3c                IntRegister
                0x00212fc8                IntUnregister
                0x00212ff0                IntPriorityGroupingSet
                0x00213024                IntPriorityGroupingGet
                0x00213078                IntPrioritySet
                0x002130ec                IntPriorityGet
                0x00213124                IntEnable
                0x002131e8                IntDisable
                0x002132ac                IntPendSet
                0x00213350                IntPendClear
                0x002133d4                IntPriorityMaskSet
                0x002133ec                IntPriorityMaskGet
                0x002133fc                IntAltMapEnable
                0x00213420                IntAltMapDisable
                0x00213444                IntAltMapIsEnabled
 .text          0x0021346c      0x66c build/OpenMote-CC2538_armgcc/bsp/boards/OpenMote-CC2538/libbsp.a(ioc.o)
                0x0021346c                IOCPinConfigPeriphOutput
                0x00213554                IOCPinConfigPeriphInput
                0x0021375c                IOCPadConfigSet
                0x00213844                IOCPadConfigGet
 .text          0x00213ad8      0x1f8 build/OpenMote-CC2538_armgcc/bsp/boards/OpenMote-CC2538/libbsp.a(sleepmode.o)
                0x00213ad8                SleepModeIntRegister
                0x00213afc                SleepModeIntUnregister
                0x00213b14                SleepModeTimerCountGet
                0x00213b70                SleepModeCaptureConfig
                0x00213bb0                SleepModeTimerCompareSet
                0x00213c18                SleepModeCaptureGet
                0x00213c74                SleepModeCaptureIsValid
                0x00213ca0                SleepModeCaptureNew
 .text          0x00213cd0      0x794 build/OpenMote-CC2538_armgcc/bsp/boards/OpenMote-CC2538/libbsp.a(sys_ctrl.o)
                0x00213cd0                SysCtrlClockSet
                0x00213db4                SysCtrlClockGet
                0x00213e70                SysCtrlIOClockSet
                0x00213eb0                SysCtrlIOClockGet
                0x00213f70                SysCtrlDelay
                0x00213f78                SysCtrlReset
                0x00213f8c                SysCtrlSleep
                0x00213f98                SysCtrlDeepSleep
                0x002140a8                SysCtrlPeripheralPresent
                0x00214138                SysCtrlPeripheralReset
                0x002141e8                SysCtrlPeripheralEnable
                0x0021423c                SysCtrlPeripheralDisable
                0x00214294                SysCtrlPeripheralSleepEnable
                0x002142e8                SysCtrlPeripheralSleepDisable
                0x00214340                SysCtrlPeripheralDeepSleepEnable
                0x00214394                SysCtrlPeripheralDeepSleepDisable
                0x002143ec                SysCtrlPowerModeSet
                0x0021440c                SysCtrlPowerModeGet
                0x00214434                SysCtrlClockLossDetectEnable
 .text          0x00214464      0x7b0 build/OpenMote-CC2538_armgcc/bsp/boards/OpenMote-CC2538/libbsp.a(uarthal.o)
                0x00214464                UARTParityModeSet
                0x00214490                UARTParityModeGet
                0x002144b0                UARTFIFOLevelSet
                0x002144d4                UARTFIFOLevelGet
                0x00214508                UARTConfigSetExpClk
                0x002145ac                UARTConfigGetExpClk
                0x0021461c                UARTEnable
                0x0021465c                UARTDisable
                0x002146b0                UARTFIFOEnable
                0x002146d8                UARTFIFODisable
                0x00214700                UARTEnableSIR
                0x00214748                UARTDisableSIR
                0x00214770                UARTTxIntModeSet
                0x0021479c                UARTTxIntModeGet
                0x002147bc                UARTCharsAvail
                0x002147e8                UARTSpaceAvail
                0x00214814                UARTCharGetNonBlocking
                0x00214844                UARTCharGet
                0x00214870                UARTCharPutNonBlocking
                0x002148a8                UARTCharPut
                0x002148d8                UARTBreakCtl
                0x00214918                UARTBusy
                0x00214944                UARTIntRegister
                0x00214980                UARTIntUnregister
                0x002149b8                UARTIntEnable
                0x002149e0                UARTIntDisable
                0x00214a0c                UARTIntStatus
                0x00214a3c                UARTIntClear
                0x00214a5c                UARTDMAEnable
                0x00214a84                UARTDMADisable
                0x00214ab0                UARTRxErrorGet
                0x00214ad0                UARTRxErrorClear
                0x00214af0                UARTClockSourceSet
                0x00214b10                UARTClockSourceGet
                0x00214b2c                UART9BitEnable
                0x00214b54                UART9BitDisable
                0x00214b7c                UART9BitAddrSet
                0x00214bac                UART9BitAddrSend
 .text          0x00214c14       0x44 build/OpenMote-CC2538_armgcc/bsp/boards/OpenMote-CC2538/libbsp.a(cpu.o)
                0x00214c14                CPUcpsid
                0x00214c20                CPUprimask
                0x00214c2c                CPUcpsie
                0x00214c38                CPUwfi
                0x00214c3c                CPUwfe
                0x00214c40                CPUsev
                0x00214c44                CPUbasepriSet
                0x00214c4c                CPUbasepriGet
 .text          0x00214c58      0x21c /opt/gcc-arm-none-eabi-4_7-2013q3/bin/../lib/gcc/arm-none-eabi/4.7.4/armv7-m/libgcc.a(_arm_addsubsf3.o)
                0x00214c58                __aeabi_frsub
                0x00214c60                __subsf3
                0x00214c60                __aeabi_fsub
                0x00214c64                __aeabi_fadd
                0x00214c64                __addsf3
                0x00214dc4                __aeabi_ui2f
                0x00214dc4                __floatunsisf
                0x00214dcc                __aeabi_i2f
                0x00214dcc                __floatsisf
                0x00214de8                __floatundisf
                0x00214de8                __aeabi_ul2f
                0x00214df8                __floatdisf
                0x00214df8                __aeabi_l2f
 .text          0x00214e74      0x2a0 /opt/gcc-arm-none-eabi-4_7-2013q3/bin/../lib/gcc/arm-none-eabi/4.7.4/armv7-m/libgcc.a(_arm_muldivsf3.o)
                0x00214e74                __mulsf3
                0x00214e74                __aeabi_fmul
                0x00214fdc                __divsf3
                0x00214fdc                __aeabi_fdiv
 .text          0x00215114       0x40 /opt/gcc-arm-none-eabi-4_7-2013q3/bin/../lib/gcc/arm-none-eabi/4.7.4/armv7-m/libgcc.a(_arm_fixunssfsi.o)
                0x00215114                __aeabi_f2uiz
                0x00215114                __fixunssfsi
 .text          0x00215154        0x0 /opt/gcc-arm-none-eabi-4_7-2013q3/bin/../lib/gcc/arm-none-eabi/4.7.4/../../../../arm-none-eabi/lib/armv7-m/libg.a(lib_a-memcmp.o)
 .text.memcmp   0x00215154       0xb8 /opt/gcc-arm-none-eabi-4_7-2013q3/bin/../lib/gcc/arm-none-eabi/4.7.4/../../../../arm-none-eabi/lib/armv7-m/libg.a(lib_a-memcmp.o)
                0x00215154                memcmp
 .text          0x0021520c        0x0 /opt/gcc-arm-none-eabi-4_7-2013q3/bin/../lib/gcc/arm-none-eabi/4.7.4/../../../../arm-none-eabi/lib/armv7-m/libg.a(lib_a-memcpy.o)
 .text.memcpy   0x0021520c      0x15c /opt/gcc-arm-none-eabi-4_7-2013q3/bin/../lib/gcc/arm-none-eabi/4.7.4/../../../../arm-none-eabi/lib/armv7-m/libg.a(lib_a-memcpy.o)
                0x0021520c                memcpy
 .text          0x00215368        0x0 /opt/gcc-arm-none-eabi-4_7-2013q3/bin/../lib/gcc/arm-none-eabi/4.7.4/../../../../arm-none-eabi/lib/armv7-m/libg.a(lib_a-memset.o)
 .text.memset   0x00215368      0x12c /opt/gcc-arm-none-eabi-4_7-2013q3/bin/../lib/gcc/arm-none-eabi/4.7.4/../../../../arm-none-eabi/lib/armv7-m/libg.a(lib_a-memset.o)
                0x00215368                memset
 *(.rodata*)
 .rodata        0x00215494       0x30 projects/common/03oos_openwsn/03oos_openwsn.o
 .rodata        0x002154c4       0x80 build/OpenMote-CC2538_armgcc/openstack/libopenstack.a(openstack.o)
 .rodata        0x00215544       0x40 build/OpenMote-CC2538_armgcc/openstack/libopenstack.a(IEEE802154Ecsl.o)
 .rodata        0x00215584       0x40 build/OpenMote-CC2538_armgcc/openstack/libopenstack.a(adaptive_sync.o)
 .rodata        0x002155c4       0x40 build/OpenMote-CC2538_armgcc/openstack/libopenstack.a(neighbors.o)
 .rodata        0x00215604       0x40 build/OpenMote-CC2538_armgcc/openstack/libopenstack.a(processIE.o)
 .rodata        0x00215644       0x30 build/OpenMote-CC2538_armgcc/openstack/libopenstack.a(schedule.o)
 .rodata        0x00215674       0x40 build/OpenMote-CC2538_armgcc/openstack/libopenstack.a(sixtop.o)
 .rodata        0x002156b4       0x40 build/OpenMote-CC2538_armgcc/openstack/libopenstack.a(iphc.o)
 .rodata        0x002156f4       0x30 build/OpenMote-CC2538_armgcc/openstack/libopenstack.a(openbridge.o)
 .rodata        0x00215724       0x40 build/OpenMote-CC2538_armgcc/openstack/libopenstack.a(forwarding.o)
 .rodata        0x00215764       0x40 build/OpenMote-CC2538_armgcc/openstack/libopenstack.a(icmpv6.o)
 .rodata        0x002157a4       0x30 build/OpenMote-CC2538_armgcc/openstack/libopenstack.a(icmpv6echo.o)
 .rodata        0x002157d4       0x40 build/OpenMote-CC2538_armgcc/openstack/libopenstack.a(icmpv6rpl.o)
 .rodata        0x00215814       0x70 build/OpenMote-CC2538_armgcc/openstack/libopenstack.a(opencoap.o)
 .rodata        0x00215884       0x30 build/OpenMote-CC2538_armgcc/openstack/libopenstack.a(opentcp.o)
 .rodata        0x002158b4       0x70 build/OpenMote-CC2538_armgcc/openstack/libopenstack.a(openudp.o)
 .rodata        0x00215924       0x40 build/OpenMote-CC2538_armgcc/openstack/libopenstack.a(idmanager.o)
 .rodata        0x00215964       0x30 build/OpenMote-CC2538_armgcc/openstack/libopenstack.a(openqueue.o)
 .rodata        0x00215994       0x30 build/OpenMote-CC2538_armgcc/openstack/libopenstack.a(openrandom.o)
 .rodata        0x002159c4       0x30 build/OpenMote-CC2538_armgcc/openstack/libopenstack.a(packetfunctions.o)
 .rodata        0x002159f4       0x30 build/OpenMote-CC2538_armgcc/openstack/libopenstack.a(IEEE802154.o)
 .rodata        0x00215a24       0x40 build/OpenMote-CC2538_armgcc/openstack/libopenstack.a(otf.o)
 .rodata        0x00215a64       0x30 build/OpenMote-CC2538_armgcc/openstack/libopenstack.a(topology.o)
 .rodata        0x00215a94       0x70 build/OpenMote-CC2538_armgcc/openapps/libopenapps.a(openapps_dyn.o)
 .rodata        0x00215b04       0x84 build/OpenMote-CC2538_armgcc/openapps/libopenapps.a(c6t.o)
                0x00215b84                c6t_path0
 .rodata        0x00215b88       0x74 build/OpenMote-CC2538_armgcc/openapps/libopenapps.a(cinfo.o)
                0x00215bf8                cinfo_path0
 .rodata        0x00215bfc       0x74 build/OpenMote-CC2538_armgcc/openapps/libopenapps.a(cleds.o)
                0x00215c6c                cleds_path0
 .rodata        0x00215c70       0x84 build/OpenMote-CC2538_armgcc/openapps/libopenapps.a(cwellknown.o)
                0x00215ce0                cwellknown_path0
                0x00215cec                cwellknown_path1
 .rodata        0x00215cf4       0x30 build/OpenMote-CC2538_armgcc/openapps/libopenapps.a(techo.o)
 .rodata        0x00215d24       0x30 build/OpenMote-CC2538_armgcc/openapps/libopenapps.a(uecho.o)
 .rodata        0x00215d54       0x30 build/OpenMote-CC2538_armgcc/kernel/openos/libkernel.a(scheduler.o)
 .rodata        0x00215d84      0x240 build/OpenMote-CC2538_armgcc/drivers/libdrivers.a(openserial.o)
 .rodata        0x00215fc4       0x30 build/OpenMote-CC2538_armgcc/drivers/libdrivers.a(opentimers.o)
 .rodata        0x00215ff4      0x230 build/OpenMote-CC2538_armgcc/drivers/libdrivers.a(openhdlc.o)
 .rodata        0x00216224       0x24 build/OpenMote-CC2538_armgcc/bsp/boards/OpenMote-CC2538/libbsp.a(board.o)
 .rodata        0x00216248       0x24 build/OpenMote-CC2538_armgcc/bsp/boards/OpenMote-CC2538/libbsp.a(bsp_timer.o)
 .rodata        0x0021626c       0x24 build/OpenMote-CC2538_armgcc/bsp/boards/OpenMote-CC2538/libbsp.a(debugpins.o)
 .rodata        0x00216290       0x24 build/OpenMote-CC2538_armgcc/bsp/boards/OpenMote-CC2538/libbsp.a(leds.o)
 .rodata        0x002162b4       0x24 build/OpenMote-CC2538_armgcc/bsp/boards/OpenMote-CC2538/libbsp.a(radio.o)
 .rodata        0x002162d8       0x24 build/OpenMote-CC2538_armgcc/bsp/boards/OpenMote-CC2538/libbsp.a(radiotimer.o)
 .rodata        0x002162fc       0x24 build/OpenMote-CC2538_armgcc/bsp/boards/OpenMote-CC2538/libbsp.a(uart.o)
 .rodata        0x00216320      0x114 build/OpenMote-CC2538_armgcc/bsp/boards/OpenMote-CC2538/libbsp.a(interrupt.o)
 .rodata        0x00216434      0x100 build/OpenMote-CC2538_armgcc/bsp/boards/OpenMote-CC2538/libbsp.a(ioc.o)
 .rodata        0x00216534       0x74 build/OpenMote-CC2538_armgcc/bsp/boards/OpenMote-CC2538/libbsp.a(sys_ctrl.o)
                0x002165a8                _etext = .

.glue_7         0x002165a8        0x0
 .glue_7        0x00000000        0x0 linker stubs

.glue_7t        0x002165a8        0x0
 .glue_7t       0x00000000        0x0 linker stubs

.vfp11_veneer   0x002165a8        0x0
 .vfp11_veneer  0x00000000        0x0 linker stubs

.v4_bx          0x002165a8        0x0
 .v4_bx         0x00000000        0x0 linker stubs

.iplt           0x002165a8        0x0
 .iplt          0x00000000        0x0 projects/common/03oos_openwsn/03oos_openwsn.o

.data           0x20004000      0x400 load address 0x002165a8
                0x20004000                _data = .
 *(vtable)
 vtable         0x20004000      0x400 build/OpenMote-CC2538_armgcc/bsp/boards/OpenMote-CC2538/libbsp.a(interrupt.o)
 *(.data*)
 .data          0x20004400        0x0 projects/common/03oos_openwsn/03oos_openwsn.o
 .data          0x20004400        0x0 build/OpenMote-CC2538_armgcc/openstack/libopenstack.a(openstack.o)
 .data          0x20004400        0x0 build/OpenMote-CC2538_armgcc/openstack/libopenstack.a(IEEE802154Ecsl.o)
 .data          0x20004400        0x0 build/OpenMote-CC2538_armgcc/openstack/libopenstack.a(adaptive_sync.o)
 .data          0x20004400        0x0 build/OpenMote-CC2538_armgcc/openstack/libopenstack.a(neighbors.o)
 .data          0x20004400        0x0 build/OpenMote-CC2538_armgcc/openstack/libopenstack.a(processIE.o)
 .data          0x20004400        0x0 build/OpenMote-CC2538_armgcc/openstack/libopenstack.a(schedule.o)
 .data          0x20004400        0x0 build/OpenMote-CC2538_armgcc/openstack/libopenstack.a(sixtop.o)
 .data          0x20004400        0x0 build/OpenMote-CC2538_armgcc/openstack/libopenstack.a(iphc.o)
 .data          0x20004400        0x0 build/OpenMote-CC2538_armgcc/openstack/libopenstack.a(openbridge.o)
 .data          0x20004400        0x0 build/OpenMote-CC2538_armgcc/openstack/libopenstack.a(forwarding.o)
 .data          0x20004400        0x0 build/OpenMote-CC2538_armgcc/openstack/libopenstack.a(icmpv6.o)
 .data          0x20004400        0x0 build/OpenMote-CC2538_armgcc/openstack/libopenstack.a(icmpv6echo.o)
 .data          0x20004400        0x0 build/OpenMote-CC2538_armgcc/openstack/libopenstack.a(icmpv6rpl.o)
 .data          0x20004400        0x0 build/OpenMote-CC2538_armgcc/openstack/libopenstack.a(opencoap.o)
 .data          0x20004400        0x0 build/OpenMote-CC2538_armgcc/openstack/libopenstack.a(opentcp.o)
 .data          0x20004400        0x0 build/OpenMote-CC2538_armgcc/openstack/libopenstack.a(openudp.o)
 .data          0x20004400        0x0 build/OpenMote-CC2538_armgcc/openstack/libopenstack.a(idmanager.o)
 .data          0x20004400        0x0 build/OpenMote-CC2538_armgcc/openstack/libopenstack.a(openqueue.o)
 .data          0x20004400        0x0 build/OpenMote-CC2538_armgcc/openstack/libopenstack.a(openrandom.o)
 .data          0x20004400        0x0 build/OpenMote-CC2538_armgcc/openstack/libopenstack.a(packetfunctions.o)
 .data          0x20004400        0x0 build/OpenMote-CC2538_armgcc/openstack/libopenstack.a(IEEE802154.o)
 .data          0x20004400        0x0 build/OpenMote-CC2538_armgcc/openstack/libopenstack.a(otf.o)
 .data          0x20004400        0x0 build/OpenMote-CC2538_armgcc/openstack/libopenstack.a(topology.o)
 .data          0x20004400        0x0 build/OpenMote-CC2538_armgcc/openapps/libopenapps.a(openapps_dyn.o)
 .data          0x20004400        0x0 build/OpenMote-CC2538_armgcc/openapps/libopenapps.a(c6t.o)
 .data          0x20004400        0x0 build/OpenMote-CC2538_armgcc/openapps/libopenapps.a(cinfo.o)
 .data          0x20004400        0x0 build/OpenMote-CC2538_armgcc/openapps/libopenapps.a(cleds.o)
 .data          0x20004400        0x0 build/OpenMote-CC2538_armgcc/openapps/libopenapps.a(cwellknown.o)
 .data          0x20004400        0x0 build/OpenMote-CC2538_armgcc/openapps/libopenapps.a(techo.o)
 .data          0x20004400        0x0 build/OpenMote-CC2538_armgcc/openapps/libopenapps.a(uecho.o)
 .data          0x20004400        0x0 build/OpenMote-CC2538_armgcc/kernel/openos/libkernel.a(scheduler.o)
 .data          0x20004400        0x0 build/OpenMote-CC2538_armgcc/drivers/libdrivers.a(openserial.o)
 .data          0x20004400        0x0 build/OpenMote-CC2538_armgcc/drivers/libdrivers.a(opentimers.o)
 .data          0x20004400        0x0 build/OpenMote-CC2538_armgcc/drivers/libdrivers.a(openhdlc.o)
 .data          0x20004400        0x0 build/OpenMote-CC2538_armgcc/bsp/boards/OpenMote-CC2538/libbsp.a(board.o)
 .data          0x20004400        0x0 build/OpenMote-CC2538_armgcc/bsp/boards/OpenMote-CC2538/libbsp.a(bsp_timer.o)
 .data          0x20004400        0x0 build/OpenMote-CC2538_armgcc/bsp/boards/OpenMote-CC2538/libbsp.a(debugpins.o)
 .data          0x20004400        0x0 build/OpenMote-CC2538_armgcc/bsp/boards/OpenMote-CC2538/libbsp.a(eui64.o)
 .data          0x20004400        0x0 build/OpenMote-CC2538_armgcc/bsp/boards/OpenMote-CC2538/libbsp.a(i2c.o)
 .data          0x20004400        0x0 build/OpenMote-CC2538_armgcc/bsp/boards/OpenMote-CC2538/libbsp.a(leds.o)
 .data          0x20004400        0x0 build/OpenMote-CC2538_armgcc/bsp/boards/OpenMote-CC2538/libbsp.a(radio.o)
 .data          0x20004400        0x0 build/OpenMote-CC2538_armgcc/bsp/boards/OpenMote-CC2538/libbsp.a(radiotimer.o)
 .data          0x20004400        0x0 build/OpenMote-CC2538_armgcc/bsp/boards/OpenMote-CC2538/libbsp.a(startup_gcc.o)
 .data          0x20004400        0x0 build/OpenMote-CC2538_armgcc/bsp/boards/OpenMote-CC2538/libbsp.a(uart.o)
 .data          0x20004400        0x0 build/OpenMote-CC2538_armgcc/bsp/boards/OpenMote-CC2538/libbsp.a(flash.o)
 .data          0x20004400        0x0 build/OpenMote-CC2538_armgcc/bsp/boards/OpenMote-CC2538/libbsp.a(gpio.o)
 .data          0x20004400        0x0 build/OpenMote-CC2538_armgcc/bsp/boards/OpenMote-CC2538/libbsp.a(i2c.o)
 .data          0x20004400        0x0 build/OpenMote-CC2538_armgcc/bsp/boards/OpenMote-CC2538/libbsp.a(interrupt.o)
 .data          0x20004400        0x0 build/OpenMote-CC2538_armgcc/bsp/boards/OpenMote-CC2538/libbsp.a(ioc.o)
 .data          0x20004400        0x0 build/OpenMote-CC2538_armgcc/bsp/boards/OpenMote-CC2538/libbsp.a(sleepmode.o)
 .data          0x20004400        0x0 build/OpenMote-CC2538_armgcc/bsp/boards/OpenMote-CC2538/libbsp.a(sys_ctrl.o)
 .data          0x20004400        0x0 build/OpenMote-CC2538_armgcc/bsp/boards/OpenMote-CC2538/libbsp.a(uarthal.o)
 .data          0x20004400        0x0 build/OpenMote-CC2538_armgcc/bsp/boards/OpenMote-CC2538/libbsp.a(cpu.o)
 .data          0x20004400        0x0 /opt/gcc-arm-none-eabi-4_7-2013q3/bin/../lib/gcc/arm-none-eabi/4.7.4/armv7-m/libgcc.a(_arm_addsubsf3.o)
 .data          0x20004400        0x0 /opt/gcc-arm-none-eabi-4_7-2013q3/bin/../lib/gcc/arm-none-eabi/4.7.4/armv7-m/libgcc.a(_arm_muldivsf3.o)
 .data          0x20004400        0x0 /opt/gcc-arm-none-eabi-4_7-2013q3/bin/../lib/gcc/arm-none-eabi/4.7.4/armv7-m/libgcc.a(_arm_fixunssfsi.o)
 .data          0x20004400        0x0 /opt/gcc-arm-none-eabi-4_7-2013q3/bin/../lib/gcc/arm-none-eabi/4.7.4/../../../../arm-none-eabi/lib/armv7-m/libg.a(lib_a-memcmp.o)
 .data          0x20004400        0x0 /opt/gcc-arm-none-eabi-4_7-2013q3/bin/../lib/gcc/arm-none-eabi/4.7.4/../../../../arm-none-eabi/lib/armv7-m/libg.a(lib_a-memcpy.o)
 .data          0x20004400        0x0 /opt/gcc-arm-none-eabi-4_7-2013q3/bin/../lib/gcc/arm-none-eabi/4.7.4/../../../../arm-none-eabi/lib/armv7-m/libg.a(lib_a-memset.o)
                0x20004400                _edata = .

.igot.plt       0x20004400        0x0 load address 0x002169a8
 .igot.plt      0x00000000        0x0 projects/common/03oos_openwsn/03oos_openwsn.o

.ARM.exidx
 *(.ARM.exidx*)

.bss            0x20004400     0x1990
                0x20004400                _bss = .
 *(.bss*)
 .bss           0x20004400        0x0 projects/common/03oos_openwsn/03oos_openwsn.o
 .bss           0x20004400        0x0 build/OpenMote-CC2538_armgcc/openstack/libopenstack.a(openstack.o)
 .bss           0x20004400        0x0 build/OpenMote-CC2538_armgcc/openstack/libopenstack.a(IEEE802154Ecsl.o)
 .bss           0x20004400        0x0 build/OpenMote-CC2538_armgcc/openstack/libopenstack.a(adaptive_sync.o)
 .bss           0x20004400        0x0 build/OpenMote-CC2538_armgcc/openstack/libopenstack.a(neighbors.o)
 .bss           0x20004400        0x0 build/OpenMote-CC2538_armgcc/openstack/libopenstack.a(processIE.o)
 .bss           0x20004400        0x0 build/OpenMote-CC2538_armgcc/openstack/libopenstack.a(schedule.o)
 .bss           0x20004400        0x0 build/OpenMote-CC2538_armgcc/openstack/libopenstack.a(sixtop.o)
 .bss           0x20004400        0x0 build/OpenMote-CC2538_armgcc/openstack/libopenstack.a(iphc.o)
 .bss           0x20004400        0x0 build/OpenMote-CC2538_armgcc/openstack/libopenstack.a(openbridge.o)
 .bss           0x20004400        0x0 build/OpenMote-CC2538_armgcc/openstack/libopenstack.a(forwarding.o)
 .bss           0x20004400        0x0 build/OpenMote-CC2538_armgcc/openstack/libopenstack.a(icmpv6.o)
 .bss           0x20004400        0x0 build/OpenMote-CC2538_armgcc/openstack/libopenstack.a(icmpv6echo.o)
 .bss           0x20004400        0x0 build/OpenMote-CC2538_armgcc/openstack/libopenstack.a(icmpv6rpl.o)
 .bss           0x20004400        0x0 build/OpenMote-CC2538_armgcc/openstack/libopenstack.a(opencoap.o)
 .bss           0x20004400        0x0 build/OpenMote-CC2538_armgcc/openstack/libopenstack.a(opentcp.o)
 .bss           0x20004400        0x0 build/OpenMote-CC2538_armgcc/openstack/libopenstack.a(openudp.o)
 .bss           0x20004400        0x0 build/OpenMote-CC2538_armgcc/openstack/libopenstack.a(idmanager.o)
 .bss           0x20004400        0x0 build/OpenMote-CC2538_armgcc/openstack/libopenstack.a(openqueue.o)
 .bss           0x20004400        0x0 build/OpenMote-CC2538_armgcc/openstack/libopenstack.a(openrandom.o)
 .bss           0x20004400        0x0 build/OpenMote-CC2538_armgcc/openstack/libopenstack.a(packetfunctions.o)
 .bss           0x20004400        0x0 build/OpenMote-CC2538_armgcc/openstack/libopenstack.a(IEEE802154.o)
 .bss           0x20004400        0x0 build/OpenMote-CC2538_armgcc/openstack/libopenstack.a(otf.o)
 .bss           0x20004400        0x0 build/OpenMote-CC2538_armgcc/openstack/libopenstack.a(topology.o)
 .bss           0x20004400        0x0 build/OpenMote-CC2538_armgcc/openapps/libopenapps.a(openapps_dyn.o)
 .bss           0x20004400        0x0 build/OpenMote-CC2538_armgcc/openapps/libopenapps.a(c6t.o)
 .bss           0x20004400        0x0 build/OpenMote-CC2538_armgcc/openapps/libopenapps.a(cinfo.o)
 .bss           0x20004400        0x0 build/OpenMote-CC2538_armgcc/openapps/libopenapps.a(cleds.o)
 .bss           0x20004400        0x0 build/OpenMote-CC2538_armgcc/openapps/libopenapps.a(cwellknown.o)
 .bss           0x20004400        0x0 build/OpenMote-CC2538_armgcc/openapps/libopenapps.a(techo.o)
 .bss           0x20004400        0x0 build/OpenMote-CC2538_armgcc/openapps/libopenapps.a(uecho.o)
 .bss           0x20004400        0x0 build/OpenMote-CC2538_armgcc/kernel/openos/libkernel.a(scheduler.o)
 .bss           0x20004400        0x0 build/OpenMote-CC2538_armgcc/drivers/libdrivers.a(openserial.o)
 .bss           0x20004400        0x0 build/OpenMote-CC2538_armgcc/drivers/libdrivers.a(opentimers.o)
 .bss           0x20004400        0x0 build/OpenMote-CC2538_armgcc/drivers/libdrivers.a(openhdlc.o)
 .bss           0x20004400        0x0 build/OpenMote-CC2538_armgcc/bsp/boards/OpenMote-CC2538/libbsp.a(board.o)
 .bss           0x20004400        0x0 build/OpenMote-CC2538_armgcc/bsp/boards/OpenMote-CC2538/libbsp.a(bsp_timer.o)
 .bss           0x20004400        0x0 build/OpenMote-CC2538_armgcc/bsp/boards/OpenMote-CC2538/libbsp.a(debugpins.o)
 .bss           0x20004400        0x0 build/OpenMote-CC2538_armgcc/bsp/boards/OpenMote-CC2538/libbsp.a(eui64.o)
 .bss           0x20004400        0x0 build/OpenMote-CC2538_armgcc/bsp/boards/OpenMote-CC2538/libbsp.a(i2c.o)
 .bss           0x20004400        0x0 build/OpenMote-CC2538_armgcc/bsp/boards/OpenMote-CC2538/libbsp.a(leds.o)
 .bss           0x20004400        0x0 build/OpenMote-CC2538_armgcc/bsp/boards/OpenMote-CC2538/libbsp.a(radio.o)
 .bss           0x20004400        0x0 build/OpenMote-CC2538_armgcc/bsp/boards/OpenMote-CC2538/libbsp.a(radiotimer.o)
 .bss           0x20004400      0x800 build/OpenMote-CC2538_armgcc/bsp/boards/OpenMote-CC2538/libbsp.a(startup_gcc.o)
 .bss           0x20004c00        0x0 build/OpenMote-CC2538_armgcc/bsp/boards/OpenMote-CC2538/libbsp.a(uart.o)
 .bss           0x20004c00        0x0 build/OpenMote-CC2538_armgcc/bsp/boards/OpenMote-CC2538/libbsp.a(flash.o)
 .bss           0x20004c00        0x0 build/OpenMote-CC2538_armgcc/bsp/boards/OpenMote-CC2538/libbsp.a(gpio.o)
 .bss           0x20004c00        0x0 build/OpenMote-CC2538_armgcc/bsp/boards/OpenMote-CC2538/libbsp.a(i2c.o)
 .bss           0x20004c00        0x0 build/OpenMote-CC2538_armgcc/bsp/boards/OpenMote-CC2538/libbsp.a(interrupt.o)
 .bss           0x20004c00        0x0 build/OpenMote-CC2538_armgcc/bsp/boards/OpenMote-CC2538/libbsp.a(ioc.o)
 .bss           0x20004c00        0x0 build/OpenMote-CC2538_armgcc/bsp/boards/OpenMote-CC2538/libbsp.a(sleepmode.o)
 .bss           0x20004c00        0x0 build/OpenMote-CC2538_armgcc/bsp/boards/OpenMote-CC2538/libbsp.a(sys_ctrl.o)
 .bss           0x20004c00        0x0 build/OpenMote-CC2538_armgcc/bsp/boards/OpenMote-CC2538/libbsp.a(uarthal.o)
 .bss           0x20004c00        0x0 build/OpenMote-CC2538_armgcc/bsp/boards/OpenMote-CC2538/libbsp.a(cpu.o)
 .bss           0x20004c00        0x0 /opt/gcc-arm-none-eabi-4_7-2013q3/bin/../lib/gcc/arm-none-eabi/4.7.4/armv7-m/libgcc.a(_arm_addsubsf3.o)
 .bss           0x20004c00        0x0 /opt/gcc-arm-none-eabi-4_7-2013q3/bin/../lib/gcc/arm-none-eabi/4.7.4/armv7-m/libgcc.a(_arm_muldivsf3.o)
 .bss           0x20004c00        0x0 /opt/gcc-arm-none-eabi-4_7-2013q3/bin/../lib/gcc/arm-none-eabi/4.7.4/armv7-m/libgcc.a(_arm_fixunssfsi.o)
 .bss           0x20004c00        0x0 /opt/gcc-arm-none-eabi-4_7-2013q3/bin/../lib/gcc/arm-none-eabi/4.7.4/../../../../arm-none-eabi/lib/armv7-m/libg.a(lib_a-memcmp.o)
 .bss           0x20004c00        0x0 /opt/gcc-arm-none-eabi-4_7-2013q3/bin/../lib/gcc/arm-none-eabi/4.7.4/../../../../arm-none-eabi/lib/armv7-m/libg.a(lib_a-memcpy.o)
 .bss           0x20004c00        0x0 /opt/gcc-arm-none-eabi-4_7-2013q3/bin/../lib/gcc/arm-none-eabi/4.7.4/../../../../arm-none-eabi/lib/armv7-m/libg.a(lib_a-memset.o)
 *(COMMON)
 COMMON         0x20004c00       0x70 build/OpenMote-CC2538_armgcc/openstack/libopenstack.a(IEEE802154Ecsl.o)
                0x20004c00                ieee154e_vars
                0x20004c4c                ieee154e_stats
                0x20004c5c                ieee154e_dbg
 COMMON         0x20004c70       0x2c build/OpenMote-CC2538_armgcc/openstack/libopenstack.a(adaptive_sync.o)
                0x20004c70                adaptive_sync_vars
 COMMON         0x20004c9c      0x15c build/OpenMote-CC2538_armgcc/openstack/libopenstack.a(neighbors.o)
                0x20004c9c                neighbors_vars
 COMMON         0x20004df8      0x150 build/OpenMote-CC2538_armgcc/openstack/libopenstack.a(schedule.o)
                0x20004df8                schedule_vars
 COMMON         0x20004f48        0xc build/OpenMote-CC2538_armgcc/openstack/libopenstack.a(sixtop.o)
                0x20004f48                sixtop_vars
 COMMON         0x20004f54       0x14 build/OpenMote-CC2538_armgcc/openstack/libopenstack.a(icmpv6echo.o)
                0x20004f54                icmpv6echo_vars
 COMMON         0x20004f68       0x54 build/OpenMote-CC2538_armgcc/openstack/libopenstack.a(icmpv6rpl.o)
                0x20004f68                icmpv6rpl_vars
 COMMON         0x20004fbc        0x8 build/OpenMote-CC2538_armgcc/openstack/libopenstack.a(opencoap.o)
                0x20004fbc                opencoap_vars
 COMMON         0x20004fc4       0x30 build/OpenMote-CC2538_armgcc/openstack/libopenstack.a(opentcp.o)
                0x20004fc4                tcp_vars
 COMMON         0x20004ff4       0x45 build/OpenMote-CC2538_armgcc/openstack/libopenstack.a(idmanager.o)
                0x20004ff4                idmanager_vars
 *fill*         0x20005039        0x3 00
 COMMON         0x2000503c      0x960 build/OpenMote-CC2538_armgcc/openstack/libopenstack.a(openqueue.o)
                0x2000503c                openqueue_vars
 COMMON         0x2000599c        0x2 build/OpenMote-CC2538_armgcc/openstack/libopenstack.a(openrandom.o)
                0x2000599c                random_vars
 *fill*         0x2000599e        0x2 00
 COMMON         0x200059a0       0x24 build/OpenMote-CC2538_armgcc/openapps/libopenapps.a(c6t.o)
                0x200059a0                c6t_vars
 COMMON         0x200059c4       0x24 build/OpenMote-CC2538_armgcc/openapps/libopenapps.a(cinfo.o)
                0x200059c4                cinfo_vars
 COMMON         0x200059e8       0x24 build/OpenMote-CC2538_armgcc/openapps/libopenapps.a(cleds.o)
                0x200059e8                cleds_vars
 COMMON         0x20005a0c       0x24 build/OpenMote-CC2538_armgcc/openapps/libopenapps.a(cwellknown.o)
                0x20005a0c                cwellknown_vars
 COMMON         0x20005a30       0x82 build/OpenMote-CC2538_armgcc/kernel/openos/libkernel.a(scheduler.o)
                0x20005a30                scheduler_vars
                0x20005ab0                scheduler_dbg
 *fill*         0x20005ab2        0x2 00
 COMMON         0x20005ab4      0x1dc build/OpenMote-CC2538_armgcc/drivers/libdrivers.a(openserial.o)
                0x20005ab4                openserial_vars
 COMMON         0x20005c90       0xd0 build/OpenMote-CC2538_armgcc/drivers/libdrivers.a(opentimers.o)
                0x20005c90                opentimers_vars
 COMMON         0x20005d60       0x14 build/OpenMote-CC2538_armgcc/bsp/boards/OpenMote-CC2538/libbsp.a(bsp_timer.o)
                0x20005d60                bsp_timer_vars
 COMMON         0x20005d74        0xc build/OpenMote-CC2538_armgcc/bsp/boards/OpenMote-CC2538/libbsp.a(radio.o)
                0x20005d74                radio_vars
 COMMON         0x20005d80        0x8 build/OpenMote-CC2538_armgcc/bsp/boards/OpenMote-CC2538/libbsp.a(radiotimer.o)
                0x20005d80                radiotimer_vars
 COMMON         0x20005d88        0x8 build/OpenMote-CC2538_armgcc/bsp/boards/OpenMote-CC2538/libbsp.a(uart.o)
                0x20005d88                uart_vars
                0x20005d90                _ebss = .

.flashcca       0x0027ffd4        0xc
 *(.flashcca)
 .flashcca      0x0027ffd4        0xc build/OpenMote-CC2538_armgcc/bsp/boards/OpenMote-CC2538/libbsp.a(startup_gcc.o)
                0x0027ffd4                __cca
OUTPUT(projects/common/03oos_openwsn_prog elf32-littlearm)

.rel.dyn        0x0027ffe0        0x0
 .rel.iplt      0x00000000        0x0 projects/common/03oos_openwsn/03oos_openwsn.o

.debug_info     0x00000000    0x18d92
 .debug_info    0x00000000      0x158 projects/common/03oos_openwsn/03oos_openwsn.o
 .debug_info    0x00000158      0x44d build/OpenMote-CC2538_armgcc/openstack/libopenstack.a(openstack.o)
 .debug_info    0x000005a5     0x1a00 build/OpenMote-CC2538_armgcc/openstack/libopenstack.a(IEEE802154Ecsl.o)
 .debug_info    0x00001fa5      0x50f build/OpenMote-CC2538_armgcc/openstack/libopenstack.a(adaptive_sync.o)
 .debug_info    0x000024b4      0xf51 build/OpenMote-CC2538_armgcc/openstack/libopenstack.a(neighbors.o)
 .debug_info    0x00003405      0xa89 build/OpenMote-CC2538_armgcc/openstack/libopenstack.a(processIE.o)
 .debug_info    0x00003e8e      0xc29 build/OpenMote-CC2538_armgcc/openstack/libopenstack.a(schedule.o)
 .debug_info    0x00004ab7     0x1540 build/OpenMote-CC2538_armgcc/openstack/libopenstack.a(sixtop.o)
 .debug_info    0x00005ff7      0xf28 build/OpenMote-CC2538_armgcc/openstack/libopenstack.a(iphc.o)
 .debug_info    0x00006f1f      0x7e6 build/OpenMote-CC2538_armgcc/openstack/libopenstack.a(openbridge.o)
 .debug_info    0x00007705      0xd10 build/OpenMote-CC2538_armgcc/openstack/libopenstack.a(forwarding.o)
 .debug_info    0x00008415      0x832 build/OpenMote-CC2538_armgcc/openstack/libopenstack.a(icmpv6.o)
 .debug_info    0x00008c47      0x8da build/OpenMote-CC2538_armgcc/openstack/libopenstack.a(icmpv6echo.o)
 .debug_info    0x00009521      0xceb build/OpenMote-CC2538_armgcc/openstack/libopenstack.a(icmpv6rpl.o)
 .debug_info    0x0000a20c      0xd50 build/OpenMote-CC2538_armgcc/openstack/libopenstack.a(opencoap.o)
 .debug_info    0x0000af5c      0xdcc build/OpenMote-CC2538_armgcc/openstack/libopenstack.a(opentcp.o)
 .debug_info    0x0000bd28      0x90c build/OpenMote-CC2538_armgcc/openstack/libopenstack.a(openudp.o)
 .debug_info    0x0000c634      0x77f build/OpenMote-CC2538_armgcc/openstack/libopenstack.a(idmanager.o)
 .debug_info    0x0000cdb3      0xab5 build/OpenMote-CC2538_armgcc/openstack/libopenstack.a(openqueue.o)
 .debug_info    0x0000d868      0x20a build/OpenMote-CC2538_armgcc/openstack/libopenstack.a(openrandom.o)
 .debug_info    0x0000da72      0xcde build/OpenMote-CC2538_armgcc/openstack/libopenstack.a(packetfunctions.o)
 .debug_info    0x0000e750      0x9c3 build/OpenMote-CC2538_armgcc/openstack/libopenstack.a(IEEE802154.o)
 .debug_info    0x0000f113      0x2f8 build/OpenMote-CC2538_armgcc/openstack/libopenstack.a(otf.o)
 .debug_info    0x0000f40b      0x2de build/OpenMote-CC2538_armgcc/openstack/libopenstack.a(topology.o)
 .debug_info    0x0000f6e9      0x1bc build/OpenMote-CC2538_armgcc/openapps/libopenapps.a(openapps_dyn.o)
 .debug_info    0x0000f8a5      0x9da build/OpenMote-CC2538_armgcc/openapps/libopenapps.a(c6t.o)
 .debug_info    0x0001027f      0x998 build/OpenMote-CC2538_armgcc/openapps/libopenapps.a(cinfo.o)
 .debug_info    0x00010c17      0x998 build/OpenMote-CC2538_armgcc/openapps/libopenapps.a(cleds.o)
 .debug_info    0x000115af      0x9fc build/OpenMote-CC2538_armgcc/openapps/libopenapps.a(cwellknown.o)
 .debug_info    0x00011fab      0x831 build/OpenMote-CC2538_armgcc/openapps/libopenapps.a(techo.o)
 .debug_info    0x000127dc      0x82f build/OpenMote-CC2538_armgcc/openapps/libopenapps.a(uecho.o)
 .debug_info    0x0001300b      0x33d build/OpenMote-CC2538_armgcc/kernel/openos/libkernel.a(scheduler.o)
 .debug_info    0x00013348      0xaf9 build/OpenMote-CC2538_armgcc/drivers/libdrivers.a(openserial.o)
 .debug_info    0x00013e41      0x439 build/OpenMote-CC2538_armgcc/drivers/libdrivers.a(opentimers.o)
 .debug_info    0x0001427a      0x1aa build/OpenMote-CC2538_armgcc/drivers/libdrivers.a(openhdlc.o)
 .debug_info    0x00014424      0x280 build/OpenMote-CC2538_armgcc/bsp/boards/OpenMote-CC2538/libbsp.a(board.o)
 .debug_info    0x000146a4      0x2c8 build/OpenMote-CC2538_armgcc/bsp/boards/OpenMote-CC2538/libbsp.a(bsp_timer.o)
 .debug_info    0x0001496c      0x303 build/OpenMote-CC2538_armgcc/bsp/boards/OpenMote-CC2538/libbsp.a(debugpins.o)
 .debug_info    0x00014c6f       0xc6 build/OpenMote-CC2538_armgcc/bsp/boards/OpenMote-CC2538/libbsp.a(eui64.o)
 .debug_info    0x00014d35      0x1a9 build/OpenMote-CC2538_armgcc/bsp/boards/OpenMote-CC2538/libbsp.a(i2c.o)
 .debug_info    0x00014ede      0x45f build/OpenMote-CC2538_armgcc/bsp/boards/OpenMote-CC2538/libbsp.a(leds.o)
 .debug_info    0x0001533d      0x6d4 build/OpenMote-CC2538_armgcc/bsp/boards/OpenMote-CC2538/libbsp.a(radio.o)
 .debug_info    0x00015a11      0x40a build/OpenMote-CC2538_armgcc/bsp/boards/OpenMote-CC2538/libbsp.a(radiotimer.o)
 .debug_info    0x00015e1b      0x1d7 build/OpenMote-CC2538_armgcc/bsp/boards/OpenMote-CC2538/libbsp.a(startup_gcc.o)
 .debug_info    0x00015ff2      0x2fe build/OpenMote-CC2538_armgcc/bsp/boards/OpenMote-CC2538/libbsp.a(uart.o)
 .debug_info    0x000162f0      0x510 build/OpenMote-CC2538_armgcc/bsp/boards/OpenMote-CC2538/libbsp.a(flash.o)
 .debug_info    0x00016800      0x7f8 build/OpenMote-CC2538_armgcc/bsp/boards/OpenMote-CC2538/libbsp.a(gpio.o)
 .debug_info    0x00016ff8      0x4b2 build/OpenMote-CC2538_armgcc/bsp/boards/OpenMote-CC2538/libbsp.a(i2c.o)
 .debug_info    0x000174aa      0x45f build/OpenMote-CC2538_armgcc/bsp/boards/OpenMote-CC2538/libbsp.a(interrupt.o)
 .debug_info    0x00017909      0x2d7 build/OpenMote-CC2538_armgcc/bsp/boards/OpenMote-CC2538/libbsp.a(ioc.o)
 .debug_info    0x00017be0      0x1e7 build/OpenMote-CC2538_armgcc/bsp/boards/OpenMote-CC2538/libbsp.a(sleepmode.o)
 .debug_info    0x00017dc7      0x51b build/OpenMote-CC2538_armgcc/bsp/boards/OpenMote-CC2538/libbsp.a(sys_ctrl.o)
 .debug_info    0x000182e2      0x920 build/OpenMote-CC2538_armgcc/bsp/boards/OpenMote-CC2538/libbsp.a(uarthal.o)
 .debug_info    0x00018c02      0x190 build/OpenMote-CC2538_armgcc/bsp/boards/OpenMote-CC2538/libbsp.a(cpu.o)

.debug_abbrev   0x00000000     0x491f
 .debug_abbrev  0x00000000       0x7c projects/common/03oos_openwsn/03oos_openwsn.o
 .debug_abbrev  0x0000007c       0x90 build/OpenMote-CC2538_armgcc/openstack/libopenstack.a(openstack.o)
 .debug_abbrev  0x0000010c      0x220 build/OpenMote-CC2538_armgcc/openstack/libopenstack.a(IEEE802154Ecsl.o)
 .debug_abbrev  0x0000032c      0x159 build/OpenMote-CC2538_armgcc/openstack/libopenstack.a(adaptive_sync.o)
 .debug_abbrev  0x00000485      0x22a build/OpenMote-CC2538_armgcc/openstack/libopenstack.a(neighbors.o)
 .debug_abbrev  0x000006af      0x1cd build/OpenMote-CC2538_armgcc/openstack/libopenstack.a(processIE.o)
 .debug_abbrev  0x0000087c      0x1fb build/OpenMote-CC2538_armgcc/openstack/libopenstack.a(schedule.o)
 .debug_abbrev  0x00000a77      0x224 build/OpenMote-CC2538_armgcc/openstack/libopenstack.a(sixtop.o)
 .debug_abbrev  0x00000c9b      0x20e build/OpenMote-CC2538_armgcc/openstack/libopenstack.a(iphc.o)
 .debug_abbrev  0x00000ea9      0x148 build/OpenMote-CC2538_armgcc/openstack/libopenstack.a(openbridge.o)
 .debug_abbrev  0x00000ff1      0x1d6 build/OpenMote-CC2538_armgcc/openstack/libopenstack.a(forwarding.o)
 .debug_abbrev  0x000011c7      0x155 build/OpenMote-CC2538_armgcc/openstack/libopenstack.a(icmpv6.o)
 .debug_abbrev  0x0000131c      0x168 build/OpenMote-CC2538_armgcc/openstack/libopenstack.a(icmpv6echo.o)
 .debug_abbrev  0x00001484      0x1c3 build/OpenMote-CC2538_armgcc/openstack/libopenstack.a(icmpv6rpl.o)
 .debug_abbrev  0x00001647      0x200 build/OpenMote-CC2538_armgcc/openstack/libopenstack.a(opencoap.o)
 .debug_abbrev  0x00001847      0x226 build/OpenMote-CC2538_armgcc/openstack/libopenstack.a(opentcp.o)
 .debug_abbrev  0x00001a6d      0x17e build/OpenMote-CC2538_armgcc/openstack/libopenstack.a(openudp.o)
 .debug_abbrev  0x00001beb      0x166 build/OpenMote-CC2538_armgcc/openstack/libopenstack.a(idmanager.o)
 .debug_abbrev  0x00001d51      0x193 build/OpenMote-CC2538_armgcc/openstack/libopenstack.a(openqueue.o)
 .debug_abbrev  0x00001ee4       0xe8 build/OpenMote-CC2538_armgcc/openstack/libopenstack.a(openrandom.o)
 .debug_abbrev  0x00001fcc      0x1f4 build/OpenMote-CC2538_armgcc/openstack/libopenstack.a(packetfunctions.o)
 .debug_abbrev  0x000021c0      0x13f build/OpenMote-CC2538_armgcc/openstack/libopenstack.a(IEEE802154.o)
 .debug_abbrev  0x000022ff      0x10e build/OpenMote-CC2538_armgcc/openstack/libopenstack.a(otf.o)
 .debug_abbrev  0x0000240d      0x10d build/OpenMote-CC2538_armgcc/openstack/libopenstack.a(topology.o)
 .debug_abbrev  0x0000251a       0x7a build/OpenMote-CC2538_armgcc/openapps/libopenapps.a(openapps_dyn.o)
 .debug_abbrev  0x00002594      0x19f build/OpenMote-CC2538_armgcc/openapps/libopenapps.a(c6t.o)
 .debug_abbrev  0x00002733      0x19f build/OpenMote-CC2538_armgcc/openapps/libopenapps.a(cinfo.o)
 .debug_abbrev  0x000028d2      0x19f build/OpenMote-CC2538_armgcc/openapps/libopenapps.a(cleds.o)
 .debug_abbrev  0x00002a71      0x19f build/OpenMote-CC2538_armgcc/openapps/libopenapps.a(cwellknown.o)
 .debug_abbrev  0x00002c10      0x16d build/OpenMote-CC2538_armgcc/openapps/libopenapps.a(techo.o)
 .debug_abbrev  0x00002d7d      0x153 build/OpenMote-CC2538_armgcc/openapps/libopenapps.a(uecho.o)
 .debug_abbrev  0x00002ed0      0x12a build/OpenMote-CC2538_armgcc/kernel/openos/libkernel.a(scheduler.o)
 .debug_abbrev  0x00002ffa      0x1ad build/OpenMote-CC2538_armgcc/drivers/libdrivers.a(openserial.o)
 .debug_abbrev  0x000031a7      0x179 build/OpenMote-CC2538_armgcc/drivers/libdrivers.a(opentimers.o)
 .debug_abbrev  0x00003320       0x9c build/OpenMote-CC2538_armgcc/drivers/libdrivers.a(openhdlc.o)
 .debug_abbrev  0x000033bc       0xd8 build/OpenMote-CC2538_armgcc/bsp/boards/OpenMote-CC2538/libbsp.a(board.o)
 .debug_abbrev  0x00003494      0x160 build/OpenMote-CC2538_armgcc/bsp/boards/OpenMote-CC2538/libbsp.a(bsp_timer.o)
 .debug_abbrev  0x000035f4       0xa3 build/OpenMote-CC2538_armgcc/bsp/boards/OpenMote-CC2538/libbsp.a(debugpins.o)
 .debug_abbrev  0x00003697       0x7b build/OpenMote-CC2538_armgcc/bsp/boards/OpenMote-CC2538/libbsp.a(eui64.o)
 .debug_abbrev  0x00003712       0x93 build/OpenMote-CC2538_armgcc/bsp/boards/OpenMote-CC2538/libbsp.a(i2c.o)
 .debug_abbrev  0x000037a5       0xed build/OpenMote-CC2538_armgcc/bsp/boards/OpenMote-CC2538/libbsp.a(leds.o)
 .debug_abbrev  0x00003892      0x222 build/OpenMote-CC2538_armgcc/bsp/boards/OpenMote-CC2538/libbsp.a(radio.o)
 .debug_abbrev  0x00003ab4      0x186 build/OpenMote-CC2538_armgcc/bsp/boards/OpenMote-CC2538/libbsp.a(radiotimer.o)
 .debug_abbrev  0x00003c3a      0x112 build/OpenMote-CC2538_armgcc/bsp/boards/OpenMote-CC2538/libbsp.a(startup_gcc.o)
 .debug_abbrev  0x00003d4c      0x16d build/OpenMote-CC2538_armgcc/bsp/boards/OpenMote-CC2538/libbsp.a(uart.o)
 .debug_abbrev  0x00003eb9      0x156 build/OpenMote-CC2538_armgcc/bsp/boards/OpenMote-CC2538/libbsp.a(flash.o)
 .debug_abbrev  0x0000400f      0x124 build/OpenMote-CC2538_armgcc/bsp/boards/OpenMote-CC2538/libbsp.a(gpio.o)
 .debug_abbrev  0x00004133      0x138 build/OpenMote-CC2538_armgcc/bsp/boards/OpenMote-CC2538/libbsp.a(i2c.o)
 .debug_abbrev  0x0000426b      0x185 build/OpenMote-CC2538_armgcc/bsp/boards/OpenMote-CC2538/libbsp.a(interrupt.o)
 .debug_abbrev  0x000043f0       0xdf build/OpenMote-CC2538_armgcc/bsp/boards/OpenMote-CC2538/libbsp.a(ioc.o)
 .debug_abbrev  0x000044cf      0x113 build/OpenMote-CC2538_armgcc/bsp/boards/OpenMote-CC2538/libbsp.a(sleepmode.o)
 .debug_abbrev  0x000045e2      0x14a build/OpenMote-CC2538_armgcc/bsp/boards/OpenMote-CC2538/libbsp.a(sys_ctrl.o)
 .debug_abbrev  0x0000472c      0x124 build/OpenMote-CC2538_armgcc/bsp/boards/OpenMote-CC2538/libbsp.a(uarthal.o)
 .debug_abbrev  0x00004850       0xcf build/OpenMote-CC2538_armgcc/bsp/boards/OpenMote-CC2538/libbsp.a(cpu.o)

.debug_loc      0x00000000     0x7dda
 .debug_loc     0x00000000       0x2c projects/common/03oos_openwsn/03oos_openwsn.o
 .debug_loc     0x0000002c       0x2c build/OpenMote-CC2538_armgcc/openstack/libopenstack.a(openstack.o)
 .debug_loc     0x00000058      0xe62 build/OpenMote-CC2538_armgcc/openstack/libopenstack.a(IEEE802154Ecsl.o)
 .debug_loc     0x00000eba      0x144 build/OpenMote-CC2538_armgcc/openstack/libopenstack.a(adaptive_sync.o)
 .debug_loc     0x00000ffe      0x44a build/OpenMote-CC2538_armgcc/openstack/libopenstack.a(neighbors.o)
 .debug_loc     0x00001448      0x230 build/OpenMote-CC2538_armgcc/openstack/libopenstack.a(processIE.o)
 .debug_loc     0x00001678      0x448 build/OpenMote-CC2538_armgcc/openstack/libopenstack.a(schedule.o)
 .debug_loc     0x00001ac0      0x5e6 build/OpenMote-CC2538_armgcc/openstack/libopenstack.a(sixtop.o)
 .debug_loc     0x000020a6      0x1f2 build/OpenMote-CC2538_armgcc/openstack/libopenstack.a(iphc.o)
 .debug_loc     0x00002298       0xd6 build/OpenMote-CC2538_armgcc/openstack/libopenstack.a(openbridge.o)
 .debug_loc     0x0000236e      0x1ee build/OpenMote-CC2538_armgcc/openstack/libopenstack.a(forwarding.o)
 .debug_loc     0x0000255c       0xd4 build/OpenMote-CC2538_armgcc/openstack/libopenstack.a(icmpv6.o)
 .debug_loc     0x00002630       0xd4 build/OpenMote-CC2538_armgcc/openstack/libopenstack.a(icmpv6echo.o)
 .debug_loc     0x00002704      0x22c build/OpenMote-CC2538_armgcc/openstack/libopenstack.a(icmpv6rpl.o)
 .debug_loc     0x00002930      0x146 build/OpenMote-CC2538_armgcc/openstack/libopenstack.a(opencoap.o)
 .debug_loc     0x00002a76      0x29c build/OpenMote-CC2538_armgcc/openstack/libopenstack.a(opentcp.o)
 .debug_loc     0x00002d12      0x100 build/OpenMote-CC2538_armgcc/openstack/libopenstack.a(openudp.o)
 .debug_loc     0x00002e12      0x1b4 build/OpenMote-CC2538_armgcc/openstack/libopenstack.a(idmanager.o)
 .debug_loc     0x00002fc6      0x268 build/OpenMote-CC2538_armgcc/openstack/libopenstack.a(openqueue.o)
 .debug_loc     0x0000322e       0x64 build/OpenMote-CC2538_armgcc/openstack/libopenstack.a(openrandom.o)
 .debug_loc     0x00003292      0x4d0 build/OpenMote-CC2538_armgcc/openstack/libopenstack.a(packetfunctions.o)
 .debug_loc     0x00003762       0x70 build/OpenMote-CC2538_armgcc/openstack/libopenstack.a(IEEE802154.o)
 .debug_loc     0x000037d2       0xf4 build/OpenMote-CC2538_armgcc/openstack/libopenstack.a(otf.o)
 .debug_loc     0x000038c6       0x38 build/OpenMote-CC2538_armgcc/openstack/libopenstack.a(topology.o)
 .debug_loc     0x000038fe       0x2c build/OpenMote-CC2538_armgcc/openapps/libopenapps.a(openapps_dyn.o)
 .debug_loc     0x0000392a       0x9c build/OpenMote-CC2538_armgcc/openapps/libopenapps.a(c6t.o)
 .debug_loc     0x000039c6       0x9c build/OpenMote-CC2538_armgcc/openapps/libopenapps.a(cinfo.o)
 .debug_loc     0x00003a62       0x9c build/OpenMote-CC2538_armgcc/openapps/libopenapps.a(cleds.o)
 .debug_loc     0x00003afe       0x9c build/OpenMote-CC2538_armgcc/openapps/libopenapps.a(cwellknown.o)
 .debug_loc     0x00003b9a      0x12c build/OpenMote-CC2538_armgcc/openapps/libopenapps.a(techo.o)
 .debug_loc     0x00003cc6       0xc8 build/OpenMote-CC2538_armgcc/openapps/libopenapps.a(uecho.o)
 .debug_loc     0x00003d8e       0x9c build/OpenMote-CC2538_armgcc/kernel/openos/libkernel.a(scheduler.o)
 .debug_loc     0x00003e2a      0x494 build/OpenMote-CC2538_armgcc/drivers/libdrivers.a(openserial.o)
 .debug_loc     0x000042be      0x188 build/OpenMote-CC2538_armgcc/drivers/libdrivers.a(opentimers.o)
 .debug_loc     0x00004446       0x38 build/OpenMote-CC2538_armgcc/drivers/libdrivers.a(openhdlc.o)
 .debug_loc     0x0000447e      0x2a0 build/OpenMote-CC2538_armgcc/bsp/boards/OpenMote-CC2538/libbsp.a(board.o)
 .debug_loc     0x0000471e      0x178 build/OpenMote-CC2538_armgcc/bsp/boards/OpenMote-CC2538/libbsp.a(bsp_timer.o)
 .debug_loc     0x00004896      0x37c build/OpenMote-CC2538_armgcc/bsp/boards/OpenMote-CC2538/libbsp.a(debugpins.o)
 .debug_loc     0x00004c12       0x38 build/OpenMote-CC2538_armgcc/bsp/boards/OpenMote-CC2538/libbsp.a(eui64.o)
 .debug_loc     0x00004c4a      0x118 build/OpenMote-CC2538_armgcc/bsp/boards/OpenMote-CC2538/libbsp.a(i2c.o)
 .debug_loc     0x00004d62      0x510 build/OpenMote-CC2538_armgcc/bsp/boards/OpenMote-CC2538/libbsp.a(leds.o)
 .debug_loc     0x00005272      0x540 build/OpenMote-CC2538_armgcc/bsp/boards/OpenMote-CC2538/libbsp.a(radio.o)
 .debug_loc     0x000057b2      0x324 build/OpenMote-CC2538_armgcc/bsp/boards/OpenMote-CC2538/libbsp.a(radiotimer.o)
 .debug_loc     0x00005ad6       0xbc build/OpenMote-CC2538_armgcc/bsp/boards/OpenMote-CC2538/libbsp.a(startup_gcc.o)
 .debug_loc     0x00005b92      0x214 build/OpenMote-CC2538_armgcc/bsp/boards/OpenMote-CC2538/libbsp.a(uart.o)
 .debug_loc     0x00005da6      0x1ec build/OpenMote-CC2538_armgcc/bsp/boards/OpenMote-CC2538/libbsp.a(flash.o)
 .debug_loc     0x00005f92      0x620 build/OpenMote-CC2538_armgcc/bsp/boards/OpenMote-CC2538/libbsp.a(gpio.o)
 .debug_loc     0x000065b2      0x5d0 build/OpenMote-CC2538_armgcc/bsp/boards/OpenMote-CC2538/libbsp.a(i2c.o)
 .debug_loc     0x00006b82      0x39c build/OpenMote-CC2538_armgcc/bsp/boards/OpenMote-CC2538/libbsp.a(interrupt.o)
 .debug_loc     0x00006f1e       0xe0 build/OpenMote-CC2538_armgcc/bsp/boards/OpenMote-CC2538/libbsp.a(ioc.o)
 .debug_loc     0x00006ffe      0x1b4 build/OpenMote-CC2538_armgcc/bsp/boards/OpenMote-CC2538/libbsp.a(sleepmode.o)
 .debug_loc     0x000071b2      0x3d8 build/OpenMote-CC2538_armgcc/bsp/boards/OpenMote-CC2538/libbsp.a(sys_ctrl.o)
 .debug_loc     0x0000758a      0x850 build/OpenMote-CC2538_armgcc/bsp/boards/OpenMote-CC2538/libbsp.a(uarthal.o)

.debug_aranges  0x00000000      0x6c0
 .debug_aranges
                0x00000000       0x20 projects/common/03oos_openwsn/03oos_openwsn.o
 .debug_aranges
                0x00000020       0x20 build/OpenMote-CC2538_armgcc/openstack/libopenstack.a(openstack.o)
 .debug_aranges
                0x00000040       0x20 build/OpenMote-CC2538_armgcc/openstack/libopenstack.a(IEEE802154Ecsl.o)
 .debug_aranges
                0x00000060       0x20 build/OpenMote-CC2538_armgcc/openstack/libopenstack.a(adaptive_sync.o)
 .debug_aranges
                0x00000080       0x20 build/OpenMote-CC2538_armgcc/openstack/libopenstack.a(neighbors.o)
 .debug_aranges
                0x000000a0       0x20 build/OpenMote-CC2538_armgcc/openstack/libopenstack.a(processIE.o)
 .debug_aranges
                0x000000c0       0x20 build/OpenMote-CC2538_armgcc/openstack/libopenstack.a(schedule.o)
 .debug_aranges
                0x000000e0       0x20 build/OpenMote-CC2538_armgcc/openstack/libopenstack.a(sixtop.o)
 .debug_aranges
                0x00000100       0x20 build/OpenMote-CC2538_armgcc/openstack/libopenstack.a(iphc.o)
 .debug_aranges
                0x00000120       0x20 build/OpenMote-CC2538_armgcc/openstack/libopenstack.a(openbridge.o)
 .debug_aranges
                0x00000140       0x20 build/OpenMote-CC2538_armgcc/openstack/libopenstack.a(forwarding.o)
 .debug_aranges
                0x00000160       0x20 build/OpenMote-CC2538_armgcc/openstack/libopenstack.a(icmpv6.o)
 .debug_aranges
                0x00000180       0x20 build/OpenMote-CC2538_armgcc/openstack/libopenstack.a(icmpv6echo.o)
 .debug_aranges
                0x000001a0       0x20 build/OpenMote-CC2538_armgcc/openstack/libopenstack.a(icmpv6rpl.o)
 .debug_aranges
                0x000001c0       0x20 build/OpenMote-CC2538_armgcc/openstack/libopenstack.a(opencoap.o)
 .debug_aranges
                0x000001e0       0x20 build/OpenMote-CC2538_armgcc/openstack/libopenstack.a(opentcp.o)
 .debug_aranges
                0x00000200       0x20 build/OpenMote-CC2538_armgcc/openstack/libopenstack.a(openudp.o)
 .debug_aranges
                0x00000220       0x20 build/OpenMote-CC2538_armgcc/openstack/libopenstack.a(idmanager.o)
 .debug_aranges
                0x00000240       0x20 build/OpenMote-CC2538_armgcc/openstack/libopenstack.a(openqueue.o)
 .debug_aranges
                0x00000260       0x20 build/OpenMote-CC2538_armgcc/openstack/libopenstack.a(openrandom.o)
 .debug_aranges
                0x00000280       0x20 build/OpenMote-CC2538_armgcc/openstack/libopenstack.a(packetfunctions.o)
 .debug_aranges
                0x000002a0       0x20 build/OpenMote-CC2538_armgcc/openstack/libopenstack.a(IEEE802154.o)
 .debug_aranges
                0x000002c0       0x20 build/OpenMote-CC2538_armgcc/openstack/libopenstack.a(otf.o)
 .debug_aranges
                0x000002e0       0x20 build/OpenMote-CC2538_armgcc/openstack/libopenstack.a(topology.o)
 .debug_aranges
                0x00000300       0x20 build/OpenMote-CC2538_armgcc/openapps/libopenapps.a(openapps_dyn.o)
 .debug_aranges
                0x00000320       0x20 build/OpenMote-CC2538_armgcc/openapps/libopenapps.a(c6t.o)
 .debug_aranges
                0x00000340       0x20 build/OpenMote-CC2538_armgcc/openapps/libopenapps.a(cinfo.o)
 .debug_aranges
                0x00000360       0x20 build/OpenMote-CC2538_armgcc/openapps/libopenapps.a(cleds.o)
 .debug_aranges
                0x00000380       0x20 build/OpenMote-CC2538_armgcc/openapps/libopenapps.a(cwellknown.o)
 .debug_aranges
                0x000003a0       0x20 build/OpenMote-CC2538_armgcc/openapps/libopenapps.a(techo.o)
 .debug_aranges
                0x000003c0       0x20 build/OpenMote-CC2538_armgcc/openapps/libopenapps.a(uecho.o)
 .debug_aranges
                0x000003e0       0x20 build/OpenMote-CC2538_armgcc/kernel/openos/libkernel.a(scheduler.o)
 .debug_aranges
                0x00000400       0x20 build/OpenMote-CC2538_armgcc/drivers/libdrivers.a(openserial.o)
 .debug_aranges
                0x00000420       0x20 build/OpenMote-CC2538_armgcc/drivers/libdrivers.a(opentimers.o)
 .debug_aranges
                0x00000440       0x20 build/OpenMote-CC2538_armgcc/drivers/libdrivers.a(openhdlc.o)
 .debug_aranges
                0x00000460       0x20 build/OpenMote-CC2538_armgcc/bsp/boards/OpenMote-CC2538/libbsp.a(board.o)
 .debug_aranges
                0x00000480       0x20 build/OpenMote-CC2538_armgcc/bsp/boards/OpenMote-CC2538/libbsp.a(bsp_timer.o)
 .debug_aranges
                0x000004a0       0x20 build/OpenMote-CC2538_armgcc/bsp/boards/OpenMote-CC2538/libbsp.a(debugpins.o)
 .debug_aranges
                0x000004c0       0x20 build/OpenMote-CC2538_armgcc/bsp/boards/OpenMote-CC2538/libbsp.a(eui64.o)
 .debug_aranges
                0x000004e0       0x20 build/OpenMote-CC2538_armgcc/bsp/boards/OpenMote-CC2538/libbsp.a(i2c.o)
 .debug_aranges
                0x00000500       0x20 build/OpenMote-CC2538_armgcc/bsp/boards/OpenMote-CC2538/libbsp.a(leds.o)
 .debug_aranges
                0x00000520       0x20 build/OpenMote-CC2538_armgcc/bsp/boards/OpenMote-CC2538/libbsp.a(radio.o)
 .debug_aranges
                0x00000540       0x20 build/OpenMote-CC2538_armgcc/bsp/boards/OpenMote-CC2538/libbsp.a(radiotimer.o)
 .debug_aranges
                0x00000560       0x20 build/OpenMote-CC2538_armgcc/bsp/boards/OpenMote-CC2538/libbsp.a(startup_gcc.o)
 .debug_aranges
                0x00000580       0x20 build/OpenMote-CC2538_armgcc/bsp/boards/OpenMote-CC2538/libbsp.a(uart.o)
 .debug_aranges
                0x000005a0       0x20 build/OpenMote-CC2538_armgcc/bsp/boards/OpenMote-CC2538/libbsp.a(flash.o)
 .debug_aranges
                0x000005c0       0x20 build/OpenMote-CC2538_armgcc/bsp/boards/OpenMote-CC2538/libbsp.a(gpio.o)
 .debug_aranges