Archive member included because of file (symbol)

build/OpenMote-CC2538_armgcc/openstack/libopenstack.a(openstack.o)
                              projects/common/03oos_openwsn/03oos_openwsn.o (openstack_init)
build/OpenMote-CC2538_armgcc/openstack/libopenstack.a(IEEE802154Ecsl.o)
                              build/OpenMote-CC2538_armgcc/openstack/libopenstack.a(openstack.o) (ieee154e_init)
build/OpenMote-CC2538_armgcc/openstack/libopenstack.a(adaptive_sync.o)
                              build/OpenMote-CC2538_armgcc/openstack/libopenstack.a(openstack.o) (adaptive_sync_init)
build/OpenMote-CC2538_armgcc/openstack/libopenstack.a(neighbors.o)
                              build/OpenMote-CC2538_armgcc/openstack/libopenstack.a(openstack.o) (neighbors_init)
build/OpenMote-CC2538_armgcc/openstack/libopenstack.a(processIE.o)
                              build/OpenMote-CC2538_armgcc/openstack/libopenstack.a(IEEE802154Ecsl.o) (processIE_retrieveSlotframeLinkIE)
build/OpenMote-CC2538_armgcc/openstack/libopenstack.a(schedule.o)
                              build/OpenMote-CC2538_armgcc/openstack/libopenstack.a(openstack.o) (schedule_init)
build/OpenMote-CC2538_armgcc/openstack/libopenstack.a(sixtop.o)
                              build/OpenMote-CC2538_armgcc/openstack/libopenstack.a(openstack.o) (sixtop_init)
build/OpenMote-CC2538_armgcc/openstack/libopenstack.a(iphc.o)
                              build/OpenMote-CC2538_armgcc/openstack/libopenstack.a(openstack.o) (iphc_init)
build/OpenMote-CC2538_armgcc/openstack/libopenstack.a(openbridge.o)
                              build/OpenMote-CC2538_armgcc/openstack/libopenstack.a(openstack.o) (openbridge_init)
build/OpenMote-CC2538_armgcc/openstack/libopenstack.a(forwarding.o)
                              build/OpenMote-CC2538_armgcc/openstack/libopenstack.a(openstack.o) (forwarding_init)
build/OpenMote-CC2538_armgcc/openstack/libopenstack.a(icmpv6.o)
                              build/OpenMote-CC2538_armgcc/openstack/libopenstack.a(openstack.o) (icmpv6_init)
build/OpenMote-CC2538_armgcc/openstack/libopenstack.a(icmpv6echo.o)
                              build/OpenMote-CC2538_armgcc/openstack/libopenstack.a(openstack.o) (icmpv6echo_init)
build/OpenMote-CC2538_armgcc/openstack/libopenstack.a(icmpv6rpl.o)
                              build/OpenMote-CC2538_armgcc/openstack/libopenstack.a(openstack.o) (icmpv6rpl_init)
build/OpenMote-CC2538_armgcc/openstack/libopenstack.a(opencoap.o)
                              build/OpenMote-CC2538_armgcc/openstack/libopenstack.a(openstack.o) (opencoap_init)
build/OpenMote-CC2538_armgcc/openstack/libopenstack.a(opentcp.o)
                              build/OpenMote-CC2538_armgcc/openstack/libopenstack.a(openstack.o) (opentcp_init)
build/OpenMote-CC2538_armgcc/openstack/libopenstack.a(openudp.o)
                              build/OpenMote-CC2538_armgcc/openstack/libopenstack.a(openstack.o) (openudp_init)
build/OpenMote-CC2538_armgcc/openstack/libopenstack.a(idmanager.o)
                              build/OpenMote-CC2538_armgcc/openstack/libopenstack.a(openstack.o) (idmanager_init)
build/OpenMote-CC2538_armgcc/openstack/libopenstack.a(openqueue.o)
                              build/OpenMote-CC2538_armgcc/openstack/libopenstack.a(openstack.o) (openqueue_init)
build/OpenMote-CC2538_armgcc/openstack/libopenstack.a(openrandom.o)
                              build/OpenMote-CC2538_armgcc/openstack/libopenstack.a(openstack.o) (openrandom_init)
build/OpenMote-CC2538_armgcc/openstack/libopenstack.a(packetfunctions.o)
                              build/OpenMote-CC2538_armgcc/openstack/libopenstack.a(neighbors.o) (packetfunctions_ip128bToMac64b)
build/OpenMote-CC2538_armgcc/openstack/libopenstack.a(IEEE802154.o)
                              build/OpenMote-CC2538_armgcc/openstack/libopenstack.a(IEEE802154Ecsl.o) (ieee802154_prependHeader)
build/OpenMote-CC2538_armgcc/openstack/libopenstack.a(otf.o)
                              build/OpenMote-CC2538_armgcc/openstack/libopenstack.a(sixtop.o) (otf_notif_addedCell)
build/OpenMote-CC2538_armgcc/openstack/libopenstack.a(topology.o)
                              build/OpenMote-CC2538_armgcc/openstack/libopenstack.a(IEEE802154.o) (topology_isAcceptablePacket)
build/OpenMote-CC2538_armgcc/openapps/libopenapps.a(openapps_dyn.o)
                              build/OpenMote-CC2538_armgcc/openstack/libopenstack.a(openstack.o) (openapps_init)
build/OpenMote-CC2538_armgcc/openapps/libopenapps.a(c6t.o)
                              build/OpenMote-CC2538_armgcc/openapps/libopenapps.a(openapps_dyn.o) (c6t_init)
build/OpenMote-CC2538_armgcc/openapps/libopenapps.a(cinfo.o)
                              build/OpenMote-CC2538_armgcc/openapps/libopenapps.a(openapps_dyn.o) (cinfo_init)
build/OpenMote-CC2538_armgcc/openapps/libopenapps.a(cleds.o)
                              build/OpenMote-CC2538_armgcc/openapps/libopenapps.a(openapps_dyn.o) (cleds__init)
[...]
Memory Configuration

Name             Origin             Length             Attributes
FLASH            0x00200000         0x0007ffd4         xr
FLASH_CCA        0x0027ffd4         0x0000000c         xr
SRAM             0x20004000         0x00004000         xrw
*default*        0x00000000         0xffffffff

Linker script and memory map

LOAD projects/common/03oos_openwsn/03oos_openwsn.o
LOAD build/OpenMote-CC2538_armgcc/openstack/libopenstack.a
LOAD build/OpenMote-CC2538_armgcc/openapps/libopenapps.a
LOAD build/OpenMote-CC2538_armgcc/kernel/openos/libkernel.a
LOAD build/OpenMote-CC2538_armgcc/drivers/libdrivers.a
LOAD build/OpenMote-CC2538_armgcc/bsp/boards/OpenMote-CC2538/libbsp.a
START GROUP
LOAD /opt/gcc-arm-none-eabi-4_7-2013q3/bin/../lib/gcc/arm-none-eabi/4.7.4/armv7-m/libgcc.a
LOAD /opt/gcc-arm-none-eabi-4_7-2013q3/bin/../lib/gcc/arm-none-eabi/4.7.4/../../../../arm-none-eabi/lib/armv7-m/libg.a
LOAD /opt/gcc-arm-none-eabi-4_7-2013q3/bin/../lib/gcc/arm-none-eabi/4.7.4/../../../../arm-none-eabi/lib/armv7-m/libc.a
END GROUP

.text           0x00200000    0x1651c
                0x00200000                _text = .
 *(.vectors)
 .vectors       0x00200000      0x28c build/OpenMote-CC2538_armgcc/bsp/boards/OpenMote-CC2538/libbsp.a(startup_gcc.o)
                0x00200000                gVectors
 *(.text*)
 .text          0x0020028c       0x1c projects/common/03oos_openwsn/03oos_openwsn.o
                0x0020028c                mote_main
 .text          0x002002a8       0x6c build/OpenMote-CC2538_armgcc/openstack/libopenstack.a(openstack.o)
                0x002002a8                openstack_init
 .text          0x00200314     0x2ea0 build/OpenMote-CC2538_armgcc/openstack/libopenstack.a(IEEE802154Ecsl.o)
                0x00200314                ieee154e_init
                0x0020041c                isr_ieee154ecsl_newChannelSample
                0x00200480                isr_ieee154ecsl_timer
                0x00200684                ieee154ecsl_startOfFrame
                0x002007c0                ieee154ecsl_endOfFrame
                0x002008bc                isr_ieee154ecsl_txtimer_cb
                0x00200900                isr_ieee154ecsl_addPacketToQueueForTestingCslTx_cb
                0x00200a38                activity_csl_wakeup_ti1
                0x00200b4c                activity_csl_wakeup_ti2
                0x00200d44                activity_csl_wakeup_tie1
                0x00200d70                activity_csl_wakeup_ti3
                0x00200d98                activity_csl_wakeup_tie2
                0x00200dc4                activity_csl_wakeup_ti4
                0x00200e00                activity_csl_wakeup_tie3
                0x00200e2c                activity_csl_wakeup_ti5
                0x00200e64                activity_csl_data_ti1
                0x00200e88                activity_csl_data_ti2
                0x00200ef8                activity_csl_data_tie1
                0x00200f24                activity_csl_data_ti3
                0x00200f4c                activity_csl_data_tie2
                0x00200f78                activity_csl_data_ti4
                0x00200fb4                activity_csl_data_tie3
                0x00200fe0                activity_csl_data_ti5
                0x002010c0                activity_csl_data_ti6
                0x00201110                activity_csl_data_tie4
                0x0020113c                activity_csl_data_ti7
                0x00201164                activity_csl_data_tie5
                0x002011c8                activity_csl_data_ti8
                0x002011f8                activity_csl_data_tie6
                0x00201204                activity_csl_data_ti9
                0x002014b4                activity_csl_wakeup_ri1
                0x00201524                activity_csl_wakeup_ri2
                0x00201574                activity_csl_wakeup_rie1
                0x002015a4                activity_csl_wakeup_ri3
                0x002015c0                activity_csl_wakeup_rie2
                0x002015e8                activity_csl_wakeup_ri4
                0x00201630                activity_csl_wakeup_rie3
                0x00201660                activity_csl_wakeup_ri5
                0x0020198c                activity_csl_wakeup_rie4
                0x00201998                activity_csl_data_ri2
                0x002019e8                activity_csl_data_rie1
                0x00201a18                activity_csl_data_ri3
                0x00201a34                activity_csl_data_rie2
                0x00201a40                activity_csl_data_ri4
                0x00201a88                activity_csl_data_rie3
                0x00201ab8                activity_csl_data_ri5
                0x00201dc4                activity_csl_data_ri6
                0x00201fe0                activity_csl_data_rie4
                0x00202010                activity_csl_data_ri7
                0x00202038                activity_csl_data_rie5
                0x00202068                activity_csl_data_ri8
                0x002020a4                activity_csl_data_rie6
                0x002020d4                activity_csl_data_ri9
                0x00202140                ieee802154_createWakeUpFrame
                0x00202208                ieee802154_retrieveWakeUpFrame
                0x00202534                isValidRxFrame
                0x002025b0                isValidAck
                0x00202630                incrementAsnOffset
                0x00202718                ieee154e_getAsn
                0x002027a4                synchronizeAck
                0x0020285c                changeIsSync
                0x0020289c                notif_sendDone
                0x002028e8                notif_receive
                0x0020290c                resetStats
                0x0020297c                updateStats
                0x002029d0                changeState
                0x00202b08                debugPrint_asn
                0x00202b5c                debugPrint_isSync
                0x00202b94                debugPrint_macStats
                0x00202bb4                endOps
                0x00202d7c                ieee154e_isSynch
                0x00202d94                ieee154e_processIEs
                0x00202fec                joinPriorityStoreFromAdv
                0x00203024                asnStoreFromAdv
                0x002030e8                ieee154e_asnDiff
 .text          0x002031b4      0x63c build/OpenMote-CC2538_armgcc/openstack/libopenstack.a(adaptive_sync.o)
                0x002031b4                adaptive_sync_init
                0x00203208                adaptive_sync_indicateTimeCorrection
                0x00203448                adaptive_sync_calculateCompensatedSlots
                0x002035e0                adaptive_sync_countCompensationTimeout
                0x002036b0                adaptive_sync_countCompensationTimeout_compoundSlots
                0x002037d4                adaptive_sync_driftChanged
 .text          0x002037f0     0x1564 build/OpenMote-CC2538_armgcc/openstack/libopenstack.a(neighbors.o)
                0x002037f0                neighbors_init
                0x00203838                neighbors_getMyDAGrank
                0x00203850                neighbors_getNumNeighbors
                0x002038a8                neighbors_getPreferredParentEui64
                0x00203a78                neighbors_getKANeighbor
                0x00203b54                neighbors_isStableNeighbor
                0x00203c08                neighbors_isPreferredParent
                0x00203c78                neighbors_isNeighborWithLowerDAGrank
                0x00203ce8                neighbors_isNeighborWithHigherDAGrank
                0x00203d58                neighbors_indicateRx
                0x00204078                neighbors_indicateTx
                0x00204280                neighbors_indicateRxDIO
                0x00204424                neighbors_getNeighbor
                0x00204490                neighbors_updateMyDAGrankAndNeighborPreference
                0x00204690                neighbors_removeOld
                0x00204710                debugPrint_neighbors
                0x002047dc                registerNewNeighbor
                0x00204aac                isNeighbor
                0x00204af4                removeNeighbor
                0x00204cc0                isThisRowMatching
 .text          0x00204d54      0x8bc build/OpenMote-CC2538_armgcc/openstack/libopenstack.a(processIE.o)
                0x00204d54                processIE_prependMLMEIE
                0x00204da8                processIE_prependSyncIE
                0x00204e1c                processIE_prependSlotframeLinkIE
                0x00204fa4                processIE_prependOpcodeIE
                0x00205024                processIE_prependBandwidthIE
                0x002050c0                processIE_prependSheduleIE
                0x00205274                processIE_retrieveSlotframeLinkIE
                0x002053c8                processIE_retrieveOpcodeIE
                0x00205400                processIE_retrieveBandwidthIE
                0x00205450                processIE_retrieveSheduleIE
 .text          0x00205610      0xad0 build/OpenMote-CC2538_armgcc/openstack/libopenstack.a(schedule.o)
                0x00205610                schedule_init
                0x00205730                debugPrint_schedule
                0x00205940                debugPrint_backoff
                0x00205984                schedule_setFrameLength
                0x002059ac                schedule_getSlotInfo
                0x00205a34                schedule_addActiveSlot
                0x00205b64                schedule_removeActiveSlot
                0x00205c64                schedule_isSlotOffsetAvailable
                0x00205cbc                schedule_syncSlotOffset
                0x00205cf0                schedule_advanceSlot
                0x00205d18                schedule_getNextActiveSlotOffset
                0x00205d44                schedule_getFrameLength
                0x00205d6c                schedule_getType
                0x00205d98                schedule_getNeighbor
                0x00205dcc                schedule_getChannelOffset
                0x00205df8                schedule_getOkToSend
                0x00205e80                schedule_resetBackoff
                0x00205eb0                schedule_indicateRx
                0x00205efc                schedule_indicateTx
                0x0020605c                schedule_resetEntry
 .text          0x002060e0     0x14d8 build/OpenMote-CC2538_armgcc/openstack/libopenstack.a(sixtop.o)
                0x002060e0                sixtop_init
                0x0020619c                sixtop_setKaPeriod
                0x002061d4                sixtop_addCells
                0x00206338                sixtop_removeCell
                0x0020647c                sixtop_send
                0x002064d4                task_sixtopNotifSendDone
                0x002065ec                task_sixtopNotifReceive
                0x002066ec                debugPrint_myDAGrank
                0x00206720                debugPrint_kaPeriod
                0x00206754                sixtop_send_internal
                0x00206810                sixtop_maintenance_timer_cb
                0x00206828                sixtop_timeout_timer_cb
                0x00206840                timer_sixtop_management_fired
                0x002068ac                sixtop_sendEB
                0x00206998                sixtop_sendKA
                0x00206a6c                timer_sixtop_six2six_timeout_fired
                0x00206a84                sixtop_six2six_sendDone
                0x00206c58                sixtop_processIEs
                0x00206e98                sixtop_notifyReceiveCommand
                0x00206f44                sixtop_notifyReceiveLinkRequest
                0x00206fdc                sixtop_linkResponse
                0x002070ec                sixtop_notifyReceiveLinkResponse
                0x00207190                sixtop_notifyReceiveRemoveLinkRequest
                0x002071e0                sixtop_candidateAddCellList
                0x002072a0                sixtop_candidateRemoveCellList
                0x00207358                sixtop_addCellsByState
                0x00207484                sixtop_removeCellsByState
                0x002074e4                sixtop_areAvailableCellsToBeScheduled
 .text          0x002075b8      0xd88 build/OpenMote-CC2538_armgcc/openstack/libopenstack.a(iphc.o)
                0x002075b8                iphc_init
                0x002075c4                iphc_sendFromForwarding
                0x00207838                iphc_sendFromBridge
                0x00207884                iphc_sendDone
                0x002078c0                iphc_receive
                0x00207958                iphc_prependIPv6Header
                0x00207d74                iphc_retrieveIPv6Header
                0x0020830c                iphc_prependIPv6HopByHopHeader
                0x00208328                iphc_retrieveIPv6HopByHopHeader
 .text          0x00208340      0x1e4 build/OpenMote-CC2538_armgcc/openstack/libopenstack.a(openbridge.o)
                0x00208340                openbridge_init
                0x0020834c                openbridge_triggerData
                0x00208474                openbridge_sendDone
                0x002084b4                openbridge_receive
 .text          0x00208524      0x740 build/OpenMote-CC2538_armgcc/openstack/libopenstack.a(forwarding.o)
                0x00208524                forwarding_init
                0x00208530                forwarding_send
                0x002085f0                forwarding_sendDone
                0x00208674                forwarding_receive
                0x00208830                forwarding_getNextHop
                0x0020889c                forwarding_send_internal_RoutingTable
                0x00208900                forwarding_send_internal_SourceRouting
                0x00208bdc                forwarding_createRplOption
                0x00208c20                forwarding_createFlowLabel
 .text          0x00208c64      0x100 build/OpenMote-CC2538_armgcc/openstack/libopenstack.a(icmpv6.o)
                0x00208c64                icmpv6_init
                0x00208c70                icmpv6_send
                0x00208c9c                icmpv6_sendDone
                0x00208d00                icmpv6_receive
 .text          0x00208d64      0x340 build/OpenMote-CC2538_armgcc/openstack/libopenstack.a(icmpv6echo.o)
                0x00208d64                icmpv6echo_init
                0x00208d8c                icmpv6echo_trigger
                0x00208f00                icmpv6echo_sendDone
                0x00208f4c                icmpv6echo_receive
 .text          0x002090a4      0x9c8 build/OpenMote-CC2538_armgcc/openstack/libopenstack.a(icmpv6rpl.o)
                0x002090a4                icmpv6rpl_init
                0x00209338                icmpv6rpl_writeDODAGid
                0x00209378                icmpv6rpl_getRPLIntanceID
                0x00209390                icmpv6rpl_sendDone
                0x002093dc                icmpv6rpl_receive
                0x0020948c                icmpv6rpl_timer_DIO_cb
                0x002094a4                icmpv6rpl_timer_DIO_task
                0x00209538                sendDIO
                0x002096c4                icmpv6rpl_timer_DAO_cb
                0x002096dc                icmpv6rpl_timer_DAO_task
                0x00209778                sendDAO
 .text          0x00209a6c      0x7dc build/OpenMote-CC2538_armgcc/openstack/libopenstack.a(opencoap.o)
                0x00209a6c                opencoap_init
                0x00209a94                opencoap_receive
                0x00209fc4                opencoap_sendDone
                0x0020a048                opencoap_writeLinks
                0x0020a124                opencoap_register
                0x0020a17c                opencoap_send
 .text          0x0020a248     0x1574 build/OpenMote-CC2538_armgcc/openstack/libopenstack.a(opentcp.o)
                0x0020a248                opentcp_init
                0x0020a268                opentcp_connect
                0x0020a388                opentcp_send
                0x0020a4c4                opentcp_sendDone
                0x0020a71c                opentcp_receive
                0x0020b2f4                opentcp_close
                0x0020b3f8                tcp_debugPrint
                0x0020b408                timers_tcp_fired
                0x0020b414                prependTCPHeader
                0x0020b574                containsControlBits
                0x0020b698                opentcp_reset
                0x0020b704                tcp_change_state
                0x0020b7a4                opentcp_timer_cb
 .text          0x0020b7bc      0x2e4 build/OpenMote-CC2538_armgcc/openstack/libopenstack.a(openudp.o)
                0x0020b7bc                openudp_init
                0x0020b7c8                openudp_send
                0x0020b858                openudp_sendDone
                0x0020b8b8                openudp_receive
                0x0020ba90                openudp_debugPrint
 .text          0x0020baa0      0x4e0 build/OpenMote-CC2538_armgcc/openstack/libopenstack.a(idmanager.o)
                0x0020baa0                idmanager_init
                0x0020bb40                idmanager_getIsDAGroot
                0x0020bb68                idmanager_setIsDAGroot
                0x0020bb94                idmanager_getMyID
                0x0020bc20                idmanager_setMyID
                0x0020bd14                idmanager_isMyAddress
                0x0020be1c                idmanager_triggerAboutRoot
                0x0020bef8                debugPrint_id
 .text          0x0020bf80      0x854 build/OpenMote-CC2538_armgcc/openstack/libopenstack.a(openqueue.o)
                0x0020bf80                openqueue_init
                0x0020bfc4                debugPrint_queue
                0x0020c054                openqueue_getFreePacketBuffer
                0x0020c120                openqueue_freePacketBuffer
                0x0020c1e0                openqueue_removeAllCreatedBy
                0x0020c250                openqueue_removeAllOwnedBy
                0x0020c2c0                openqueue_sixtopGetSentPacket
                0x0020c34c                openqueue_sixtopGetReceivedPacket
                0x0020c3d8                openqueue_macGetDataPacket
                0x0020c540                openqueue_macGetAdvPacket
                0x0020c5f4                openqueue_reset_entry
 .text          0x0020c7d4       0xf8 build/OpenMote-CC2538_armgcc/openstack/libopenstack.a(openrandom.o)
                0x0020c7d4                openrandom_init
                0x0020c838                openrandom_get16b
 .text          0x0020c8cc      0xb44 build/OpenMote-CC2538_armgcc/openstack/libopenstack.a(packetfunctions.o)
                0x0020c8cc                packetfunctions_ip128bToMac64b
                0x0020c948                packetfunctions_mac64bToIp128b
                0x0020c9c4                packetfunctions_mac64bToMac16b
                0x0020ca18                packetfunctions_mac16bToMac64b
                0x0020ca9c                packetfunctions_isBroadcastMulticast
                0x0020cb34                packetfunctions_isAllRoutersMulticast
                0x0020cbdc                packetfunctions_isAllHostsMulticast
                0x0020cc84                packetfunctions_sameAddress
                0x0020cd30                packetfunctions_readAddress
                0x0020cdec                packetfunctions_writeAddress
                0x0020ceb8                packetfunctions_reserveHeaderSize
                0x0020cf0c                packetfunctions_tossHeader
                0x0020cf5c                packetfunctions_reserveFooterSize
                0x0020cfa0                packetfunctions_tossFooter
                0x0020cfe0                packetfunctions_calculateCRC
                0x0020d094                packetfunctions_checkCRC
                0x0020d160                packetfunctions_calculateChecksum
                0x0020d260                onesComplementSum
                0x0020d31c                packetfunctions_htons
                0x0020d34c                packetfunctions_ntohs
                0x0020d378                packetfunctions_htonl
                0x0020d3cc                packetfunctions_ntohl
 .text          0x0020d410      0x538 build/OpenMote-CC2538_armgcc/openstack/libopenstack.a(IEEE802154.o)
                0x0020d410                ieee802154_prependHeader
                0x0020d590                ieee802154_retrieveHeader
 .text          0x0020d948       0xa8 build/OpenMote-CC2538_armgcc/openstack/libopenstack.a(otf.o)
                0x0020d948                otf_init
                0x0020d954                otf_notif_addedCell
                0x0020d96c                otf_notif_removedCell
                0x0020d984                otf_addCell_task
                0x0020d9bc                otf_removeCell_task
 .text          0x0020d9f0       0x18 build/OpenMote-CC2538_armgcc/openstack/libopenstack.a(topology.o)
                0x0020d9f0                topology_isAcceptablePacket
 .text          0x0020da08       0x20 build/OpenMote-CC2538_armgcc/openapps/libopenapps.a(openapps_dyn.o)
                0x0020da08                openapps_init
 .text          0x0020da28      0x1a0 build/OpenMote-CC2538_armgcc/openapps/libopenapps.a(c6t.o)
                0x0020da28                c6t_init
                0x0020dab8                c6t_receive
                0x0020dbac                c6t_sendDone
 .text          0x0020dbc8      0x20c build/OpenMote-CC2538_armgcc/openapps/libopenapps.a(cinfo.o)
                0x0020dbc8                cinfo_init
                0x0020dc58                cinfo_receive
                0x0020ddb8                cinfo_sendDone
 .text          0x0020ddd4      0x170 build/OpenMote-CC2538_armgcc/openapps/libopenapps.a(cleds.o)
                0x0020ddd4                cleds__init
                0x0020de54                cleds_receive
                0x0020df28                cleds_sendDone
 .text          0x0020df44      0x138 build/OpenMote-CC2538_armgcc/openapps/libopenapps.a(cwellknown.o)
                0x0020df44                cwellknown_init
                0x0020dfd8                cwellknown_receive
                0x0020e060                cwellknown_sendDone
 .text          0x0020e07c       0xd4 build/OpenMote-CC2538_armgcc/openapps/libopenapps.a(techo.o)
                0x0020e07c                techo_init
                0x0020e088                techo_shouldIlisten
                0x0020e098                techo_receive
                0x0020e0e8                techo_sendDone
                0x0020e12c                techo_connectDone
                0x0020e140                techo_debugPrint
 .text          0x0020e150       0xf4 build/OpenMote-CC2538_armgcc/openapps/libopenapps.a(uecho.o)
                0x0020e150                uecho_init
                0x0020e15c                uecho_receive
                0x0020e218                uecho_sendDone
                0x0020e234                uecho_debugPrint
 .text          0x0020e244      0x188 build/OpenMote-CC2538_armgcc/kernel/openos/libkernel.a(scheduler.o)
                0x0020e244                scheduler_init
                0x0020e274                scheduler_start
                0x0020e2ec                scheduler_push_task
 .text          0x0020e3cc      0xd00 build/OpenMote-CC2538_armgcc/drivers/libdrivers.a(openserial.o)
                0x0020e3cc                openserial_init
                0x0020e508                openserial_printStatus
                0x0020e5a0                openserial_printInfoErrorCritical
                0x0020e64c                openserial_printData
                0x0020e70c                openserial_printInfo
                0x0020e738                openserial_printError
                0x0020e768                openserial_printCritical
                0x0020e7b0                openserial_getNumDataBytes
                0x0020e7dc                openserial_getInputBuffer
                0x0020e850                openserial_startInput
                0x0020e8f4                openserial_startOutput
                0x0020eaac                openserial_stop
                0x0020ebb8                debugPrint_outBufferIndexes
                0x0020ec04                outputHdlcOpen
                0x0020ec50                outputHdlcWrite
                0x0020ed00                outputHdlcClose
                0x0020ed6c                inputHdlcOpen
                0x0020ed94                inputHdlcWrite
                0x0020ee38                inputHdlcClose
                0x0020ee80                isr_openserial_tx
                0x0020ef60                isr_openserial_rx
                0x0020f098                openserial_echo
 .text          0x0020f0cc      0xdec build/OpenMote-CC2538_armgcc/drivers/libdrivers.a(opentimers.o)
                0x0020f0cc                opentimers_init
                0x0020f1d4                opentimers_start
                0x0020f4d4                opentimers_setPeriod
                0x0020f644                opentimers_stop
                0x0020f67c                opentimers_restart
                0x0020f6b4                opentimers_timer_callback
                0x0020fae4                opentimers_sleepTimeCompesation
 .text          0x0020feb8       0x3c build/OpenMote-CC2538_armgcc/drivers/libdrivers.a(openhdlc.o)
                0x0020feb8                crcIteration
 .text          0x0020fef4      0x428 build/OpenMote-CC2538_armgcc/bsp/boards/OpenMote-CC2538/libbsp.a(board.o)
                0x0020fef4                main
                0x0020ff04                board_init
                0x0020ff3c                button_init
                0x0020ff9c                GPIO_C_Isr_Handler
                0x0020ffb8                antenna_init
                0x00210008                antenna_external
                0x00210038                antenna_internal
                0x00210068                board_sleep
                0x0021007c                board_reset
 .text          0x0021031c      0x194 build/OpenMote-CC2538_armgcc/bsp/boards/OpenMote-CC2538/libbsp.a(bsp_timer.o)
                0x0021031c                bsp_timer_init
                0x00210348                bsp_timer_set_callback
                0x00210368                bsp_timer_reset
                0x00210390                bsp_timer_scheduleIn
                0x0021045c                bsp_timer_cancel_schedule
                0x0021046c                bsp_timer_get_currentValue
                0x0021047c                bsp_timer_isr_private
                0x00210498                bsp_timer_isr
 .text          0x002104b0      0x26c build/OpenMote-CC2538_armgcc/bsp/boards/OpenMote-CC2538/libbsp.a(debugpins.o)
                0x002104b0                debugpins_init
                0x00210500                debugpins_frame_toggle
                0x00210518                debugpins_frame_clr
                0x00210534                debugpins_frame_set
                0x00210550                debugpins_slot_toggle
                0x00210568                debugpins_slot_clr
                0x00210584                debugpins_slot_set
                0x002105a0                debugpins_fsm_toggle
                0x002105b8                debugpins_fsm_clr
                0x002105d4                debugpins_fsm_set
                0x002105f0                debugpins_task_toggle
                0x00210608                debugpins_task_clr
                0x00210624                debugpins_task_set
                0x00210640                debugpins_isr_toggle
                0x00210658                debugpins_isr_clr
                0x00210674                debugpins_isr_set
                0x00210690                debugpins_radio_toggle
                0x002106a8                debugpins_radio_clr
                0x002106c4                debugpins_radio_set
                0x002106e0                bspDBpinToggle
 .text          0x0021071c       0x78 build/OpenMote-CC2538_armgcc/bsp/boards/OpenMote-CC2538/libbsp.a(eui64.o)
                0x0021071c                eui64_get
 .text          0x00210794      0x240 build/OpenMote-CC2538_armgcc/bsp/boards/OpenMote-CC2538/libbsp.a(i2c.o)
                0x00210794                i2c_init
                0x00210848                i2c_read_byte
                0x00210888                i2c_read_bytes
                0x002108fc                i2c_write_byte
                0x0021093c                i2c_write_bytes
 .text          0x002109d4      0x358 build/OpenMote-CC2538_armgcc/bsp/boards/OpenMote-CC2538/libbsp.a(leds.o)
                0x002109d4                leds_init
                0x00210a00                leds_error_on
                0x00210a10                leds_error_off
                0x00210a20                leds_error_toggle
                0x00210a30                leds_error_isOn
                0x00210a5c                leds_sync_on
                0x00210a6c                leds_sync_off
                0x00210a7c                leds_sync_toggle
                0x00210a8c                leds_sync_isOn
                0x00210abc                leds_sync_blink
                0x00210b20                leds_radio_on
                0x00210b30                leds_radio_off
                0x00210b40                leds_radio_toggle
                0x00210b50                leds_radio_isOn
                0x00210b80                leds_debug_on
                0x00210b90                leds_debug_off
                0x00210ba0                leds_debug_toggle
                0x00210bb0                leds_debug_isOn
                0x00210be0                leds_all_on
                0x00210bf0                leds_all_off
                0x00210c00                leds_all_toggle
                0x00210c10                leds_error_blink
                0x00210c7c                leds_circular_shift
                0x00210c88                leds_increment
                0x00210c94                bspLedSet
                0x00210cbc                bspLedClear
                0x00210ce4                bspLedToggle
 .text          0x00210d2c      0x8d4 build/OpenMote-CC2538_armgcc/bsp/boards/OpenMote-CC2538/libbsp.a(radio.o)
                0x00210d2c                radio_init
                0x00210f18                radio_setOverflowCb
                0x00210f30                radio_setCompareCb
                0x00210f48                radio_setStartFrameCb
                0x00210f68                radio_setEndFrameCb
                0x00210f88                radio_reset
                0x00210ffc                radio_startTimer
                0x00211014                radio_getTimerValue
                0x00211024                radio_setTimerPeriod
                0x0021103c                radio_getTimerPeriod
                0x0021104c                radio_setFrequency
                0x002110a4                radio_rfOn
                0x002110b0                radio_rfOff
                0x002110e4                radio_loadPacket
                0x00211184                radio_txEnable
                0x002111b0                radio_txNow
                0x00211214                radio_rxEnable
                0x00211240                radio_rxNow
                0x00211288                radio_getReceivedFrame
                0x002113b0                enable_radio_interrupts
                0x002113ec                disable_radio_interrupts
                0x00211414                radio_on
                0x0021142c                radio_off
                0x00211474                radio_isr
                0x00211484                radio_isr_internal
                0x002115c0                radio_error_isr
 .text          0x00211600      0x518 build/OpenMote-CC2538_armgcc/bsp/boards/OpenMote-CC2538/libbsp.a(radiotimer.o)
                0x00211600                radiotimer_init
                0x0021161c                radiotimer_setOverflowCb
                0x0021163c                radiotimer_setCompareCb
                0x0021165c                radiotimer_setStartFrameCb
                0x00211668                radiotimer_setEndFrameCb
                0x00211674                radiotimer_start
                0x002117b0                radiotimer_getValue
                0x0021180c                radiotimer_setPeriod
                0x00211864                radiotimer_getPeriod
                0x002118c0                radiotimer_schedule
                0x00211940                radiotimer_cancel
                0x002119a8                radiotimer_getCapturedTime
                0x00211a04                get_real_counter
                0x00211a50                radiotimer_isr_private
                0x00211a64                radiotimer_isr
 .text          0x00211b18       0xa0 build/OpenMote-CC2538_armgcc/bsp/boards/OpenMote-CC2538/libbsp.a(startup_gcc.o)
                0x00211b18                NmiSR
                0x00211b24                FaultISR
                0x00211b2c                IntDefaultHandler
                0x00211b34                ResetISR
 .text          0x00211bb8      0x278 build/OpenMote-CC2538_armgcc/bsp/boards/OpenMote-CC2538/libbsp.a(uart.o)
                0x00211bb8                uart_init
                0x00211cac                uart_setCallbacks
                0x00211cd8                uart_enableInterrupts
                0x00211cf0                uart_disableInterrupts
                0x00211d08                uart_clearRxInterrupts
                0x00211d20                uart_clearTxInterrupts
                0x00211d38                uart_writeByte
                0x00211d5c                uart_readByte
                0x00211dd8                uart_tx_isr
                0x00211e04                uart_rx_isr
 .text          0x00211e30      0x268 build/OpenMote-CC2538_armgcc/bsp/boards/OpenMote-CC2538/libbsp.a(flash.o)
                0x00211e30                FlashMainPageErase
                0x00211e68                FlashUpperPageErase
                0x00211eac                FlashMainPageProgram
                0x00211ee8                FlashUpperPageProgram
                0x00211f3c                FlashGet
                0x00211f54                FlashCacheModeGet
                0x00211f70                FlashCacheModeSet
                0x00211fbc                FlashSizeGet
                0x0021203c                FlashSramSizeGet
 .text          0x00212098      0x908 build/OpenMote-CC2538_armgcc/bsp/boards/OpenMote-CC2538/libbsp.a(gpio.o)
                0x00212098                GPIOGetIntNumber
                0x00212118                GPIODirModeSet
                0x00212194                GPIODirModeGet
                0x002121f4                GPIOIntTypeSet
                0x002122a4                GPIOIntTypeGet
                0x00212324                GPIOPinIntEnable
                0x00212350                GPIOPinIntDisable
                0x00212380                GPIOPinIntStatus
                0x002123b0                GPIOPinIntClear
                0x002123d0                GPIOPortIntRegister
                0x002123f8                GPIOPortIntUnregister
                0x0021241c                GPIOPinRead
                0x00212444                GPIOPinWrite
                0x00212470                GPIOPinTypeGPIOInput
                0x002124a0                GPIOPinTypeGPIOOutput
                0x002124d0                GPIOPinTypeI2C
                0x00212500                GPIOPinTypeSSI
                0x00212530                GPIOPinTypeTimer
                0x00212560                GPIOPinTypeUARTInput
                0x00212590                GPIOPinTypeUARTOutput
                0x002125c0                GPIOPowIntTypeSet
                0x0021266c                GPIOPowIntTypeGet
                0x00212704                GPIOPowIntEnable
                0x00212790                GPIOPowIntDisable
                0x00212820                GPIOPowIntStatus
                0x002128b8                GPIOPowIntClear
                0x00212944                GPIOIntWakeupEnable
                0x00212970                GPIOIntWakeupDisable
 .text          0x002129a0      0x4d8 build/OpenMote-CC2538_armgcc/bsp/boards/OpenMote-CC2538/libbsp.a(i2c.o)
                0x002129a0                I2CMasterInitExpClk
                0x00212a10                I2CSlaveInit
                0x00212a34                I2CMasterEnable
                0x00212a58                I2CSlaveEnable
                0x00212a88                I2CMasterDisable
                0x00212aac                I2CSlaveDisable
                0x00212adc                I2CIntRegister
                0x00212b00                I2CIntUnregister
                0x00212b18                I2CMasterIntEnable
                0x00212b30                I2CSlaveIntEnable
                0x00212b54                I2CSlaveIntEnableEx
                0x00212b80                I2CMasterIntDisable
                0x00212b98                I2CSlaveIntDisable
                0x00212bbc                I2CSlaveIntDisableEx
                0x00212bec                I2CMasterIntStatus
                0x00212c34                I2CSlaveIntStatus
                0x00212c7c                I2CSlaveIntStatusEx
                0x00212cb0                I2CMasterIntClear
                0x00212cd8                I2CSlaveIntClear
                0x00212cf0                I2CSlaveIntClearEx
                0x00212d10                I2CMasterSlaveAddrSet
                0x00212d3c                I2CMasterBusy
                0x00212d64                I2CMasterBusBusy
                0x00212d8c                I2CMasterControl
                0x00212dac                I2CMasterErr
                0x00212df0                I2CMasterDataPut
                0x00212e10                I2CMasterDataGet
                0x00212e28                I2CSlaveStatus
                0x00212e40                I2CSlaveDataPut
                0x00212e60                I2CSlaveDataGet
 .text          0x00212e78      0x568 build/OpenMote-CC2538_armgcc/bsp/boards/OpenMote-CC2538/libbsp.a(interrupt.o)
                0x00212e80                IntMasterEnable
                0x00212e98                IntMasterDisable
                0x00212eb0                IntRegister
                0x00212f3c                IntUnregister
                0x00212f64                IntPriorityGroupingSet
                0x00212f98                IntPriorityGroupingGet
                0x00212fec                IntPrioritySet
                0x00213060                IntPriorityGet
                0x00213098                IntEnable
                0x0021315c                IntDisable
                0x00213220                IntPendSet
                0x002132c4                IntPendClear
                0x00213348                IntPriorityMaskSet
                0x00213360                IntPriorityMaskGet
                0x00213370                IntAltMapEnable
                0x00213394                IntAltMapDisable
                0x002133b8                IntAltMapIsEnabled
 .text          0x002133e0      0x66c build/OpenMote-CC2538_armgcc/bsp/boards/OpenMote-CC2538/libbsp.a(ioc.o)
                0x002133e0                IOCPinConfigPeriphOutput
                0x002134c8                IOCPinConfigPeriphInput
                0x002136d0                IOCPadConfigSet
                0x002137b8                IOCPadConfigGet
 .text          0x00213a4c      0x1f8 build/OpenMote-CC2538_armgcc/bsp/boards/OpenMote-CC2538/libbsp.a(sleepmode.o)
                0x00213a4c                SleepModeIntRegister
                0x00213a70                SleepModeIntUnregister
                0x00213a88                SleepModeTimerCountGet
                0x00213ae4                SleepModeCaptureConfig
                0x00213b24                SleepModeTimerCompareSet
                0x00213b8c                SleepModeCaptureGet
                0x00213be8                SleepModeCaptureIsValid
                0x00213c14                SleepModeCaptureNew
 .text          0x00213c44      0x794 build/OpenMote-CC2538_armgcc/bsp/boards/OpenMote-CC2538/libbsp.a(sys_ctrl.o)
                0x00213c44                SysCtrlClockSet
                0x00213d28                SysCtrlClockGet
                0x00213de4                SysCtrlIOClockSet
                0x00213e24                SysCtrlIOClockGet
                0x00213ee4                SysCtrlDelay
                0x00213eec                SysCtrlReset
                0x00213f00                SysCtrlSleep
                0x00213f0c                SysCtrlDeepSleep
                0x0021401c                SysCtrlPeripheralPresent
                0x002140ac                SysCtrlPeripheralReset
                0x0021415c                SysCtrlPeripheralEnable
                0x002141b0                SysCtrlPeripheralDisable
                0x00214208                SysCtrlPeripheralSleepEnable
                0x0021425c                SysCtrlPeripheralSleepDisable
                0x002142b4                SysCtrlPeripheralDeepSleepEnable
                0x00214308                SysCtrlPeripheralDeepSleepDisable
                0x00214360                SysCtrlPowerModeSet
                0x00214380                SysCtrlPowerModeGet
                0x002143a8                SysCtrlClockLossDetectEnable
 .text          0x002143d8      0x7b0 build/OpenMote-CC2538_armgcc/bsp/boards/OpenMote-CC2538/libbsp.a(uarthal.o)
                0x002143d8                UARTParityModeSet
                0x00214404                UARTParityModeGet
                0x00214424                UARTFIFOLevelSet
                0x00214448                UARTFIFOLevelGet
                0x0021447c                UARTConfigSetExpClk
                0x00214520                UARTConfigGetExpClk
                0x00214590                UARTEnable
                0x002145d0                UARTDisable
                0x00214624                UARTFIFOEnable
                0x0021464c                UARTFIFODisable
                0x00214674                UARTEnableSIR
                0x002146bc                UARTDisableSIR
                0x002146e4                UARTTxIntModeSet
                0x00214710                UARTTxIntModeGet
                0x00214730                UARTCharsAvail
                0x0021475c                UARTSpaceAvail
                0x00214788                UARTCharGetNonBlocking
                0x002147b8                UARTCharGet
                0x002147e4                UARTCharPutNonBlocking
                0x0021481c                UARTCharPut
                0x0021484c                UARTBreakCtl
                0x0021488c                UARTBusy
                0x002148b8                UARTIntRegister
                0x002148f4                UARTIntUnregister
                0x0021492c                UARTIntEnable
                0x00214954                UARTIntDisable
                0x00214980                UARTIntStatus
                0x002149b0                UARTIntClear
                0x002149d0                UARTDMAEnable
                0x002149f8                UARTDMADisable
                0x00214a24                UARTRxErrorGet
                0x00214a44                UARTRxErrorClear
                0x00214a64                UARTClockSourceSet
                0x00214a84                UARTClockSourceGet
                0x00214aa0                UART9BitEnable
                0x00214ac8                UART9BitDisable
                0x00214af0                UART9BitAddrSet
                0x00214b20                UART9BitAddrSend
 .text          0x00214b88       0x44 build/OpenMote-CC2538_armgcc/bsp/boards/OpenMote-CC2538/libbsp.a(cpu.o)
                0x00214b88                CPUcpsid
                0x00214b94                CPUprimask
                0x00214ba0                CPUcpsie
                0x00214bac                CPUwfi
                0x00214bb0                CPUwfe
                0x00214bb4                CPUsev
                0x00214bb8                CPUbasepriSet
                0x00214bc0                CPUbasepriGet
 .text          0x00214bcc      0x21c /opt/gcc-arm-none-eabi-4_7-2013q3/bin/../lib/gcc/arm-none-eabi/4.7.4/armv7-m/libgcc.a(_arm_addsubsf3.o)
                0x00214bcc                __aeabi_frsub
                0x00214bd4                __subsf3
                0x00214bd4                __aeabi_fsub
                0x00214bd8                __aeabi_fadd
                0x00214bd8                __addsf3
                0x00214d38                __aeabi_ui2f
                0x00214d38                __floatunsisf
                0x00214d40                __aeabi_i2f
                0x00214d40                __floatsisf
                0x00214d5c                __floatundisf
                0x00214d5c                __aeabi_ul2f
                0x00214d6c                __floatdisf
                0x00214d6c                __aeabi_l2f
 .text          0x00214de8      0x2a0 /opt/gcc-arm-none-eabi-4_7-2013q3/bin/../lib/gcc/arm-none-eabi/4.7.4/armv7-m/libgcc.a(_arm_muldivsf3.o)
                0x00214de8                __mulsf3
                0x00214de8                __aeabi_fmul
                0x00214f50                __divsf3
                0x00214f50                __aeabi_fdiv
 .text          0x00215088       0x40 /opt/gcc-arm-none-eabi-4_7-2013q3/bin/../lib/gcc/arm-none-eabi/4.7.4/armv7-m/libgcc.a(_arm_fixunssfsi.o)
                0x00215088                __aeabi_f2uiz
                0x00215088                __fixunssfsi
 .text          0x002150c8        0x0 /opt/gcc-arm-none-eabi-4_7-2013q3/bin/../lib/gcc/arm-none-eabi/4.7.4/../../../../arm-none-eabi/lib/armv7-m/libg.a(lib_a-memcmp.o)
 .text.memcmp   0x002150c8       0xb8 /opt/gcc-arm-none-eabi-4_7-2013q3/bin/../lib/gcc/arm-none-eabi/4.7.4/../../../../arm-none-eabi/lib/armv7-m/libg.a(lib_a-memcmp.o)
                0x002150c8                memcmp
 .text          0x00215180        0x0 /opt/gcc-arm-none-eabi-4_7-2013q3/bin/../lib/gcc/arm-none-eabi/4.7.4/../../../../arm-none-eabi/lib/armv7-m/libg.a(lib_a-memcpy.o)
 .text.memcpy   0x00215180      0x15c /opt/gcc-arm-none-eabi-4_7-2013q3/bin/../lib/gcc/arm-none-eabi/4.7.4/../../../../arm-none-eabi/lib/armv7-m/libg.a(lib_a-memcpy.o)
                0x00215180                memcpy
 .text          0x002152dc        0x0 /opt/gcc-arm-none-eabi-4_7-2013q3/bin/../lib/gcc/arm-none-eabi/4.7.4/../../../../arm-none-eabi/lib/armv7-m/libg.a(lib_a-memset.o)
 .text.memset   0x002152dc      0x12c /opt/gcc-arm-none-eabi-4_7-2013q3/bin/../lib/gcc/arm-none-eabi/4.7.4/../../../../arm-none-eabi/lib/armv7-m/libg.a(lib_a-memset.o)
                0x002152dc                memset
 *(.rodata*)
 .rodata        0x00215408       0x30 projects/common/03oos_openwsn/03oos_openwsn.o
 .rodata        0x00215438       0x80 build/OpenMote-CC2538_armgcc/openstack/libopenstack.a(openstack.o)
 .rodata        0x002154b8       0x40 build/OpenMote-CC2538_armgcc/openstack/libopenstack.a(IEEE802154Ecsl.o)
 .rodata        0x002154f8       0x40 build/OpenMote-CC2538_armgcc/openstack/libopenstack.a(adaptive_sync.o)
 .rodata        0x00215538       0x40 build/OpenMote-CC2538_armgcc/openstack/libopenstack.a(neighbors.o)
 .rodata        0x00215578       0x40 build/OpenMote-CC2538_armgcc/openstack/libopenstack.a(processIE.o)
 .rodata        0x002155b8       0x30 build/OpenMote-CC2538_armgcc/openstack/libopenstack.a(schedule.o)
 .rodata        0x002155e8       0x40 build/OpenMote-CC2538_armgcc/openstack/libopenstack.a(sixtop.o)
 .rodata        0x00215628       0x40 build/OpenMote-CC2538_armgcc/openstack/libopenstack.a(iphc.o)
 .rodata        0x00215668       0x30 build/OpenMote-CC2538_armgcc/openstack/libopenstack.a(openbridge.o)
 .rodata        0x00215698       0x40 build/OpenMote-CC2538_armgcc/openstack/libopenstack.a(forwarding.o)
 .rodata        0x002156d8       0x40 build/OpenMote-CC2538_armgcc/openstack/libopenstack.a(icmpv6.o)
 .rodata        0x00215718       0x30 build/OpenMote-CC2538_armgcc/openstack/libopenstack.a(icmpv6echo.o)
 .rodata        0x00215748       0x40 build/OpenMote-CC2538_armgcc/openstack/libopenstack.a(icmpv6rpl.o)
 .rodata        0x00215788       0x70 build/OpenMote-CC2538_armgcc/openstack/libopenstack.a(opencoap.o)
 .rodata        0x002157f8       0x30 build/OpenMote-CC2538_armgcc/openstack/libopenstack.a(opentcp.o)
 .rodata        0x00215828       0x70 build/OpenMote-CC2538_armgcc/openstack/libopenstack.a(openudp.o)
 .rodata        0x00215898       0x40 build/OpenMote-CC2538_armgcc/openstack/libopenstack.a(idmanager.o)
 .rodata        0x002158d8       0x30 build/OpenMote-CC2538_armgcc/openstack/libopenstack.a(openqueue.o)
 .rodata        0x00215908       0x30 build/OpenMote-CC2538_armgcc/openstack/libopenstack.a(openrandom.o)
 .rodata        0x00215938       0x30 build/OpenMote-CC2538_armgcc/openstack/libopenstack.a(packetfunctions.o)
 .rodata        0x00215968       0x30 build/OpenMote-CC2538_armgcc/openstack/libopenstack.a(IEEE802154.o)
 .rodata        0x00215998       0x40 build/OpenMote-CC2538_armgcc/openstack/libopenstack.a(otf.o)
 .rodata        0x002159d8       0x30 build/OpenMote-CC2538_armgcc/openstack/libopenstack.a(topology.o)
 .rodata        0x00215a08       0x70 build/OpenMote-CC2538_armgcc/openapps/libopenapps.a(openapps_dyn.o)
 .rodata        0x00215a78       0x84 build/OpenMote-CC2538_armgcc/openapps/libopenapps.a(c6t.o)
                0x00215af8                c6t_path0
 .rodata        0x00215afc       0x74 build/OpenMote-CC2538_armgcc/openapps/libopenapps.a(cinfo.o)
                0x00215b6c                cinfo_path0
 .rodata        0x00215b70       0x74 build/OpenMote-CC2538_armgcc/openapps/libopenapps.a(cleds.o)
                0x00215be0                cleds_path0
 .rodata        0x00215be4       0x84 build/OpenMote-CC2538_armgcc/openapps/libopenapps.a(cwellknown.o)
                0x00215c54                cwellknown_path0
                0x00215c60                cwellknown_path1
 .rodata        0x00215c68       0x30 build/OpenMote-CC2538_armgcc/openapps/libopenapps.a(techo.o)
 .rodata        0x00215c98       0x30 build/OpenMote-CC2538_armgcc/openapps/libopenapps.a(uecho.o)
 .rodata        0x00215cc8       0x30 build/OpenMote-CC2538_armgcc/kernel/openos/libkernel.a(scheduler.o)
 .rodata        0x00215cf8      0x240 build/OpenMote-CC2538_armgcc/drivers/libdrivers.a(openserial.o)
 .rodata        0x00215f38       0x30 build/OpenMote-CC2538_armgcc/drivers/libdrivers.a(opentimers.o)
 .rodata        0x00215f68      0x230 build/OpenMote-CC2538_armgcc/drivers/libdrivers.a(openhdlc.o)
 .rodata        0x00216198       0x24 build/OpenMote-CC2538_armgcc/bsp/boards/OpenMote-CC2538/libbsp.a(board.o)
 .rodata        0x002161bc       0x24 build/OpenMote-CC2538_armgcc/bsp/boards/OpenMote-CC2538/libbsp.a(bsp_timer.o)
 .rodata        0x002161e0       0x24 build/OpenMote-CC2538_armgcc/bsp/boards/OpenMote-CC2538/libbsp.a(debugpins.o)
 .rodata        0x00216204       0x24 build/OpenMote-CC2538_armgcc/bsp/boards/OpenMote-CC2538/libbsp.a(leds.o)
 .rodata        0x00216228       0x24 build/OpenMote-CC2538_armgcc/bsp/boards/OpenMote-CC2538/libbsp.a(radio.o)
 .rodata        0x0021624c       0x24 build/OpenMote-CC2538_armgcc/bsp/boards/OpenMote-CC2538/libbsp.a(radiotimer.o)
 .rodata        0x00216270       0x24 build/OpenMote-CC2538_armgcc/bsp/boards/OpenMote-CC2538/libbsp.a(uart.o)
 .rodata        0x00216294      0x114 build/OpenMote-CC2538_armgcc/bsp/boards/OpenMote-CC2538/libbsp.a(interrupt.o)
 .rodata        0x002163a8      0x100 build/OpenMote-CC2538_armgcc/bsp/boards/OpenMote-CC2538/libbsp.a(ioc.o)
 .rodata        0x002164a8       0x74 build/OpenMote-CC2538_armgcc/bsp/boards/OpenMote-CC2538/libbsp.a(sys_ctrl.o)
                0x0021651c                _etext = .

.glue_7         0x0021651c        0x0
 .glue_7        0x00000000        0x0 linker stubs

.glue_7t        0x0021651c        0x0
 .glue_7t       0x00000000        0x0 linker stubs

.vfp11_veneer   0x0021651c        0x0
 .vfp11_veneer  0x00000000        0x0 linker stubs

.v4_bx          0x0021651c        0x0
 .v4_bx         0x00000000        0x0 linker stubs

.iplt           0x0021651c        0x0
 .iplt          0x00000000        0x0 projects/common/03oos_openwsn/03oos_openwsn.o

.data           0x20004000      0x400 load address 0x0021651c
                0x20004000                _data = .
 *(vtable)
 vtable         0x20004000      0x400 build/OpenMote-CC2538_armgcc/bsp/boards/OpenMote-CC2538/libbsp.a(interrupt.o)
 *(.data*)
 .data          0x20004400        0x0 projects/common/03oos_openwsn/03oos_openwsn.o
 .data          0x20004400        0x0 build/OpenMote-CC2538_armgcc/openstack/libopenstack.a(openstack.o)
 .data          0x20004400        0x0 build/OpenMote-CC2538_armgcc/openstack/libopenstack.a(IEEE802154Ecsl.o)
 .data          0x20004400        0x0 build/OpenMote-CC2538_armgcc/openstack/libopenstack.a(adaptive_sync.o)
 .data          0x20004400        0x0 build/OpenMote-CC2538_armgcc/openstack/libopenstack.a(neighbors.o)
 .data          0x20004400        0x0 build/OpenMote-CC2538_armgcc/openstack/libopenstack.a(processIE.o)
 .data          0x20004400        0x0 build/OpenMote-CC2538_armgcc/openstack/libopenstack.a(schedule.o)
 .data          0x20004400        0x0 build/OpenMote-CC2538_armgcc/openstack/libopenstack.a(sixtop.o)
 .data          0x20004400        0x0 build/OpenMote-CC2538_armgcc/openstack/libopenstack.a(iphc.o)
 .data          0x20004400        0x0 build/OpenMote-CC2538_armgcc/openstack/libopenstack.a(openbridge.o)
 .data          0x20004400        0x0 build/OpenMote-CC2538_armgcc/openstack/libopenstack.a(forwarding.o)
 .data          0x20004400        0x0 build/OpenMote-CC2538_armgcc/openstack/libopenstack.a(icmpv6.o)
 .data          0x20004400        0x0 build/OpenMote-CC2538_armgcc/openstack/libopenstack.a(icmpv6echo.o)
 .data          0x20004400        0x0 build/OpenMote-CC2538_armgcc/openstack/libopenstack.a(icmpv6rpl.o)
 .data          0x20004400        0x0 build/OpenMote-CC2538_armgcc/openstack/libopenstack.a(opencoap.o)
 .data          0x20004400        0x0 build/OpenMote-CC2538_armgcc/openstack/libopenstack.a(opentcp.o)
 .data          0x20004400        0x0 build/OpenMote-CC2538_armgcc/openstack/libopenstack.a(openudp.o)
 .data          0x20004400        0x0 build/OpenMote-CC2538_armgcc/openstack/libopenstack.a(idmanager.o)
 .data          0x20004400        0x0 build/OpenMote-CC2538_armgcc/openstack/libopenstack.a(openqueue.o)
 .data          0x20004400        0x0 build/OpenMote-CC2538_armgcc/openstack/libopenstack.a(openrandom.o)
 .data          0x20004400        0x0 build/OpenMote-CC2538_armgcc/openstack/libopenstack.a(packetfunctions.o)
 .data          0x20004400        0x0 build/OpenMote-CC2538_armgcc/openstack/libopenstack.a(IEEE802154.o)
 .data          0x20004400        0x0 build/OpenMote-CC2538_armgcc/openstack/libopenstack.a(otf.o)
 .data          0x20004400        0x0 build/OpenMote-CC2538_armgcc/openstack/libopenstack.a(topology.o)
 .data          0x20004400        0x0 build/OpenMote-CC2538_armgcc/openapps/libopenapps.a(openapps_dyn.o)
 .data          0x20004400        0x0 build/OpenMote-CC2538_armgcc/openapps/libopenapps.a(c6t.o)
 .data          0x20004400        0x0 build/OpenMote-CC2538_armgcc/openapps/libopenapps.a(cinfo.o)
 .data          0x20004400        0x0 build/OpenMote-CC2538_armgcc/openapps/libopenapps.a(cleds.o)
 .data          0x20004400        0x0 build/OpenMote-CC2538_armgcc/openapps/libopenapps.a(cwellknown.o)
 .data          0x20004400        0x0 build/OpenMote-CC2538_armgcc/openapps/libopenapps.a(techo.o)
 .data          0x20004400        0x0 build/OpenMote-CC2538_armgcc/openapps/libopenapps.a(uecho.o)
 .data          0x20004400        0x0 build/OpenMote-CC2538_armgcc/kernel/openos/libkernel.a(scheduler.o)
 .data          0x20004400        0x0 build/OpenMote-CC2538_armgcc/drivers/libdrivers.a(openserial.o)
 .data          0x20004400        0x0 build/OpenMote-CC2538_armgcc/drivers/libdrivers.a(opentimers.o)
 .data          0x20004400        0x0 build/OpenMote-CC2538_armgcc/drivers/libdrivers.a(openhdlc.o)
 .data          0x20004400        0x0 build/OpenMote-CC2538_armgcc/bsp/boards/OpenMote-CC2538/libbsp.a(board.o)
 .data          0x20004400        0x0 build/OpenMote-CC2538_armgcc/bsp/boards/OpenMote-CC2538/libbsp.a(bsp_timer.o)
 .data          0x20004400        0x0 build/OpenMote-CC2538_armgcc/bsp/boards/OpenMote-CC2538/libbsp.a(debugpins.o)
 .data          0x20004400        0x0 build/OpenMote-CC2538_armgcc/bsp/boards/OpenMote-CC2538/libbsp.a(eui64.o)
 .data          0x20004400        0x0 build/OpenMote-CC2538_armgcc/bsp/boards/OpenMote-CC2538/libbsp.a(i2c.o)
 .data          0x20004400        0x0 build/OpenMote-CC2538_armgcc/bsp/boards/OpenMote-CC2538/libbsp.a(leds.o)
 .data          0x20004400        0x0 build/OpenMote-CC2538_armgcc/bsp/boards/OpenMote-CC2538/libbsp.a(radio.o)
 .data          0x20004400        0x0 build/OpenMote-CC2538_armgcc/bsp/boards/OpenMote-CC2538/libbsp.a(radiotimer.o)
 .data          0x20004400        0x0 build/OpenMote-CC2538_armgcc/bsp/boards/OpenMote-CC2538/libbsp.a(startup_gcc.o)
 .data          0x20004400        0x0 build/OpenMote-CC2538_armgcc/bsp/boards/OpenMote-CC2538/libbsp.a(uart.o)
 .data          0x20004400        0x0 build/OpenMote-CC2538_armgcc/bsp/boards/OpenMote-CC2538/libbsp.a(flash.o)
 .data          0x20004400        0x0 build/OpenMote-CC2538_armgcc/bsp/boards/OpenMote-CC2538/libbsp.a(gpio.o)
 .data          0x20004400        0x0 build/OpenMote-CC2538_armgcc/bsp/boards/OpenMote-CC2538/libbsp.a(i2c.o)
 .data          0x20004400        0x0 build/OpenMote-CC2538_armgcc/bsp/boards/OpenMote-CC2538/libbsp.a(interrupt.o)
 .data          0x20004400        0x0 build/OpenMote-CC2538_armgcc/bsp/boards/OpenMote-CC2538/libbsp.a(ioc.o)
 .data          0x20004400        0x0 build/OpenMote-CC2538_armgcc/bsp/boards/OpenMote-CC2538/libbsp.a(sleepmode.o)
 .data          0x20004400        0x0 build/OpenMote-CC2538_armgcc/bsp/boards/OpenMote-CC2538/libbsp.a(sys_ctrl.o)
 .data          0x20004400        0x0 build/OpenMote-CC2538_armgcc/bsp/boards/OpenMote-CC2538/libbsp.a(uarthal.o)
 .data          0x20004400        0x0 build/OpenMote-CC2538_armgcc/bsp/boards/OpenMote-CC2538/libbsp.a(cpu.o)
 .data          0x20004400        0x0 /opt/gcc-arm-none-eabi-4_7-2013q3/bin/../lib/gcc/arm-none-eabi/4.7.4/armv7-m/libgcc.a(_arm_addsubsf3.o)
 .data          0x20004400        0x0 /opt/gcc-arm-none-eabi-4_7-2013q3/bin/../lib/gcc/arm-none-eabi/4.7.4/armv7-m/libgcc.a(_arm_muldivsf3.o)
 .data          0x20004400        0x0 /opt/gcc-arm-none-eabi-4_7-2013q3/bin/../lib/gcc/arm-none-eabi/4.7.4/armv7-m/libgcc.a(_arm_fixunssfsi.o)
 .data          0x20004400        0x0 /opt/gcc-arm-none-eabi-4_7-2013q3/bin/../lib/gcc/arm-none-eabi/4.7.4/../../../../arm-none-eabi/lib/armv7-m/libg.a(lib_a-memcmp.o)
 .data          0x20004400        0x0 /opt/gcc-arm-none-eabi-4_7-2013q3/bin/../lib/gcc/arm-none-eabi/4.7.4/../../../../arm-none-eabi/lib/armv7-m/libg.a(lib_a-memcpy.o)
 .data          0x20004400        0x0 /opt/gcc-arm-none-eabi-4_7-2013q3/bin/../lib/gcc/arm-none-eabi/4.7.4/../../../../arm-none-eabi/lib/armv7-m/libg.a(lib_a-memset.o)
                0x20004400                _edata = .

.igot.plt       0x20004400        0x0 load address 0x0021691c
 .igot.plt      0x00000000        0x0 projects/common/03oos_openwsn/03oos_openwsn.o

.ARM.exidx
 *(.ARM.exidx*)

.bss            0x20004400     0x1990
                0x20004400                _bss = .
 *(.bss*)
 .bss           0x20004400        0x0 projects/common/03oos_openwsn/03oos_openwsn.o
 .bss           0x20004400        0x0 build/OpenMote-CC2538_armgcc/openstack/libopenstack.a(openstack.o)
 .bss           0x20004400        0x0 build/OpenMote-CC2538_armgcc/openstack/libopenstack.a(IEEE802154Ecsl.o)
 .bss           0x20004400        0x0 build/OpenMote-CC2538_armgcc/openstack/libopenstack.a(adaptive_sync.o)
 .bss           0x20004400        0x0 build/OpenMote-CC2538_armgcc/openstack/libopenstack.a(neighbors.o)
 .bss           0x20004400        0x0 build/OpenMote-CC2538_armgcc/openstack/libopenstack.a(processIE.o)
 .bss           0x20004400        0x0 build/OpenMote-CC2538_armgcc/openstack/libopenstack.a(schedule.o)
 .bss           0x20004400        0x0 build/OpenMote-CC2538_armgcc/openstack/libopenstack.a(sixtop.o)
 .bss           0x20004400        0x0 build/OpenMote-CC2538_armgcc/openstack/libopenstack.a(iphc.o)
 .bss           0x20004400        0x0 build/OpenMote-CC2538_armgcc/openstack/libopenstack.a(openbridge.o)
 .bss           0x20004400        0x0 build/OpenMote-CC2538_armgcc/openstack/libopenstack.a(forwarding.o)
 .bss           0x20004400        0x0 build/OpenMote-CC2538_armgcc/openstack/libopenstack.a(icmpv6.o)
 .bss           0x20004400        0x0 build/OpenMote-CC2538_armgcc/openstack/libopenstack.a(icmpv6echo.o)
 .bss           0x20004400        0x0 build/OpenMote-CC2538_armgcc/openstack/libopenstack.a(icmpv6rpl.o)
 .bss           0x20004400        0x0 build/OpenMote-CC2538_armgcc/openstack/libopenstack.a(opencoap.o)
 .bss           0x20004400        0x0 build/OpenMote-CC2538_armgcc/openstack/libopenstack.a(opentcp.o)
 .bss           0x20004400        0x0 build/OpenMote-CC2538_armgcc/openstack/libopenstack.a(openudp.o)
 .bss           0x20004400        0x0 build/OpenMote-CC2538_armgcc/openstack/libopenstack.a(idmanager.o)
 .bss           0x20004400        0x0 build/OpenMote-CC2538_armgcc/openstack/libopenstack.a(openqueue.o)
 .bss           0x20004400        0x0 build/OpenMote-CC2538_armgcc/openstack/libopenstack.a(openrandom.o)
 .bss           0x20004400        0x0 build/OpenMote-CC2538_armgcc/openstack/libopenstack.a(packetfunctions.o)
 .bss           0x20004400        0x0 build/OpenMote-CC2538_armgcc/openstack/libopenstack.a(IEEE802154.o)
 .bss           0x20004400        0x0 build/OpenMote-CC2538_armgcc/openstack/libopenstack.a(otf.o)
 .bss           0x20004400        0x0 build/OpenMote-CC2538_armgcc/openstack/libopenstack.a(topology.o)
 .bss           0x20004400        0x0 build/OpenMote-CC2538_armgcc/openapps/libopenapps.a(openapps_dyn.o)
 .bss           0x20004400        0x0 build/OpenMote-CC2538_armgcc/openapps/libopenapps.a(c6t.o)
 .bss           0x20004400        0x0 build/OpenMote-CC2538_armgcc/openapps/libopenapps.a(cinfo.o)
 .bss           0x20004400        0x0 build/OpenMote-CC2538_armgcc/openapps/libopenapps.a(cleds.o)
 .bss           0x20004400        0x0 build/OpenMote-CC2538_armgcc/openapps/libopenapps.a(cwellknown.o)
 .bss           0x20004400        0x0 build/OpenMote-CC2538_armgcc/openapps/libopenapps.a(techo.o)
 .bss           0x20004400        0x0 build/OpenMote-CC2538_armgcc/openapps/libopenapps.a(uecho.o)
 .bss           0x20004400        0x0 build/OpenMote-CC2538_armgcc/kernel/openos/libkernel.a(scheduler.o)
 .bss           0x20004400        0x0 build/OpenMote-CC2538_armgcc/drivers/libdrivers.a(openserial.o)
 .bss           0x20004400        0x0 build/OpenMote-CC2538_armgcc/drivers/libdrivers.a(opentimers.o)
 .bss           0x20004400        0x0 build/OpenMote-CC2538_armgcc/drivers/libdrivers.a(openhdlc.o)
 .bss           0x20004400        0x0 build/OpenMote-CC2538_armgcc/bsp/boards/OpenMote-CC2538/libbsp.a(board.o)
 .bss           0x20004400        0x0 build/OpenMote-CC2538_armgcc/bsp/boards/OpenMote-CC2538/libbsp.a(bsp_timer.o)
 .bss           0x20004400        0x0 build/OpenMote-CC2538_armgcc/bsp/boards/OpenMote-CC2538/libbsp.a(debugpins.o)
 .bss           0x20004400        0x0 build/OpenMote-CC2538_armgcc/bsp/boards/OpenMote-CC2538/libbsp.a(eui64.o)
 .bss           0x20004400        0x0 build/OpenMote-CC2538_armgcc/bsp/boards/OpenMote-CC2538/libbsp.a(i2c.o)
 .bss           0x20004400        0x0 build/OpenMote-CC2538_armgcc/bsp/boards/OpenMote-CC2538/libbsp.a(leds.o)
 .bss           0x20004400        0x0 build/OpenMote-CC2538_armgcc/bsp/boards/OpenMote-CC2538/libbsp.a(radio.o)
 .bss           0x20004400        0x0 build/OpenMote-CC2538_armgcc/bsp/boards/OpenMote-CC2538/libbsp.a(radiotimer.o)
 .bss           0x20004400      0x800 build/OpenMote-CC2538_armgcc/bsp/boards/OpenMote-CC2538/libbsp.a(startup_gcc.o)
 .bss           0x20004c00        0x0 build/OpenMote-CC2538_armgcc/bsp/boards/OpenMote-CC2538/libbsp.a(uart.o)
 .bss           0x20004c00        0x0 build/OpenMote-CC2538_armgcc/bsp/boards/OpenMote-CC2538/libbsp.a(flash.o)
 .bss           0x20004c00        0x0 build/OpenMote-CC2538_armgcc/bsp/boards/OpenMote-CC2538/libbsp.a(gpio.o)
 .bss           0x20004c00        0x0 build/OpenMote-CC2538_armgcc/bsp/boards/OpenMote-CC2538/libbsp.a(i2c.o)
 .bss           0x20004c00        0x0 build/OpenMote-CC2538_armgcc/bsp/boards/OpenMote-CC2538/libbsp.a(interrupt.o)
 .bss           0x20004c00        0x0 build/OpenMote-CC2538_armgcc/bsp/boards/OpenMote-CC2538/libbsp.a(ioc.o)
 .bss           0x20004c00        0x0 build/OpenMote-CC2538_armgcc/bsp/boards/OpenMote-CC2538/libbsp.a(sleepmode.o)
 .bss           0x20004c00        0x0 build/OpenMote-CC2538_armgcc/bsp/boards/OpenMote-CC2538/libbsp.a(sys_ctrl.o)
 .bss           0x20004c00        0x0 build/OpenMote-CC2538_armgcc/bsp/boards/OpenMote-CC2538/libbsp.a(uarthal.o)
 .bss           0x20004c00        0x0 build/OpenMote-CC2538_armgcc/bsp/boards/OpenMote-CC2538/libbsp.a(cpu.o)
 .bss           0x20004c00        0x0 /opt/gcc-arm-none-eabi-4_7-2013q3/bin/../lib/gcc/arm-none-eabi/4.7.4/armv7-m/libgcc.a(_arm_addsubsf3.o)
 .bss           0x20004c00        0x0 /opt/gcc-arm-none-eabi-4_7-2013q3/bin/../lib/gcc/arm-none-eabi/4.7.4/armv7-m/libgcc.a(_arm_muldivsf3.o)
 .bss           0x20004c00        0x0 /opt/gcc-arm-none-eabi-4_7-2013q3/bin/../lib/gcc/arm-none-eabi/4.7.4/armv7-m/libgcc.a(_arm_fixunssfsi.o)
 .bss           0x20004c00        0x0 /opt/gcc-arm-none-eabi-4_7-2013q3/bin/../lib/gcc/arm-none-eabi/4.7.4/../../../../arm-none-eabi/lib/armv7-m/libg.a(lib_a-memcmp.o)
 .bss           0x20004c00        0x0 /opt/gcc-arm-none-eabi-4_7-2013q3/bin/../lib/gcc/arm-none-eabi/4.7.4/../../../../arm-none-eabi/lib/armv7-m/libg.a(lib_a-memcpy.o)
 .bss           0x20004c00        0x0 /opt/gcc-arm-none-eabi-4_7-2013q3/bin/../lib/gcc/arm-none-eabi/4.7.4/../../../../arm-none-eabi/lib/armv7-m/libg.a(lib_a-memset.o)
 *(COMMON)
 COMMON         0x20004c00       0x70 build/OpenMote-CC2538_armgcc/openstack/libopenstack.a(IEEE802154Ecsl.o)
                0x20004c00                ieee154e_vars
                0x20004c4c                ieee154e_stats
                0x20004c5c                ieee154e_dbg
 COMMON         0x20004c70       0x2c build/OpenMote-CC2538_armgcc/openstack/libopenstack.a(adaptive_sync.o)
                0x20004c70                adaptive_sync_vars
 COMMON         0x20004c9c      0x15c build/OpenMote-CC2538_armgcc/openstack/libopenstack.a(neighbors.o)
                0x20004c9c                neighbors_vars
 COMMON         0x20004df8      0x150 build/OpenMote-CC2538_armgcc/openstack/libopenstack.a(schedule.o)
                0x20004df8                schedule_vars
 COMMON         0x20004f48        0xc build/OpenMote-CC2538_armgcc/openstack/libopenstack.a(sixtop.o)
                0x20004f48                sixtop_vars
 COMMON         0x20004f54       0x14 build/OpenMote-CC2538_armgcc/openstack/libopenstack.a(icmpv6echo.o)
                0x20004f54                icmpv6echo_vars
 COMMON         0x20004f68       0x54 build/OpenMote-CC2538_armgcc/openstack/libopenstack.a(icmpv6rpl.o)
                0x20004f68                icmpv6rpl_vars
 COMMON         0x20004fbc        0x8 build/OpenMote-CC2538_armgcc/openstack/libopenstack.a(opencoap.o)
                0x20004fbc                opencoap_vars
 COMMON         0x20004fc4       0x30 build/OpenMote-CC2538_armgcc/openstack/libopenstack.a(opentcp.o)
                0x20004fc4                tcp_vars
 COMMON         0x20004ff4       0x45 build/OpenMote-CC2538_armgcc/openstack/libopenstack.a(idmanager.o)
                0x20004ff4                idmanager_vars
 *fill*         0x20005039        0x3 00
 COMMON         0x2000503c      0x960 build/OpenMote-CC2538_armgcc/openstack/libopenstack.a(openqueue.o)
                0x2000503c                openqueue_vars
 COMMON         0x2000599c        0x2 build/OpenMote-CC2538_armgcc/openstack/libopenstack.a(openrandom.o)
                0x2000599c                random_vars
 *fill*         0x2000599e        0x2 00
 COMMON         0x200059a0       0x24 build/OpenMote-CC2538_armgcc/openapps/libopenapps.a(c6t.o)
                0x200059a0                c6t_vars
 COMMON         0x200059c4       0x24 build/OpenMote-CC2538_armgcc/openapps/libopenapps.a(cinfo.o)
                0x200059c4                cinfo_vars
 COMMON         0x200059e8       0x24 build/OpenMote-CC2538_armgcc/openapps/libopenapps.a(cleds.o)
                0x200059e8                cleds_vars
 COMMON         0x20005a0c       0x24 build/OpenMote-CC2538_armgcc/openapps/libopenapps.a(cwellknown.o)
                0x20005a0c                cwellknown_vars
 COMMON         0x20005a30       0x82 build/OpenMote-CC2538_armgcc/kernel/openos/libkernel.a(scheduler.o)
                0x20005a30                scheduler_vars
                0x20005ab0                scheduler_dbg
 *fill*         0x20005ab2        0x2 00
 COMMON         0x20005ab4      0x1dc build/OpenMote-CC2538_armgcc/drivers/libdrivers.a(openserial.o)
                0x20005ab4                openserial_vars
 COMMON         0x20005c90       0xd0 build/OpenMote-CC2538_armgcc/drivers/libdrivers.a(opentimers.o)
                0x20005c90                opentimers_vars
 COMMON         0x20005d60       0x14 build/OpenMote-CC2538_armgcc/bsp/boards/OpenMote-CC2538/libbsp.a(bsp_timer.o)
                0x20005d60                bsp_timer_vars
 COMMON         0x20005d74        0xc build/OpenMote-CC2538_armgcc/bsp/boards/OpenMote-CC2538/libbsp.a(radio.o)
                0x20005d74                radio_vars
 COMMON         0x20005d80        0x8 build/OpenMote-CC2538_armgcc/bsp/boards/OpenMote-CC2538/libbsp.a(radiotimer.o)
                0x20005d80                radiotimer_vars
 COMMON         0x20005d88        0x8 build/OpenMote-CC2538_armgcc/bsp/boards/OpenMote-CC2538/libbsp.a(uart.o)
                0x20005d88                uart_vars
                0x20005d90                _ebss = .

.flashcca       0x0027ffd4        0xc
 *(.flashcca)
 .flashcca      0x0027ffd4        0xc build/OpenMote-CC2538_armgcc/bsp/boards/OpenMote-CC2538/libbsp.a(startup_gcc.o)
                0x0027ffd4                __cca
OUTPUT(projects/common/03oos_openwsn_prog elf32-littlearm)

.rel.dyn        0x0027ffe0        0x0
 .rel.iplt      0x00000000        0x0 projects/common/03oos_openwsn/03oos_openwsn.o

.debug_info     0x00000000    0x18d66
 .debug_info    0x00000000      0x158 projects/common/03oos_openwsn/03oos_openwsn.o
 .debug_info    0x00000158      0x44d build/OpenMote-CC2538_armgcc/openstack/libopenstack.a(openstack.o)
 .debug_info    0x000005a5     0x1a47 build/OpenMote-CC2538_armgcc/openstack/libopenstack.a(IEEE802154Ecsl.o)
 .debug_info    0x00001fec      0x511 build/OpenMote-CC2538_armgcc/openstack/libopenstack.a(adaptive_sync.o)
 .debug_info    0x000024fd      0xf53 build/OpenMote-CC2538_armgcc/openstack/libopenstack.a(neighbors.o)
 .debug_info    0x00003450      0xa8b build/OpenMote-CC2538_armgcc/openstack/libopenstack.a(processIE.o)
 .debug_info    0x00003edb      0xc2b build/OpenMote-CC2538_armgcc/openstack/libopenstack.a(schedule.o)
 .debug_info    0x00004b06     0x1542 build/OpenMote-CC2538_armgcc/openstack/libopenstack.a(sixtop.o)
 .debug_info    0x00006048      0xf2a build/OpenMote-CC2538_armgcc/openstack/libopenstack.a(iphc.o)
 .debug_info    0x00006f72      0x7e8 build/OpenMote-CC2538_armgcc/openstack/libopenstack.a(openbridge.o)
 .debug_info    0x0000775a      0xd12 build/OpenMote-CC2538_armgcc/openstack/libopenstack.a(forwarding.o)
 .debug_info    0x0000846c      0x834 build/OpenMote-CC2538_armgcc/openstack/libopenstack.a(icmpv6.o)
 .debug_info    0x00008ca0      0x8dc build/OpenMote-CC2538_armgcc/openstack/libopenstack.a(icmpv6echo.o)
 .debug_info    0x0000957c      0xced build/OpenMote-CC2538_armgcc/openstack/libopenstack.a(icmpv6rpl.o)
 .debug_info    0x0000a269      0xd52 build/OpenMote-CC2538_armgcc/openstack/libopenstack.a(opencoap.o)
 .debug_info    0x0000afbb      0xdce build/OpenMote-CC2538_armgcc/openstack/libopenstack.a(opentcp.o)
 .debug_info    0x0000bd89      0x90e build/OpenMote-CC2538_armgcc/openstack/libopenstack.a(openudp.o)
 .debug_info    0x0000c697      0x77f build/OpenMote-CC2538_armgcc/openstack/libopenstack.a(idmanager.o)
 .debug_info    0x0000ce16      0xab7 build/OpenMote-CC2538_armgcc/openstack/libopenstack.a(openqueue.o)
 .debug_info    0x0000d8cd      0x20a build/OpenMote-CC2538_armgcc/openstack/libopenstack.a(openrandom.o)
 .debug_info    0x0000dad7      0xce0 build/OpenMote-CC2538_armgcc/openstack/libopenstack.a(packetfunctions.o)
 .debug_info    0x0000e7b7      0x9c5 build/OpenMote-CC2538_armgcc/openstack/libopenstack.a(IEEE802154.o)
 .debug_info    0x0000f17c      0x2f8 build/OpenMote-CC2538_armgcc/openstack/libopenstack.a(otf.o)
 .debug_info    0x0000f474      0x2de build/OpenMote-CC2538_armgcc/openstack/libopenstack.a(topology.o)
 .debug_info    0x0000f752      0x1bc build/OpenMote-CC2538_armgcc/openapps/libopenapps.a(openapps_dyn.o)
 .debug_info    0x0000f90e      0x9dc build/OpenMote-CC2538_armgcc/openapps/libopenapps.a(c6t.o)
 .debug_info    0x000102ea      0x99a build/OpenMote-CC2538_armgcc/openapps/libopenapps.a(cinfo.o)
 .debug_info    0x00010c84      0x99a build/OpenMote-CC2538_armgcc/openapps/libopenapps.a(cleds.o)
 .debug_info    0x0001161e      0x9fe build/OpenMote-CC2538_armgcc/openapps/libopenapps.a(cwellknown.o)
 .debug_info    0x0001201c      0x833 build/OpenMote-CC2538_armgcc/openapps/libopenapps.a(techo.o)
 .debug_info    0x0001284f      0x831 build/OpenMote-CC2538_armgcc/openapps/libopenapps.a(uecho.o)
 .debug_info    0x00013080      0x33d build/OpenMote-CC2538_armgcc/kernel/openos/libkernel.a(scheduler.o)
 .debug_info    0x000133bd      0xaf9 build/OpenMote-CC2538_armgcc/drivers/libdrivers.a(openserial.o)
 .debug_info    0x00013eb6      0x439 build/OpenMote-CC2538_armgcc/drivers/libdrivers.a(opentimers.o)
 .debug_info    0x000142ef      0x1aa build/OpenMote-CC2538_armgcc/drivers/libdrivers.a(openhdlc.o)
 .debug_info    0x00014499      0x280 build/OpenMote-CC2538_armgcc/bsp/boards/OpenMote-CC2538/libbsp.a(board.o)
 .debug_info    0x00014719      0x2c8 build/OpenMote-CC2538_armgcc/bsp/boards/OpenMote-CC2538/libbsp.a(bsp_timer.o)
 .debug_info    0x000149e1      0x303 build/OpenMote-CC2538_armgcc/bsp/boards/OpenMote-CC2538/libbsp.a(debugpins.o)
 .debug_info    0x00014ce4       0xc6 build/OpenMote-CC2538_armgcc/bsp/boards/OpenMote-CC2538/libbsp.a(eui64.o)
 .debug_info    0x00014daa      0x1a9 build/OpenMote-CC2538_armgcc/bsp/boards/OpenMote-CC2538/libbsp.a(i2c.o)
 .debug_info    0x00014f53      0x45f build/OpenMote-CC2538_armgcc/bsp/boards/OpenMote-CC2538/libbsp.a(leds.o)
 .debug_info    0x000153b2      0x633 build/OpenMote-CC2538_armgcc/bsp/boards/OpenMote-CC2538/libbsp.a(radio.o)
 .debug_info    0x000159e5      0x40a build/OpenMote-CC2538_armgcc/bsp/boards/OpenMote-CC2538/libbsp.a(radiotimer.o)
 .debug_info    0x00015def      0x1d7 build/OpenMote-CC2538_armgcc/bsp/boards/OpenMote-CC2538/libbsp.a(startup_gcc.o)
 .debug_info    0x00015fc6      0x2fe build/OpenMote-CC2538_armgcc/bsp/boards/OpenMote-CC2538/libbsp.a(uart.o)
 .debug_info    0x000162c4      0x510 build/OpenMote-CC2538_armgcc/bsp/boards/OpenMote-CC2538/libbsp.a(flash.o)
 .debug_info    0x000167d4      0x7f8 build/OpenMote-CC2538_armgcc/bsp/boards/OpenMote-CC2538/libbsp.a(gpio.o)
 .debug_info    0x00016fcc      0x4b2 build/OpenMote-CC2538_armgcc/bsp/boards/OpenMote-CC2538/libbsp.a(i2c.o)
 .debug_info    0x0001747e      0x45f build/OpenMote-CC2538_armgcc/bsp/boards/OpenMote-CC2538/libbsp.a(interrupt.o)
 .debug_info    0x000178dd      0x2d7 build/OpenMote-CC2538_armgcc/bsp/boards/OpenMote-CC2538/libbsp.a(ioc.o)
 .debug_info    0x00017bb4      0x1e7 build/OpenMote-CC2538_armgcc/bsp/boards/OpenMote-CC2538/libbsp.a(sleepmode.o)
 .debug_info    0x00017d9b      0x51b build/OpenMote-CC2538_armgcc/bsp/boards/OpenMote-CC2538/libbsp.a(sys_ctrl.o)
 .debug_info    0x000182b6      0x920 build/OpenMote-CC2538_armgcc/bsp/boards/OpenMote-CC2538/libbsp.a(uarthal.o)
 .debug_info    0x00018bd6      0x190 build/OpenMote-CC2538_armgcc/bsp/boards/OpenMote-CC2538/libbsp.a(cpu.o)

.debug_abbrev   0x00000000     0x491f
 .debug_abbrev  0x00000000       0x7c projects/common/03oos_openwsn/03oos_openwsn.o
 .debug_abbrev  0x0000007c       0x90 build/OpenMote-CC2538_armgcc/openstack/libopenstack.a(openstack.o)
 .debug_abbrev  0x0000010c      0x220 build/OpenMote-CC2538_armgcc/openstack/libopenstack.a(IEEE802154Ecsl.o)
 .debug_abbrev  0x0000032c      0x159 build/OpenMote-CC2538_armgcc/openstack/libopenstack.a(adaptive_sync.o)
 .debug_abbrev  0x00000485      0x22a build/OpenMote-CC2538_armgcc/openstack/libopenstack.a(neighbors.o)
 .debug_abbrev  0x000006af      0x1cd build/OpenMote-CC2538_armgcc/openstack/libopenstack.a(processIE.o)
 .debug_abbrev  0x0000087c      0x1fb build/OpenMote-CC2538_armgcc/openstack/libopenstack.a(schedule.o)
 .debug_abbrev  0x00000a77      0x224 build/OpenMote-CC2538_armgcc/openstack/libopenstack.a(sixtop.o)
 .debug_abbrev  0x00000c9b      0x20e build/OpenMote-CC2538_armgcc/openstack/libopenstack.a(iphc.o)
 .debug_abbrev  0x00000ea9      0x148 build/OpenMote-CC2538_armgcc/openstack/libopenstack.a(openbridge.o)
 .debug_abbrev  0x00000ff1      0x1d6 build/OpenMote-CC2538_armgcc/openstack/libopenstack.a(forwarding.o)
 .debug_abbrev  0x000011c7      0x155 build/OpenMote-CC2538_armgcc/openstack/libopenstack.a(icmpv6.o)
 .debug_abbrev  0x0000131c      0x168 build/OpenMote-CC2538_armgcc/openstack/libopenstack.a(icmpv6echo.o)
 .debug_abbrev  0x00001484      0x1c3 build/OpenMote-CC2538_armgcc/openstack/libopenstack.a(icmpv6rpl.o)
 .debug_abbrev  0x00001647      0x200 build/OpenMote-CC2538_armgcc/openstack/libopenstack.a(opencoap.o)
 .debug_abbrev  0x00001847      0x226 build/OpenMote-CC2538_armgcc/openstack/libopenstack.a(opentcp.o)
 .debug_abbrev  0x00001a6d      0x17e build/OpenMote-CC2538_armgcc/openstack/libopenstack.a(openudp.o)
 .debug_abbrev  0x00001beb      0x166 build/OpenMote-CC2538_armgcc/openstack/libopenstack.a(idmanager.o)
 .debug_abbrev  0x00001d51      0x193 build/OpenMote-CC2538_armgcc/openstack/libopenstack.a(openqueue.o)
 .debug_abbrev  0x00001ee4       0xe8 build/OpenMote-CC2538_armgcc/openstack/libopenstack.a(openrandom.o)
 .debug_abbrev  0x00001fcc      0x1f4 build/OpenMote-CC2538_armgcc/openstack/libopenstack.a(packetfunctions.o)
 .debug_abbrev  0x000021c0      0x13f build/OpenMote-CC2538_armgcc/openstack/libopenstack.a(IEEE802154.o)
 .debug_abbrev  0x000022ff      0x10e build/OpenMote-CC2538_armgcc/openstack/libopenstack.a(otf.o)
 .debug_abbrev  0x0000240d      0x10d build/OpenMote-CC2538_armgcc/openstack/libopenstack.a(topology.o)
 .debug_abbrev  0x0000251a       0x7a build/OpenMote-CC2538_armgcc/openapps/libopenapps.a(openapps_dyn.o)
 .debug_abbrev  0x00002594      0x19f build/OpenMote-CC2538_armgcc/openapps/libopenapps.a(c6t.o)
 .debug_abbrev  0x00002733      0x19f build/OpenMote-CC2538_armgcc/openapps/libopenapps.a(cinfo.o)
 .debug_abbrev  0x000028d2      0x19f build/OpenMote-CC2538_armgcc/openapps/libopenapps.a(cleds.o)
 .debug_abbrev  0x00002a71      0x19f build/OpenMote-CC2538_armgcc/openapps/libopenapps.a(cwellknown.o)
 .debug_abbrev  0x00002c10      0x16d build/OpenMote-CC2538_armgcc/openapps/libopenapps.a(techo.o)
 .debug_abbrev  0x00002d7d      0x153 build/OpenMote-CC2538_armgcc/openapps/libopenapps.a(uecho.o)
 .debug_abbrev  0x00002ed0      0x12a build/OpenMote-CC2538_armgcc/kernel/openos/libkernel.a(scheduler.o)
 .debug_abbrev  0x00002ffa      0x1ad build/OpenMote-CC2538_armgcc/drivers/libdrivers.a(openserial.o)
 .debug_abbrev  0x000031a7      0x179 build/OpenMote-CC2538_armgcc/drivers/libdrivers.a(opentimers.o)
 .debug_abbrev  0x00003320       0x9c build/OpenMote-CC2538_armgcc/drivers/libdrivers.a(openhdlc.o)
 .debug_abbrev  0x000033bc       0xd8 build/OpenMote-CC2538_armgcc/bsp/boards/OpenMote-CC2538/libbsp.a(board.o)
 .debug_abbrev  0x00003494      0x160 build/OpenMote-CC2538_armgcc/bsp/boards/OpenMote-CC2538/libbsp.a(bsp_timer.o)
 .debug_abbrev  0x000035f4       0xa3 build/OpenMote-CC2538_armgcc/bsp/boards/OpenMote-CC2538/libbsp.a(debugpins.o)
 .debug_abbrev  0x00003697       0x7b build/OpenMote-CC2538_armgcc/bsp/boards/OpenMote-CC2538/libbsp.a(eui64.o)
 .debug_abbrev  0x00003712       0x93 build/OpenMote-CC2538_armgcc/bsp/boards/OpenMote-CC2538/libbsp.a(i2c.o)
 .debug_abbrev  0x000037a5       0xed build/OpenMote-CC2538_armgcc/bsp/boards/OpenMote-CC2538/libbsp.a(leds.o)
 .debug_abbrev  0x00003892      0x222 build/OpenMote-CC2538_armgcc/bsp/boards/OpenMote-CC2538/libbsp.a(radio.o)
 .debug_abbrev  0x00003ab4      0x186 build/OpenMote-CC2538_armgcc/bsp/boards/OpenMote-CC2538/libbsp.a(radiotimer.o)
 .debug_abbrev  0x00003c3a      0x112 build/OpenMote-CC2538_armgcc/bsp/boards/OpenMote-CC2538/libbsp.a(startup_gcc.o)
 .debug_abbrev  0x00003d4c      0x16d build/OpenMote-CC2538_armgcc/bsp/boards/OpenMote-CC2538/libbsp.a(uart.o)
 .debug_abbrev  0x00003eb9      0x156 build/OpenMote-CC2538_armgcc/bsp/boards/OpenMote-CC2538/libbsp.a(flash.o)
 .debug_abbrev  0x0000400f      0x124 build/OpenMote-CC2538_armgcc/bsp/boards/OpenMote-CC2538/libbsp.a(gpio.o)
 .debug_abbrev  0x00004133      0x138 build/OpenMote-CC2538_armgcc/bsp/boards/OpenMote-CC2538/libbsp.a(i2c.o)
 .debug_abbrev  0x0000426b      0x185 build/OpenMote-CC2538_armgcc/bsp/boards/OpenMote-CC2538/libbsp.a(interrupt.o)
 .debug_abbrev  0x000043f0       0xdf build/OpenMote-CC2538_armgcc/bsp/boards/OpenMote-CC2538/libbsp.a(ioc.o)
 .debug_abbrev  0x000044cf      0x113 build/OpenMote-CC2538_armgcc/bsp/boards/OpenMote-CC2538/libbsp.a(sleepmode.o)
 .debug_abbrev  0x000045e2      0x14a build/OpenMote-CC2538_armgcc/bsp/boards/OpenMote-CC2538/libbsp.a(sys_ctrl.o)
 .debug_abbrev  0x0000472c      0x124 build/OpenMote-CC2538_armgcc/bsp/boards/OpenMote-CC2538/libbsp.a(uarthal.o)
 .debug_abbrev  0x00004850       0xcf build/OpenMote-CC2538_armgcc/bsp/boards/OpenMote-CC2538/libbsp.a(cpu.o)

.debug_loc      0x00000000     0x7dce
 .debug_loc     0x00000000       0x2c projects/common/03oos_openwsn/03oos_openwsn.o
 .debug_loc     0x0000002c       0x2c build/OpenMote-CC2538_armgcc/openstack/libopenstack.a(openstack.o)
 .debug_loc     0x00000058      0xe8e build/OpenMote-CC2538_armgcc/openstack/libopenstack.a(IEEE802154Ecsl.o)
 .debug_loc     0x00000ee6      0x144 build/OpenMote-CC2538_armgcc/openstack/libopenstack.a(adaptive_sync.o)
 .debug_loc     0x0000102a      0x44a build/OpenMote-CC2538_armgcc/openstack/libopenstack.a(neighbors.o)
 .debug_loc     0x00001474      0x230 build/OpenMote-CC2538_armgcc/openstack/libopenstack.a(processIE.o)
 .debug_loc     0x000016a4      0x448 build/OpenMote-CC2538_armgcc/openstack/libopenstack.a(schedule.o)
 .debug_loc     0x00001aec      0x5e6 build/OpenMote-CC2538_armgcc/openstack/libopenstack.a(sixtop.o)
 .debug_loc     0x000020d2      0x1f2 build/OpenMote-CC2538_armgcc/openstack/libopenstack.a(iphc.o)
 .debug_loc     0x000022c4       0xd6 build/OpenMote-CC2538_armgcc/openstack/libopenstack.a(openbridge.o)
 .debug_loc     0x0000239a      0x1ee build/OpenMote-CC2538_armgcc/openstack/libopenstack.a(forwarding.o)
 .debug_loc     0x00002588       0xd4 build/OpenMote-CC2538_armgcc/openstack/libopenstack.a(icmpv6.o)
 .debug_loc     0x0000265c       0xd4 build/OpenMote-CC2538_armgcc/openstack/libopenstack.a(icmpv6echo.o)
 .debug_loc     0x00002730      0x22c build/OpenMote-CC2538_armgcc/openstack/libopenstack.a(icmpv6rpl.o)
 .debug_loc     0x0000295c      0x146 build/OpenMote-CC2538_armgcc/openstack/libopenstack.a(opencoap.o)
 .debug_loc     0x00002aa2      0x29c build/OpenMote-CC2538_armgcc/openstack/libopenstack.a(opentcp.o)
 .debug_loc     0x00002d3e      0x100 build/OpenMote-CC2538_armgcc/openstack/libopenstack.a(openudp.o)
 .debug_loc     0x00002e3e      0x1b4 build/OpenMote-CC2538_armgcc/openstack/libopenstack.a(idmanager.o)
 .debug_loc     0x00002ff2      0x268 build/OpenMote-CC2538_armgcc/openstack/libopenstack.a(openqueue.o)
 .debug_loc     0x0000325a       0x64 build/OpenMote-CC2538_armgcc/openstack/libopenstack.a(openrandom.o)
 .debug_loc     0x000032be      0x4d0 build/OpenMote-CC2538_armgcc/openstack/libopenstack.a(packetfunctions.o)
 .debug_loc     0x0000378e       0x70 build/OpenMote-CC2538_armgcc/openstack/libopenstack.a(IEEE802154.o)
 .debug_loc     0x000037fe       0xf4 build/OpenMote-CC2538_armgcc/openstack/libopenstack.a(otf.o)
 .debug_loc     0x000038f2       0x38 build/OpenMote-CC2538_armgcc/openstack/libopenstack.a(topology.o)
 .debug_loc     0x0000392a       0x2c build/OpenMote-CC2538_armgcc/openapps/libopenapps.a(openapps_dyn.o)
 .debug_loc     0x00003956       0x9c build/OpenMote-CC2538_armgcc/openapps/libopenapps.a(c6t.o)
 .debug_loc     0x000039f2       0x9c build/OpenMote-CC2538_armgcc/openapps/libopenapps.a(cinfo.o)
 .debug_loc     0x00003a8e       0x9c build/OpenMote-CC2538_armgcc/openapps/libopenapps.a(cleds.o)
 .debug_loc     0x00003b2a       0x9c build/OpenMote-CC2538_armgcc/openapps/libopenapps.a(cwellknown.o)
 .debug_loc     0x00003bc6      0x12c build/OpenMote-CC2538_armgcc/openapps/libopenapps.a(techo.o)
 .debug_loc     0x00003cf2       0xc8 build/OpenMote-CC2538_armgcc/openapps/libopenapps.a(uecho.o)
 .debug_loc     0x00003dba       0x9c build/OpenMote-CC2538_armgcc/kernel/openos/libkernel.a(scheduler.o)
 .debug_loc     0x00003e56      0x494 build/OpenMote-CC2538_armgcc/drivers/libdrivers.a(openserial.o)
 .debug_loc     0x000042ea      0x188 build/OpenMote-CC2538_armgcc/drivers/libdrivers.a(opentimers.o)
 .debug_loc     0x00004472       0x38 build/OpenMote-CC2538_armgcc/drivers/libdrivers.a(openhdlc.o)
 .debug_loc     0x000044aa      0x2a0 build/OpenMote-CC2538_armgcc/bsp/boards/OpenMote-CC2538/libbsp.a(board.o)
 .debug_loc     0x0000474a      0x178 build/OpenMote-CC2538_armgcc/bsp/boards/OpenMote-CC2538/libbsp.a(bsp_timer.o)
 .debug_loc     0x000048c2      0x37c build/OpenMote-CC2538_armgcc/bsp/boards/OpenMote-CC2538/libbsp.a(debugpins.o)
 .debug_loc     0x00004c3e       0x38 build/OpenMote-CC2538_armgcc/bsp/boards/OpenMote-CC2538/libbsp.a(eui64.o)
 .debug_loc     0x00004c76      0x118 build/OpenMote-CC2538_armgcc/bsp/boards/OpenMote-CC2538/libbsp.a(i2c.o)
 .debug_loc     0x00004d8e      0x510 build/OpenMote-CC2538_armgcc/bsp/boards/OpenMote-CC2538/libbsp.a(leds.o)
 .debug_loc     0x0000529e      0x508 build/OpenMote-CC2538_armgcc/bsp/boards/OpenMote-CC2538/libbsp.a(radio.o)
 .debug_loc     0x000057a6      0x324 build/OpenMote-CC2538_armgcc/bsp/boards/OpenMote-CC2538/libbsp.a(radiotimer.o)
 .debug_loc     0x00005aca       0xbc build/OpenMote-CC2538_armgcc/bsp/boards/OpenMote-CC2538/libbsp.a(startup_gcc.o)
 .debug_loc     0x00005b86      0x214 build/OpenMote-CC2538_armgcc/bsp/boards/OpenMote-CC2538/libbsp.a(uart.o)
 .debug_loc     0x00005d9a      0x1ec build/OpenMote-CC2538_armgcc/bsp/boards/OpenMote-CC2538/libbsp.a(flash.o)
 .debug_loc     0x00005f86      0x620 build/OpenMote-CC2538_armgcc/bsp/boards/OpenMote-CC2538/libbsp.a(gpio.o)
 .debug_loc     0x000065a6      0x5d0 build/OpenMote-CC2538_armgcc/bsp/boards/OpenMote-CC2538/libbsp.a(i2c.o)
 .debug_loc     0x00006b76      0x39c build/OpenMote-CC2538_armgcc/bsp/boards/OpenMote-CC2538/libbsp.a(interrupt.o)
 .debug_loc     0x00006f12       0xe0 build/OpenMote-CC2538_armgcc/bsp/boards/OpenMote-CC2538/libbsp.a(ioc.o)
 .debug_loc     0x00006ff2      0x1b4 build/OpenMote-CC2538_armgcc/bsp/boards/OpenMote-CC2538/libbsp.a(sleepmode.o)
 .debug_loc     0x000071a6      0x3d8 build/OpenMote-CC2538_armgcc/bsp/boards/OpenMote-CC2538/libbsp.a(sys_ctrl.o)
 .debug_loc     0x0000757e      0x850 build/OpenMote-CC2538_armgcc/bsp/boards/OpenMote-CC2538/libbsp.a(uarthal.o)

.debug_aranges  0x00000000      0x6c0
 .debug_aranges
                0x00000000       0x20 projects/common/03oos_openwsn/03oos_openwsn.o
 .debug_aranges
                0x00000020       0x20 build/OpenMote-CC2538_armgcc/openstack/libopenstack.a(openstack.o)
 .debug_aranges
                0x00000040       0x20 build/OpenMote-CC2538_armgcc/openstack/libopenstack.a(IEEE802154Ecsl.o)
 .debug_aranges
                0x00000060       0x20 build/OpenMote-CC2538_armgcc/openstack/libopenstack.a(adaptive_sync.o)
 .debug_aranges
                0x00000080       0x20 build/OpenMote-CC2538_armgcc/openstack/libopenstack.a(neighbors.o)
 .debug_aranges
                0x000000a0       0x20 build/OpenMote-CC2538_armgcc/openstack/libopenstack.a(processIE.o)
 .debug_aranges
                0x000000c0       0x20 build/OpenMote-CC2538_armgcc/openstack/libopenstack.a(schedule.o)
 .debug_aranges
                0x000000e0       0x20 build/OpenMote-CC2538_armgcc/openstack/libopenstack.a(sixtop.o)
 .debug_aranges
                0x00000100       0x20 build/OpenMote-CC2538_armgcc/openstack/libopenstack.a(iphc.o)
 .debug_aranges
                0x00000120       0x20 build/OpenMote-CC2538_armgcc/openstack/libopenstack.a(openbridge.o)
 .debug_aranges
                0x00000140       0x20 build/OpenMote-CC2538_armgcc/openstack/libopenstack.a(forwarding.o)
 .debug_aranges
                0x00000160       0x20 build/OpenMote-CC2538_armgcc/openstack/libopenstack.a(icmpv6.o)
 .debug_aranges
                0x00000180       0x20 build/OpenMote-CC2538_armgcc/openstack/libopenstack.a(icmpv6echo.o)
 .debug_aranges
                0x000001a0       0x20 build/OpenMote-CC2538_armgcc/openstack/libopenstack.a(icmpv6rpl.o)
 .debug_aranges
                0x000001c0       0x20 build/OpenMote-CC2538_armgcc/openstack/libopenstack.a(opencoap.o)
 .debug_aranges
                0x000001e0       0x20 build/OpenMote-CC2538_armgcc/openstack/libopenstack.a(opentcp.o)
 .debug_aranges
                0x00000200       0x20 build/OpenMote-CC2538_armgcc/openstack/libopenstack.a(openudp.o)
 .debug_aranges
                0x00000220       0x20 build/OpenMote-CC2538_armgcc/openstack/libopenstack.a(idmanager.o)
 .debug_aranges
                0x00000240       0x20 build/OpenMote-CC2538_armgcc/openstack/libopenstack.a(openqueue.o)
 .debug_aranges
                0x00000260       0x20 build/OpenMote-CC2538_armgcc/openstack/libopenstack.a(openrandom.o)
 .debug_aranges
                0x00000280       0x20 build/OpenMote-CC2538_armgcc/openstack/libopenstack.a(packetfunctions.o)
 .debug_aranges
                0x000002a0       0x20 build/OpenMote-CC2538_armgcc/openstack/libopenstack.a(IEEE802154.o)
 .debug_aranges
                0x000002c0       0x20 build/OpenMote-CC2538_armgcc/openstack/libopenstack.a(otf.o)
 .debug_aranges
                0x000002e0       0x20 build/OpenMote-CC2538_armgcc/openstack/libopenstack.a(topology.o)
 .debug_aranges
                0x00000300       0x20 build/OpenMote-CC2538_armgcc/openapps/libopenapps.a(openapps_dyn.o)
 .debug_aranges
                0x00000320       0x20 build/OpenMote-CC2538_armgcc/openapps/libopenapps.a(c6t.o)
 .debug_aranges
                0x00000340       0x20 build/OpenMote-CC2538_armgcc/openapps/libopenapps.a(cinfo.o)
 .debug_aranges
                0x00000360       0x20 build/OpenMote-CC2538_armgcc/openapps/libopenapps.a(cleds.o)
 .debug_aranges
                0x00000380       0x20 build/OpenMote-CC2538_armgcc/openapps/libopenapps.a(cwellknown.o)
 .debug_aranges
                0x000003a0       0x20 build/OpenMote-CC2538_armgcc/openapps/libopenapps.a(techo.o)
 .debug_aranges
                0x000003c0       0x20 build/OpenMote-CC2538_armgcc/openapps/libopenapps.a(uecho.o)
 .debug_aranges
                0x000003e0       0x20 build/OpenMote-CC2538_armgcc/kernel/openos/libkernel.a(scheduler.o)
 .debug_aranges
                0x00000400       0x20 build/OpenMote-CC2538_armgcc/drivers/libdrivers.a(openserial.o)
 .debug_aranges
                0x00000420       0x20 build/OpenMote-CC2538_armgcc/drivers/libdrivers.a(opentimers.o)
 .debug_aranges
                0x00000440       0x20 build/OpenMote-CC2538_armgcc/drivers/libdrivers.a(openhdlc.o)
 .debug_aranges
                0x00000460       0x20 build/OpenMote-CC2538_armgcc/bsp/boards/OpenMote-CC2538/libbsp.a(board.o)
 .debug_aranges
                0x00000480       0x20 build/OpenMote-CC2538_armgcc/bsp/boards/OpenMote-CC2538/libbsp.a(bsp_timer.o)
 .debug_aranges
                0x000004a0       0x20 build/OpenMote-CC2538_armgcc/bsp/boards/OpenMote-CC2538/libbsp.a(debugpins.o)
 .debug_aranges
                0x000004c0       0x20 build/OpenMote-CC2538_armgcc/bsp/boards/OpenMote-CC2538/libbsp.a(eui64.o)
 .debug_aranges
                0x000004e0       0x20 build/OpenMote-CC2538_armgcc/bsp/boards/OpenMote-CC2538/libbsp.a(i2c.o)
 .debug_aranges
                0x00000500       0x20 build/OpenMote-CC2538_armgcc/bsp/boards/OpenMote-CC2538/libbsp.a(leds.o)
 .debug_aranges
                0x00000520       0x20 build/OpenMote-CC2538_armgcc/bsp/boards/OpenMote-CC2538/libbsp.a(radio.o)
 .debug_aranges
                0x00000540       0x20 build/OpenMote-CC2538_armgcc/bsp/boards/OpenMote-CC2538/libbsp.a(radiotimer.o)
 .debug_aranges
                0x00000560       0x20 build/OpenMote-CC2538_armgcc/bsp/boards/OpenMote-CC2538/libbsp.a(startup_gcc.o)
 .debug_aranges
                0x00000580       0x20 build/OpenMote-CC2538_armgcc/bsp/boards/OpenMote-CC2538/libbsp.a(uart.o)
 .debug_aranges
                0x000005a0       0x20 build/OpenMote-CC2538_armgcc/bsp/boards/OpenMote-CC2538/libbsp.a(flash.o)
 .debug_aranges
                0x000005c0       0x20 build/OpenMote-CC2538_armgcc/bsp/boards/OpenMote-CC2538/libbsp.a(gpio.o)
 .debug_aranges