Archive member included because of file (symbol)

/opt/gcc-arm-none-eabi-4_7-2013q3/bin/../lib/gcc/arm-none-eabi/4.7.4/armv7-m/libgcc.a(_arm_addsubdf3.o)
                              ./drivers/sht21.o (__aeabi_dadd)
/opt/gcc-arm-none-eabi-4_7-2013q3/bin/../lib/gcc/arm-none-eabi/4.7.4/armv7-m/libgcc.a(_arm_muldivdf3.o)
                              ./drivers/sht21.o (__aeabi_dmul)
/opt/gcc-arm-none-eabi-4_7-2013q3/bin/../lib/gcc/arm-none-eabi/4.7.4/armv7-m/libgcc.a(_arm_truncdfsf2.o)
                              ./drivers/sht21.o (__aeabi_d2f)
/opt/gcc-arm-none-eabi-4_7-2013q3/bin/../lib/gcc/arm-none-eabi/4.7.4/armv7-m/libgcc.a(_arm_addsubsf3.o)
                              ./openstack/02b-MAChigh/neighbors.o (__aeabi_fadd)
/opt/gcc-arm-none-eabi-4_7-2013q3/bin/../lib/gcc/arm-none-eabi/4.7.4/armv7-m/libgcc.a(_arm_muldivsf3.o)
                              ./openstack/02b-MAChigh/neighbors.o (__aeabi_fmul)
/opt/gcc-arm-none-eabi-4_7-2013q3/bin/../lib/gcc/arm-none-eabi/4.7.4/armv7-m/libgcc.a(_arm_fixunssfsi.o)
                              ./openstack/02b-MAChigh/neighbors.o (__aeabi_f2uiz)
/opt/gcc-arm-none-eabi-4_7-2013q3/bin/../lib/gcc/arm-none-eabi/4.7.4/../../../../arm-none-eabi/lib/armv7-m/libg.a(lib_a-__atexit.o)
                              /opt/gcc-arm-none-eabi-4_7-2013q3/bin/../lib/gcc/arm-none-eabi/4.7.4/../../../../arm-none-eabi/lib/armv7-m/crt0.o (__register_exitproc)
/opt/gcc-arm-none-eabi-4_7-2013q3/bin/../lib/gcc/arm-none-eabi/4.7.4/../../../../arm-none-eabi/lib/armv7-m/libg.a(lib_a-exit.o)
                              /opt/gcc-arm-none-eabi-4_7-2013q3/bin/../lib/gcc/arm-none-eabi/4.7.4/../../../../arm-none-eabi/lib/armv7-m/crt0.o (exit)
/opt/gcc-arm-none-eabi-4_7-2013q3/bin/../lib/gcc/arm-none-eabi/4.7.4/../../../../arm-none-eabi/lib/armv7-m/libg.a(lib_a-fini.o)
                              /opt/gcc-arm-none-eabi-4_7-2013q3/bin/../lib/gcc/arm-none-eabi/4.7.4/../../../../arm-none-eabi/lib/armv7-m/crt0.o (__libc_fini_array)
/opt/gcc-arm-none-eabi-4_7-2013q3/bin/../lib/gcc/arm-none-eabi/4.7.4/../../../../arm-none-eabi/lib/armv7-m/libg.a(lib_a-impure.o)
                              /opt/gcc-arm-none-eabi-4_7-2013q3/bin/../lib/gcc/arm-none-eabi/4.7.4/../../../../arm-none-eabi/lib/armv7-m/libg.a(lib_a-__atexit.o) (_global_impure_ptr)
/opt/gcc-arm-none-eabi-4_7-2013q3/bin/../lib/gcc/arm-none-eabi/4.7.4/../../../../arm-none-eabi/lib/armv7-m/libg.a(lib_a-init.o)
                              /opt/gcc-arm-none-eabi-4_7-2013q3/bin/../lib/gcc/arm-none-eabi/4.7.4/../../../../arm-none-eabi/lib/armv7-m/crt0.o (__libc_init_array)
/opt/gcc-arm-none-eabi-4_7-2013q3/bin/../lib/gcc/arm-none-eabi/4.7.4/../../../../arm-none-eabi/lib/armv7-m/libg.a(lib_a-memcmp.o)
                              ./openstack/cross-layers/packetfunctions.o (memcmp)
/opt/gcc-arm-none-eabi-4_7-2013q3/bin/../lib/gcc/arm-none-eabi/4.7.4/../../../../arm-none-eabi/lib/armv7-m/libg.a(lib_a-memcpy.o)
                              ./openstack/cross-layers/packetfunctions.o (memcpy)
/opt/gcc-arm-none-eabi-4_7-2013q3/bin/../lib/gcc/arm-none-eabi/4.7.4/../../../../arm-none-eabi/lib/armv7-m/libg.a(lib_a-memset.o)
                              /opt/gcc-arm-none-eabi-4_7-2013q3/bin/../lib/gcc/arm-none-eabi/4.7.4/../../../../arm-none-eabi/lib/armv7-m/crt0.o (memset)
/opt/gcc-arm-none-eabi-4_7-2013q3/bin/../lib/gcc/arm-none-eabi/4.7.4/../../../../arm-none-eabi/lib/armv7-m/libg.a(lib_a-__call_atexit.o)
                              /opt/gcc-arm-none-eabi-4_7-2013q3/bin/../lib/gcc/arm-none-eabi/4.7.4/../../../../arm-none-eabi/lib/armv7-m/libg.a(lib_a-exit.o) (__call_exitprocs)
/opt/gcc-arm-none-eabi-4_7-2013q3/bin/../lib/gcc/arm-none-eabi/4.7.4/../../../../arm-none-eabi/lib/armv7-m/libg.a(lib_a-atexit.o)
                              /opt/gcc-arm-none-eabi-4_7-2013q3/bin/../lib/gcc/arm-none-eabi/4.7.4/../../../../arm-none-eabi/lib/armv7-m/libg.a(lib_a-__call_atexit.o) (atexit)

Allocating common symbols
Common symbol       size              file

icmpv6echo_vars     0x14              ./openstack/03b-IPv6/icmpv6echo.o
scheduler_vars      0x80              ./openos/scheduler.o
openqueue_vars      0x960             ./openstack/cross-layers/openqueue.o
cleds_vars          0x24              ./openapps/cleds/cleds.o
cexample_vars       0x28              ./openapps/cexample/cexample.o
adaptive_sync_vars  0x2c              ./openstack/02a-MAClow/adaptive_sync.o
uart_vars           0x8               ./OpenMote-CC2538/uart.o
cstorm_vars         0x28              ./openapps/cstorm/cstorm.o
opencoap_vars       0x8               ./openstack/04-TRAN/opencoap.o
c6t_vars            0x24              ./openapps/c6t/c6t.o
tohlone_vars        0x38              ./openapps/tohlone/tohlone.o
scheduler_dbg       0x2               ./openos/scheduler.o
tcp_vars            0x30              ./openstack/04-TRAN/opentcp.o
openserial_vars     0x1dc             ./common/openserial.o
sixtop_vars         0xc               ./openstack/02b-MAChigh/sixtop.o
[...]
Memory Configuration

Name             Origin             Length             Attributes
FLASH            0x00200000         0x0007ffd4         xr
FLASH_CCA        0x0027ffd4         0x0000000c         xr
SRAM             0x20004000         0x00004000         xrw
*default*        0x00000000         0xffffffff

Linker script and memory map

LOAD /opt/gcc-arm-none-eabi-4_7-2013q3/bin/../lib/gcc/arm-none-eabi/4.7.4/armv7-m/crti.o
LOAD /opt/gcc-arm-none-eabi-4_7-2013q3/bin/../lib/gcc/arm-none-eabi/4.7.4/armv7-m/crtbegin.o
LOAD /opt/gcc-arm-none-eabi-4_7-2013q3/bin/../lib/gcc/arm-none-eabi/4.7.4/../../../../arm-none-eabi/lib/armv7-m/crt0.o
LOAD ./openstack/cross-layers/idmanager.o
LOAD ./openstack/cross-layers/openqueue.o
LOAD ./openstack/cross-layers/openrandom.o
LOAD ./openstack/cross-layers/packetfunctions.o
LOAD ./openstack/04-TRAN/opencoap.o
LOAD ./openstack/04-TRAN/opentcp.o
LOAD ./openstack/04-TRAN/openudp.o
LOAD ./openstack/03b-IPv6/forwarding.o
LOAD ./openstack/03b-IPv6/icmpv6.o
LOAD ./openstack/03b-IPv6/icmpv6echo.o
LOAD ./openstack/03b-IPv6/icmpv6rpl.o
LOAD ./openstack/03a-IPHC/iphc.o
LOAD ./openstack/03a-IPHC/openbridge.o
LOAD ./openstack/02b-MAChigh/neighbors.o
LOAD ./openstack/02b-MAChigh/otf.o
LOAD ./openstack/02b-MAChigh/processIE.o
LOAD ./openstack/02b-MAChigh/schedule.o
LOAD ./openstack/02b-MAChigh/sixtop.o
LOAD ./openstack/02a-MAClow/IEEE802154.o
LOAD ./openstack/02a-MAClow/IEEE802154Ecsl.o
LOAD ./openstack/02a-MAClow/adaptive_sync.o
LOAD ./openstack/02a-MAClow/topology.o
LOAD ./openstack/openstack.o
LOAD ./openos/scheduler.o
LOAD ./openapps/uecho/uecho.o
LOAD ./openapps/tohlone/tohlone.o
LOAD ./openapps/tohlone/tohlone_webpages.o
LOAD ./openapps/techo/techo.o
LOAD ./openapps/cwellknown/cwellknown.o
LOAD ./openapps/cstorm/cstorm.o
LOAD ./openapps/cleds/cleds.o
LOAD ./openapps/cinfo/cinfo.o
LOAD ./openapps/cexample/cexample.o
LOAD ./openapps/c6t/c6t.o
LOAD ./openapps/openapps.o
LOAD ./drivers/adxl346.o
LOAD ./drivers/max44009.o
LOAD ./drivers/sht21.o
LOAD ./common/openhdlc.o
LOAD ./common/openserial.o
LOAD ./common/opentimers.o
LOAD ./OpenMote-CC2538/source/adc.o
LOAD ./OpenMote-CC2538/source/aes.o
LOAD ./OpenMote-CC2538/source/ccm.o
LOAD ./OpenMote-CC2538/source/cpu.o
LOAD ./OpenMote-CC2538/source/debug.o
LOAD ./OpenMote-CC2538/source/flash.o
LOAD ./OpenMote-CC2538/source/gpio.o
LOAD ./OpenMote-CC2538/source/gptimer.o
LOAD ./OpenMote-CC2538/source/i2c.o
LOAD ./OpenMote-CC2538/source/interrupt.o
LOAD ./OpenMote-CC2538/source/ioc.o
LOAD ./OpenMote-CC2538/source/pka.o
LOAD ./OpenMote-CC2538/source/sha256.o
LOAD ./OpenMote-CC2538/source/sleepmode.o
LOAD ./OpenMote-CC2538/source/ssi.o
LOAD ./OpenMote-CC2538/source/sys_ctrl.o
LOAD ./OpenMote-CC2538/source/systick.o
LOAD ./OpenMote-CC2538/source/uarthal.o
LOAD ./OpenMote-CC2538/source/udma.o
LOAD ./OpenMote-CC2538/source/watchdog.o
LOAD ./OpenMote-CC2538/board.o
LOAD ./OpenMote-CC2538/bsp_timer.o
LOAD ./OpenMote-CC2538/debugpins.o
LOAD ./OpenMote-CC2538/eui64.o
LOAD ./OpenMote-CC2538/i2c.o
LOAD ./OpenMote-CC2538/leds.o
LOAD ./OpenMote-CC2538/radio.o
LOAD ./OpenMote-CC2538/radiotimer.o
LOAD ./OpenMote-CC2538/startup_gcc.o
LOAD ./OpenMote-CC2538/uart.o
LOAD ./03oos_openwsn_csl/03oos_openwsn_csl.o
START GROUP
LOAD /opt/gcc-arm-none-eabi-4_7-2013q3/bin/../lib/gcc/arm-none-eabi/4.7.4/armv7-m/libgcc.a
LOAD /opt/gcc-arm-none-eabi-4_7-2013q3/bin/../lib/gcc/arm-none-eabi/4.7.4/../../../../arm-none-eabi/lib/armv7-m/libg.a
LOAD /opt/gcc-arm-none-eabi-4_7-2013q3/bin/../lib/gcc/arm-none-eabi/4.7.4/../../../../arm-none-eabi/lib/armv7-m/libc.a
END GROUP
LOAD /opt/gcc-arm-none-eabi-4_7-2013q3/bin/../lib/gcc/arm-none-eabi/4.7.4/armv7-m/crtend.o
LOAD /opt/gcc-arm-none-eabi-4_7-2013q3/bin/../lib/gcc/arm-none-eabi/4.7.4/armv7-m/crtn.o

.text           0x00200000    0x11810
                0x00200000                _text = .
 *(.vectors)
 .vectors       0x00200000      0x28c ./OpenMote-CC2538/startup_gcc.o
                0x00200000                gVectors
 *(.text*)
 .text.idmanager_init
                0x0020028c       0xa0 ./openstack/cross-layers/idmanager.o
                0x0020028c                idmanager_init
 .text.idmanager_getIsDAGroot
                0x0020032c       0x28 ./openstack/cross-layers/idmanager.o
                0x0020032c                idmanager_getIsDAGroot
 .text.idmanager_setIsDAGroot
                0x00200354       0x2c ./openstack/cross-layers/idmanager.o
                0x00200354                idmanager_setIsDAGroot
 .text.idmanager_getMyID
                0x00200380       0x8c ./openstack/cross-layers/idmanager.o
                0x00200380                idmanager_getMyID
 .text.idmanager_setMyID
                0x0020040c       0xf4 ./openstack/cross-layers/idmanager.o
                0x0020040c                idmanager_setMyID
 .text.idmanager_isMyAddress
                0x00200500      0x108 ./openstack/cross-layers/idmanager.o
                0x00200500                idmanager_isMyAddress
 .text.idmanager_triggerAboutRoot
                0x00200608       0xdc ./openstack/cross-layers/idmanager.o
                0x00200608                idmanager_triggerAboutRoot
 .text.openqueue_init
                0x002006e4       0x44 ./openstack/cross-layers/openqueue.o
                0x002006e4                openqueue_init
 .text.openqueue_getFreePacketBuffer
                0x00200728       0xcc ./openstack/cross-layers/openqueue.o
                0x00200728                openqueue_getFreePacketBuffer
 .text.openqueue_freePacketBuffer
                0x002007f4       0xc0 ./openstack/cross-layers/openqueue.o
                0x002007f4                openqueue_freePacketBuffer
 .text.openqueue_removeAllCreatedBy
                0x002008b4       0x70 ./openstack/cross-layers/openqueue.o
                0x002008b4                openqueue_removeAllCreatedBy
 .text.openqueue_removeAllOwnedBy
                0x00200924       0x70 ./openstack/cross-layers/openqueue.o
                0x00200924                openqueue_removeAllOwnedBy
 .text.openqueue_sixtopGetSentPacket
                0x00200994       0x8c ./openstack/cross-layers/openqueue.o
                0x00200994                openqueue_sixtopGetSentPacket
 .text.openqueue_sixtopGetReceivedPacket
                0x00200a20       0x8c ./openstack/cross-layers/openqueue.o
                0x00200a20                openqueue_sixtopGetReceivedPacket
 .text.openqueue_reset_entry
                0x00200aac       0x78 ./openstack/cross-layers/openqueue.o
                0x00200aac                openqueue_reset_entry
 .text.openrandom_init
                0x00200b24       0x64 ./openstack/cross-layers/openrandom.o
                0x00200b24                openrandom_init
 .text.openrandom_get16b
                0x00200b88       0x94 ./openstack/cross-layers/openrandom.o
                0x00200b88                openrandom_get16b
 .text.packetfunctions_ip128bToMac64b
                0x00200c1c       0x7c ./openstack/cross-layers/packetfunctions.o
                0x00200c1c                packetfunctions_ip128bToMac64b
 .text.packetfunctions_mac64bToIp128b
                0x00200c98       0x7c ./openstack/cross-layers/packetfunctions.o
                0x00200c98                packetfunctions_mac64bToIp128b
 .text.packetfunctions_mac64bToMac16b
                0x00200d14       0x54 ./openstack/cross-layers/packetfunctions.o
                0x00200d14                packetfunctions_mac64bToMac16b
 .text.packetfunctions_mac16bToMac64b
                0x00200d68       0x84 ./openstack/cross-layers/packetfunctions.o
                0x00200d68                packetfunctions_mac16bToMac64b
 .text.packetfunctions_isBroadcastMulticast
                0x00200dec       0x98 ./openstack/cross-layers/packetfunctions.o
                0x00200dec                packetfunctions_isBroadcastMulticast
 .text.packetfunctions_isAllRoutersMulticast
                0x00200e84       0xa8 ./openstack/cross-layers/packetfunctions.o
                0x00200e84                packetfunctions_isAllRoutersMulticast
 .text.packetfunctions_sameAddress
                0x00200f2c       0xac ./openstack/cross-layers/packetfunctions.o
                0x00200f2c                packetfunctions_sameAddress
 .text.packetfunctions_readAddress
                0x00200fd8       0xbc ./openstack/cross-layers/packetfunctions.o
                0x00200fd8                packetfunctions_readAddress
 .text.packetfunctions_writeAddress
                0x00201094       0xcc ./openstack/cross-layers/packetfunctions.o
                0x00201094                packetfunctions_writeAddress
 .text.packetfunctions_reserveHeaderSize
                0x00201160       0x54 ./openstack/cross-layers/packetfunctions.o
                0x00201160                packetfunctions_reserveHeaderSize
 .text.packetfunctions_tossHeader
                0x002011b4       0x50 ./openstack/cross-layers/packetfunctions.o
                0x002011b4                packetfunctions_tossHeader
 .text.packetfunctions_reserveFooterSize
                0x00201204       0x44 ./openstack/cross-layers/packetfunctions.o
                0x00201204                packetfunctions_reserveFooterSize
 .text.packetfunctions_tossFooter
                0x00201248       0x40 ./openstack/cross-layers/packetfunctions.o
                0x00201248                packetfunctions_tossFooter
 .text.packetfunctions_calculateChecksum
                0x00201288      0x100 ./openstack/cross-layers/packetfunctions.o
                0x00201288                packetfunctions_calculateChecksum
 .text.onesComplementSum
                0x00201388       0xbc ./openstack/cross-layers/packetfunctions.o
                0x00201388                onesComplementSum
 .text.packetfunctions_htons
                0x00201444       0x30 ./openstack/cross-layers/packetfunctions.o
                0x00201444                packetfunctions_htons
 .text.packetfunctions_ntohs
                0x00201474       0x2c ./openstack/cross-layers/packetfunctions.o
                0x00201474                packetfunctions_ntohs
 .text.packetfunctions_htonl
                0x002014a0       0x54 ./openstack/cross-layers/packetfunctions.o
                0x002014a0                packetfunctions_htonl
 .text.packetfunctions_ntohl
                0x002014f4       0x44 ./openstack/cross-layers/packetfunctions.o
                0x002014f4                packetfunctions_ntohl
 .text.opencoap_init
                0x00201538       0x28 ./openstack/04-TRAN/opencoap.o
                0x00201538                opencoap_init
 .text.opencoap_receive
                0x00201560      0x530 ./openstack/04-TRAN/opencoap.o
                0x00201560                opencoap_receive
 .text.opencoap_sendDone
                0x00201a90       0x84 ./openstack/04-TRAN/opencoap.o
                0x00201a90                opencoap_sendDone
 .text.opencoap_writeLinks
                0x00201b14       0xdc ./openstack/04-TRAN/opencoap.o
                0x00201b14                opencoap_writeLinks
 .text.opencoap_register
                0x00201bf0       0x58 ./openstack/04-TRAN/opencoap.o
                0x00201bf0                opencoap_register
 .text.opentcp_init
                0x00201c48       0x20 ./openstack/04-TRAN/opentcp.o
                0x00201c48                opentcp_init
 .text.opentcp_send
                0x00201c68      0x13c ./openstack/04-TRAN/opentcp.o
                0x00201c68                opentcp_send
 .text.opentcp_sendDone
                0x00201da4      0x258 ./openstack/04-TRAN/opentcp.o
                0x00201da4                opentcp_sendDone
 .text.opentcp_receive
                0x00201ffc      0xbd8 ./openstack/04-TRAN/opentcp.o
                0x00201ffc                opentcp_receive
 .text.opentcp_close
                0x00202bd4      0x104 ./openstack/04-TRAN/opentcp.o
                0x00202bd4                opentcp_close
 .text.timers_tcp_fired
                0x00202cd8        0xc ./openstack/04-TRAN/opentcp.o
                0x00202cd8                timers_tcp_fired
 .text.prependTCPHeader
                0x00202ce4      0x160 ./openstack/04-TRAN/opentcp.o
                0x00202ce4                prependTCPHeader
 .text.containsControlBits
                0x00202e44      0x124 ./openstack/04-TRAN/opentcp.o
                0x00202e44                containsControlBits
 .text.opentcp_reset
                0x00202f68       0x6c ./openstack/04-TRAN/opentcp.o
                0x00202f68                opentcp_reset
 .text.tcp_change_state
                0x00202fd4       0xa0 ./openstack/04-TRAN/opentcp.o
                0x00202fd4                tcp_change_state
 .text.opentcp_timer_cb
                0x00203074       0x18 ./openstack/04-TRAN/opentcp.o
                0x00203074                opentcp_timer_cb
 .text.openudp_init
                0x0020308c        0xc ./openstack/04-TRAN/openudp.o
                0x0020308c                openudp_init
 .text.openudp_send
                0x00203098       0x90 ./openstack/04-TRAN/openudp.o
                0x00203098                openudp_send
 .text.openudp_sendDone
                0x00203128       0x60 ./openstack/04-TRAN/openudp.o
                0x00203128                openudp_sendDone
 .text.openudp_receive
                0x00203188      0x1d8 ./openstack/04-TRAN/openudp.o
                0x00203188                openudp_receive
 .text.forwarding_init
                0x00203360        0xc ./openstack/03b-IPv6/forwarding.o
                0x00203360                forwarding_init
 .text.forwarding_send
                0x0020336c       0xc0 ./openstack/03b-IPv6/forwarding.o
                0x0020336c                forwarding_send
 .text.forwarding_sendDone
                0x0020342c       0x84 ./openstack/03b-IPv6/forwarding.o
                0x0020342c                forwarding_sendDone
 .text.forwarding_receive
                0x002034b0      0x1bc ./openstack/03b-IPv6/forwarding.o
                0x002034b0                forwarding_receive
 .text.forwarding_getNextHop
                0x0020366c       0x6c ./openstack/03b-IPv6/forwarding.o
                0x0020366c                forwarding_getNextHop
 .text.forwarding_send_internal_RoutingTable
                0x002036d8       0x64 ./openstack/03b-IPv6/forwarding.o
                0x002036d8                forwarding_send_internal_RoutingTable
 .text.forwarding_send_internal_SourceRouting
                0x0020373c      0x2dc ./openstack/03b-IPv6/forwarding.o
                0x0020373c                forwarding_send_internal_SourceRouting
 .text.forwarding_createRplOption
                0x00203a18       0x44 ./openstack/03b-IPv6/forwarding.o
                0x00203a18                forwarding_createRplOption
 .text.forwarding_createFlowLabel
                0x00203a5c       0x44 ./openstack/03b-IPv6/forwarding.o
                0x00203a5c                forwarding_createFlowLabel
 .text.icmpv6_init
                0x00203aa0        0xc ./openstack/03b-IPv6/icmpv6.o
                0x00203aa0                icmpv6_init
 .text.icmpv6_send
                0x00203aac       0x2c ./openstack/03b-IPv6/icmpv6.o
                0x00203aac                icmpv6_send
 .text.icmpv6_sendDone
                0x00203ad8       0x64 ./openstack/03b-IPv6/icmpv6.o
                0x00203ad8                icmpv6_sendDone
 .text.icmpv6_receive
                0x00203b3c       0x64 ./openstack/03b-IPv6/icmpv6.o
                0x00203b3c                icmpv6_receive
 .text.icmpv6echo_init
                0x00203ba0       0x28 ./openstack/03b-IPv6/icmpv6echo.o
                0x00203ba0                icmpv6echo_init
 .text.icmpv6echo_sendDone
                0x00203bc8       0x4c ./openstack/03b-IPv6/icmpv6echo.o
                0x00203bc8                icmpv6echo_sendDone
 .text.icmpv6echo_receive
                0x00203c14      0x158 ./openstack/03b-IPv6/icmpv6echo.o
                0x00203c14                icmpv6echo_receive
 .text.icmpv6rpl_init
                0x00203d6c      0x294 ./openstack/03b-IPv6/icmpv6rpl.o
                0x00203d6c                icmpv6rpl_init
 .text.icmpv6rpl_writeDODAGid
                0x00204000       0x40 ./openstack/03b-IPv6/icmpv6rpl.o
                0x00204000                icmpv6rpl_writeDODAGid
 .text.icmpv6rpl_getRPLIntanceID
                0x00204040       0x18 ./openstack/03b-IPv6/icmpv6rpl.o
                0x00204040                icmpv6rpl_getRPLIntanceID
 .text.icmpv6rpl_sendDone
                0x00204058       0x4c ./openstack/03b-IPv6/icmpv6rpl.o
                0x00204058                icmpv6rpl_sendDone
 .text.icmpv6rpl_receive
                0x002040a4       0xb0 ./openstack/03b-IPv6/icmpv6rpl.o
                0x002040a4                icmpv6rpl_receive
 .text.icmpv6rpl_timer_DIO_cb
                0x00204154       0x18 ./openstack/03b-IPv6/icmpv6rpl.o
                0x00204154                icmpv6rpl_timer_DIO_cb
 .text.icmpv6rpl_timer_DIO_task
                0x0020416c       0x94 ./openstack/03b-IPv6/icmpv6rpl.o
                0x0020416c                icmpv6rpl_timer_DIO_task
 .text.sendDIO  0x00204200      0x18c ./openstack/03b-IPv6/icmpv6rpl.o
                0x00204200                sendDIO
 .text.icmpv6rpl_timer_DAO_cb
                0x0020438c       0x18 ./openstack/03b-IPv6/icmpv6rpl.o
                0x0020438c                icmpv6rpl_timer_DAO_cb
 .text.icmpv6rpl_timer_DAO_task
                0x002043a4       0x9c ./openstack/03b-IPv6/icmpv6rpl.o
                0x002043a4                icmpv6rpl_timer_DAO_task
 .text.sendDAO  0x00204440      0x2f4 ./openstack/03b-IPv6/icmpv6rpl.o
                0x00204440                sendDAO
 .text.iphc_init
                0x00204734        0xc ./openstack/03a-IPHC/iphc.o
                0x00204734                iphc_init
 .text.iphc_sendFromForwarding
                0x00204740      0x274 ./openstack/03a-IPHC/iphc.o
                0x00204740                iphc_sendFromForwarding
 .text.iphc_sendFromBridge
                0x002049b4       0x4c ./openstack/03a-IPHC/iphc.o
                0x002049b4                iphc_sendFromBridge
 .text.iphc_sendDone
                0x00204a00       0x3c ./openstack/03a-IPHC/iphc.o
                0x00204a00                iphc_sendDone
 .text.iphc_receive
                0x00204a3c       0x98 ./openstack/03a-IPHC/iphc.o
                0x00204a3c                iphc_receive
 .text.iphc_prependIPv6Header
                0x00204ad4      0x41c ./openstack/03a-IPHC/iphc.o
                0x00204ad4                iphc_prependIPv6Header
 .text.iphc_retrieveIPv6Header
                0x00204ef0      0x598 ./openstack/03a-IPHC/iphc.o
                0x00204ef0                iphc_retrieveIPv6Header
 .text.iphc_retrieveIPv6HopByHopHeader
                0x00205488       0x18 ./openstack/03a-IPHC/iphc.o
                0x00205488                iphc_retrieveIPv6HopByHopHeader
 .text.openbridge_init
                0x002054a0        0xc ./openstack/03a-IPHC/openbridge.o
                0x002054a0                openbridge_init
 .text.openbridge_triggerData
                0x002054ac      0x128 ./openstack/03a-IPHC/openbridge.o
                0x002054ac                openbridge_triggerData
 .text.openbridge_sendDone
                0x002055d4       0x40 ./openstack/03a-IPHC/openbridge.o
                0x002055d4                openbridge_sendDone
 .text.openbridge_receive
                0x00205614       0x70 ./openstack/03a-IPHC/openbridge.o
                0x00205614                openbridge_receive
 .text.neighbors_init
                0x00205684       0x48 ./openstack/02b-MAChigh/neighbors.o
                0x00205684                neighbors_init
 .text.neighbors_getMyDAGrank
                0x002056cc       0x18 ./openstack/02b-MAChigh/neighbors.o
                0x002056cc                neighbors_getMyDAGrank
 .text.neighbors_getPreferredParentEui64
                0x002056e4      0x1d0 ./openstack/02b-MAChigh/neighbors.o
                0x002056e4                neighbors_getPreferredParentEui64
 .text.neighbors_getKANeighbor
                0x002058b4       0xdc ./openstack/02b-MAChigh/neighbors.o
                0x002058b4                neighbors_getKANeighbor
 .text.neighbors_isStableNeighbor
                0x00205990       0xb4 ./openstack/02b-MAChigh/neighbors.o
                0x00205990                neighbors_isStableNeighbor
 .text.neighbors_isPreferredParent
                0x00205a44       0x70 ./openstack/02b-MAChigh/neighbors.o
                0x00205a44                neighbors_isPreferredParent
 .text.neighbors_isNeighborWithHigherDAGrank
                0x00205ab4       0x70 ./openstack/02b-MAChigh/neighbors.o
                0x00205ab4                neighbors_isNeighborWithHigherDAGrank
 .text.neighbors_indicateRx
                0x00205b24      0x320 ./openstack/02b-MAChigh/neighbors.o
                0x00205b24                neighbors_indicateRx
 .text.neighbors_indicateTx
                0x00205e44      0x208 ./openstack/02b-MAChigh/neighbors.o
                0x00205e44                neighbors_indicateTx
 .text.neighbors_indicateRxDIO
                0x0020604c      0x1a4 ./openstack/02b-MAChigh/neighbors.o
                0x0020604c                neighbors_indicateRxDIO
 .text.neighbors_getNeighbor
                0x002061f0       0x6c ./openstack/02b-MAChigh/neighbors.o
                0x002061f0                neighbors_getNeighbor
 .text.neighbors_updateMyDAGrankAndNeighborPreference
                0x0020625c      0x200 ./openstack/02b-MAChigh/neighbors.o
                0x0020625c                neighbors_updateMyDAGrankAndNeighborPreference
 .text.neighbors_removeOld
                0x0020645c       0x80 ./openstack/02b-MAChigh/neighbors.o
                0x0020645c                neighbors_removeOld
 .text.registerNewNeighbor
                0x002064dc      0x2d0 ./openstack/02b-MAChigh/neighbors.o
                0x002064dc                registerNewNeighbor
 .text.isNeighbor
                0x002067ac       0x48 ./openstack/02b-MAChigh/neighbors.o
                0x002067ac                isNeighbor
 .text.removeNeighbor
                0x002067f4      0x1cc ./openstack/02b-MAChigh/neighbors.o
                0x002067f4                removeNeighbor
 .text.isThisRowMatching
                0x002069c0       0x94 ./openstack/02b-MAChigh/neighbors.o
                0x002069c0                isThisRowMatching
 .text.otf_notif_addedCell
                0x00206a54       0x18 ./openstack/02b-MAChigh/otf.o
                0x00206a54                otf_notif_addedCell
 .text.otf_notif_removedCell
                0x00206a6c       0x18 ./openstack/02b-MAChigh/otf.o
                0x00206a6c                otf_notif_removedCell
 .text.otf_addCell_task
                0x00206a84       0x38 ./openstack/02b-MAChigh/otf.o
                0x00206a84                otf_addCell_task
 .text.otf_removeCell_task
                0x00206abc       0x34 ./openstack/02b-MAChigh/otf.o
                0x00206abc                otf_removeCell_task
 .text.processIE_prependMLMEIE
                0x00206af0       0x54 ./openstack/02b-MAChigh/processIE.o
                0x00206af0                processIE_prependMLMEIE
 .text.processIE_prependSyncIE
                0x00206b44       0x74 ./openstack/02b-MAChigh/processIE.o
                0x00206b44                processIE_prependSyncIE
 .text.processIE_prependSlotframeLinkIE
                0x00206bb8      0x188 ./openstack/02b-MAChigh/processIE.o
                0x00206bb8                processIE_prependSlotframeLinkIE
 .text.processIE_prependOpcodeIE
                0x00206d40       0x80 ./openstack/02b-MAChigh/processIE.o
                0x00206d40                processIE_prependOpcodeIE
 .text.processIE_prependBandwidthIE
                0x00206dc0       0x9c ./openstack/02b-MAChigh/processIE.o
                0x00206dc0                processIE_prependBandwidthIE
 .text.processIE_prependSheduleIE
                0x00206e5c      0x1b4 ./openstack/02b-MAChigh/processIE.o
                0x00206e5c                processIE_prependSheduleIE
 .text.processIE_retrieveSlotframeLinkIE
                0x00207010      0x154 ./openstack/02b-MAChigh/processIE.o
                0x00207010                processIE_retrieveSlotframeLinkIE
 .text.processIE_retrieveOpcodeIE
                0x00207164       0x38 ./openstack/02b-MAChigh/processIE.o
                0x00207164                processIE_retrieveOpcodeIE
 .text.processIE_retrieveBandwidthIE
                0x0020719c       0x50 ./openstack/02b-MAChigh/processIE.o
                0x0020719c                processIE_retrieveBandwidthIE
 .text.processIE_retrieveSheduleIE
                0x002071ec      0x1c0 ./openstack/02b-MAChigh/processIE.o
                0x002071ec                processIE_retrieveSheduleIE
 .text.schedule_init
                0x002073ac      0x138 ./openstack/02b-MAChigh/schedule.o
                0x002073ac                schedule_init
 .text.schedule_setFrameLength
                0x002074e4       0x28 ./openstack/02b-MAChigh/schedule.o
                0x002074e4                schedule_setFrameLength
 .text.schedule_getSlotInfo
                0x0020750c       0x88 ./openstack/02b-MAChigh/schedule.o
                0x0020750c                schedule_getSlotInfo
 .text.schedule_addActiveSlot
                0x00207594      0x130 ./openstack/02b-MAChigh/schedule.o
                0x00207594                schedule_addActiveSlot
 .text.schedule_removeActiveSlot
                0x002076c4      0x100 ./openstack/02b-MAChigh/schedule.o
                0x002076c4                schedule_removeActiveSlot
 .text.schedule_isSlotOffsetAvailable
                0x002077c4       0x58 ./openstack/02b-MAChigh/schedule.o
                0x002077c4                schedule_isSlotOffsetAvailable
 .text.schedule_syncSlotOffset
                0x0020781c       0x34 ./openstack/02b-MAChigh/schedule.o
                0x0020781c                schedule_syncSlotOffset
 .text.schedule_advanceSlot
                0x00207850       0x28 ./openstack/02b-MAChigh/schedule.o
                0x00207850                schedule_advanceSlot
 .text.schedule_getNextActiveSlotOffset
                0x00207878       0x2c ./openstack/02b-MAChigh/schedule.o
                0x00207878                schedule_getNextActiveSlotOffset
 .text.schedule_getFrameLength
                0x002078a4       0x28 ./openstack/02b-MAChigh/schedule.o
                0x002078a4                schedule_getFrameLength
 .text.schedule_getChannelOffset
                0x002078cc       0x2c ./openstack/02b-MAChigh/schedule.o
                0x002078cc                schedule_getChannelOffset
 .text.schedule_resetBackoff
                0x002078f8       0x30 ./openstack/02b-MAChigh/schedule.o
                0x002078f8                schedule_resetBackoff
 .text.schedule_indicateRx
                0x00207928       0x4c ./openstack/02b-MAChigh/schedule.o
                0x00207928                schedule_indicateRx
 .text.schedule_indicateTx
                0x00207974      0x160 ./openstack/02b-MAChigh/schedule.o
                0x00207974                schedule_indicateTx
 .text.schedule_resetEntry
                0x00207ad4       0x84 ./openstack/02b-MAChigh/schedule.o
                0x00207ad4                schedule_resetEntry
 .text.sixtop_init
                0x00207b58       0xbc ./openstack/02b-MAChigh/sixtop.o
                0x00207b58                sixtop_init
 .text.sixtop_setKaPeriod
                0x00207c14       0x38 ./openstack/02b-MAChigh/sixtop.o
                0x00207c14                sixtop_setKaPeriod
 .text.sixtop_addCells
                0x00207c4c      0x164 ./openstack/02b-MAChigh/sixtop.o
                0x00207c4c                sixtop_addCells
 .text.sixtop_removeCell
                0x00207db0      0x144 ./openstack/02b-MAChigh/sixtop.o
                0x00207db0                sixtop_removeCell
 .text.sixtop_send
                0x00207ef4       0x58 ./openstack/02b-MAChigh/sixtop.o
                0x00207ef4                sixtop_send
 .text.task_sixtopNotifSendDone
                0x00207f4c      0x118 ./openstack/02b-MAChigh/sixtop.o
                0x00207f4c                task_sixtopNotifSendDone
 .text.task_sixtopNotifReceive
                0x00208064      0x100 ./openstack/02b-MAChigh/sixtop.o
                0x00208064                task_sixtopNotifReceive
 .text.sixtop_send_internal
                0x00208164       0xbc ./openstack/02b-MAChigh/sixtop.o
                0x00208164                sixtop_send_internal
 .text.sixtop_maintenance_timer_cb
                0x00208220       0x18 ./openstack/02b-MAChigh/sixtop.o
                0x00208220                sixtop_maintenance_timer_cb
 .text.sixtop_timeout_timer_cb
                0x00208238       0x18 ./openstack/02b-MAChigh/sixtop.o
                0x00208238                sixtop_timeout_timer_cb
 .text.timer_sixtop_management_fired
                0x00208250       0x6c ./openstack/02b-MAChigh/sixtop.o
                0x00208250                timer_sixtop_management_fired
 .text.sixtop_sendEB
                0x002082bc       0xec ./openstack/02b-MAChigh/sixtop.o
                0x002082bc                sixtop_sendEB
 .text.sixtop_sendKA
                0x002083a8       0xd4 ./openstack/02b-MAChigh/sixtop.o
                0x002083a8                sixtop_sendKA
 .text.timer_sixtop_six2six_timeout_fired
                0x0020847c       0x18 ./openstack/02b-MAChigh/sixtop.o
                0x0020847c                timer_sixtop_six2six_timeout_fired
 .text.sixtop_six2six_sendDone
                0x00208494      0x1d4 ./openstack/02b-MAChigh/sixtop.o
                0x00208494                sixtop_six2six_sendDone
 .text.sixtop_processIEs
                0x00208668      0x240 ./openstack/02b-MAChigh/sixtop.o
                0x00208668                sixtop_processIEs
 .text.sixtop_notifyReceiveCommand
                0x002088a8       0xac ./openstack/02b-MAChigh/sixtop.o
                0x002088a8                sixtop_notifyReceiveCommand
 .text.sixtop_notifyReceiveLinkRequest
                0x00208954       0x98 ./openstack/02b-MAChigh/sixtop.o
                0x00208954                sixtop_notifyReceiveLinkRequest
 .text.sixtop_linkResponse
                0x002089ec      0x110 ./openstack/02b-MAChigh/sixtop.o
                0x002089ec                sixtop_linkResponse
 .text.sixtop_notifyReceiveLinkResponse
                0x00208afc       0xa4 ./openstack/02b-MAChigh/sixtop.o
                0x00208afc                sixtop_notifyReceiveLinkResponse
 .text.sixtop_notifyReceiveRemoveLinkRequest
                0x00208ba0       0x50 ./openstack/02b-MAChigh/sixtop.o
                0x00208ba0                sixtop_notifyReceiveRemoveLinkRequest
 .text.sixtop_candidateAddCellList
                0x00208bf0       0xc0 ./openstack/02b-MAChigh/sixtop.o
                0x00208bf0                sixtop_candidateAddCellList
 .text.sixtop_candidateRemoveCellList
                0x00208cb0       0xb8 ./openstack/02b-MAChigh/sixtop.o
                0x00208cb0                sixtop_candidateRemoveCellList
 .text.sixtop_addCellsByState
                0x00208d68      0x12c ./openstack/02b-MAChigh/sixtop.o
                0x00208d68                sixtop_addCellsByState
 .text.sixtop_removeCellsByState
                0x00208e94       0x60 ./openstack/02b-MAChigh/sixtop.o
                0x00208e94                sixtop_removeCellsByState
 .text.sixtop_areAvailableCellsToBeScheduled
                0x00208ef4       0xd4 ./openstack/02b-MAChigh/sixtop.o
                0x00208ef4                sixtop_areAvailableCellsToBeScheduled
 .text.ieee802154_prependHeader
                0x00208fc8      0x188 ./openstack/02a-MAClow/IEEE802154.o
                0x00208fc8                ieee802154_prependHeader
 .text.ieee802154_retrieveHeader
                0x00209150      0x3b8 ./openstack/02a-MAClow/IEEE802154.o
                0x00209150                ieee802154_retrieveHeader
 .text.ieee154e_init
                0x00209508       0x98 ./openstack/02a-MAClow/IEEE802154Ecsl.o
                0x00209508                ieee154e_init
 .text.ieee154e_asnDiff
                0x002095a0       0xcc ./openstack/02a-MAClow/IEEE802154Ecsl.o
                0x002095a0                ieee154e_asnDiff
 .text.isr_ieee154e_newCSLChannelSample
                0x0020966c       0x2c ./openstack/02a-MAClow/IEEE802154Ecsl.o
                0x0020966c                isr_ieee154e_newCSLChannelSample
 .text.isr_ieee154e_timer
                0x00209698      0x12c ./openstack/02a-MAClow/IEEE802154Ecsl.o
                0x00209698                isr_ieee154e_timer
 .text.ieee154e_startOfFrame
                0x002097c4       0xe8 ./openstack/02a-MAClow/IEEE802154Ecsl.o
                0x002097c4                ieee154e_startOfFrame
 .text.ieee154e_endOfFrame
                0x002098ac       0xe8 ./openstack/02a-MAClow/IEEE802154Ecsl.o
                0x002098ac                ieee154e_endOfFrame
 .text.activity_synchronize_startOfFrame
                0x00209994       0x48 ./openstack/02a-MAClow/IEEE802154Ecsl.o
                0x00209994                activity_synchronize_startOfFrame
 .text.activity_synchronize_endOfFrame
                0x002099dc      0x324 ./openstack/02a-MAClow/IEEE802154Ecsl.o
                0x002099dc                activity_synchronize_endOfFrame
 .text.ieee154e_processIEs
                0x00209d00      0x258 ./openstack/02a-MAClow/IEEE802154Ecsl.o
                0x00209d00                ieee154e_processIEs
 .text.activity_ti2
                0x00209f58       0x9c ./openstack/02a-MAClow/IEEE802154Ecsl.o
                0x00209f58                activity_ti2
 .text.activity_tie1
                0x00209ff4       0x2c ./openstack/02a-MAClow/IEEE802154Ecsl.o
                0x00209ff4                activity_tie1
 .text.activity_ti3
                0x0020a020       0x28 ./openstack/02a-MAClow/IEEE802154Ecsl.o
                0x0020a020                activity_ti3
 .text.activity_tie2
                0x0020a048       0x2c ./openstack/02a-MAClow/IEEE802154Ecsl.o
                0x0020a048                activity_tie2
 .text.activity_ti4
                0x0020a074       0x3c ./openstack/02a-MAClow/IEEE802154Ecsl.o
                0x0020a074                activity_ti4
 .text.activity_tie3
                0x0020a0b0       0x2c ./openstack/02a-MAClow/IEEE802154Ecsl.o
                0x0020a0b0                activity_tie3
 .text.activity_ti5
                0x0020a0dc       0xd0 ./openstack/02a-MAClow/IEEE802154Ecsl.o
                0x0020a0dc                activity_ti5
 .text.activity_ti6
                0x0020a1ac       0x7c ./openstack/02a-MAClow/IEEE802154Ecsl.o
                0x0020a1ac                activity_ti6
 .text.activity_tie4
                0x0020a228       0x2c ./openstack/02a-MAClow/IEEE802154Ecsl.o
                0x0020a228                activity_tie4
 .text.activity_ti7
                0x0020a254       0x28 ./openstack/02a-MAClow/IEEE802154Ecsl.o
                0x0020a254                activity_ti7
 .text.activity_tie5
                0x0020a27c       0x78 ./openstack/02a-MAClow/IEEE802154Ecsl.o
                0x0020a27c                activity_tie5
 .text.activity_ti8
                0x0020a2f4       0x3c ./openstack/02a-MAClow/IEEE802154Ecsl.o
                0x0020a2f4                activity_ti8
 .text.activity_tie6
                0x0020a330        0xc ./openstack/02a-MAClow/IEEE802154Ecsl.o
                0x0020a330                activity_tie6
 .text.activity_ti9
                0x0020a33c      0x2d4 ./openstack/02a-MAClow/IEEE802154Ecsl.o
                0x0020a33c                activity_ti9
 .text.activity_csl_ri1
                0x0020a610       0x60 ./openstack/02a-MAClow/IEEE802154Ecsl.o
                0x0020a610                activity_csl_ri1
 .text.activity_ri2
                0x0020a670       0x7c ./openstack/02a-MAClow/IEEE802154Ecsl.o
                0x0020a670                activity_ri2
 .text.activity_rie1
                0x0020a6ec       0x2c ./openstack/02a-MAClow/IEEE802154Ecsl.o
                0x0020a6ec                activity_rie1
 .text.activity_ri3
                0x0020a718       0x28 ./openstack/02a-MAClow/IEEE802154Ecsl.o
                0x0020a718                activity_ri3
 .text.activity_rie2
                0x0020a740        0xc ./openstack/02a-MAClow/IEEE802154Ecsl.o
                0x0020a740                activity_rie2
 .text.activity_ri4
                0x0020a74c       0x48 ./openstack/02a-MAClow/IEEE802154Ecsl.o
                0x0020a74c                activity_ri4
 .text.activity_rie3
                0x0020a794       0x2c ./openstack/02a-MAClow/IEEE802154Ecsl.o
                0x0020a794                activity_rie3
 .text.activity_ri5
                0x0020a7c0      0x33c ./openstack/02a-MAClow/IEEE802154Ecsl.o
                0x0020a7c0                activity_ri5
 .text.activity_ri6
                0x0020aafc      0x248 ./openstack/02a-MAClow/IEEE802154Ecsl.o
                0x0020aafc                activity_ri6
 .text.activity_rie4
                0x0020ad44       0x2c ./openstack/02a-MAClow/IEEE802154Ecsl.o
                0x0020ad44                activity_rie4
 .text.activity_ri7
                0x0020ad70       0x28 ./openstack/02a-MAClow/IEEE802154Ecsl.o
                0x0020ad70                activity_ri7
 .text.activity_rie5
                0x0020ad98       0x2c ./openstack/02a-MAClow/IEEE802154Ecsl.o
                0x0020ad98                activity_rie5
 .text.activity_ri8
                0x0020adc4       0x3c ./openstack/02a-MAClow/IEEE802154Ecsl.o
                0x0020adc4                activity_ri8
 .text.activity_rie6
                0x0020ae00       0x2c ./openstack/02a-MAClow/IEEE802154Ecsl.o
                0x0020ae00                activity_rie6
 .text.activity_ri9
                0x0020ae2c       0xa4 ./openstack/02a-MAClow/IEEE802154Ecsl.o
                0x0020ae2c                activity_ri9
 .text.isValidRxFrame
                0x0020aed0       0x7c ./openstack/02a-MAClow/IEEE802154Ecsl.o
                0x0020aed0                isValidRxFrame
 .text.isValidAck
                0x0020af4c       0x80 ./openstack/02a-MAClow/IEEE802154Ecsl.o
                0x0020af4c                isValidAck
 .text.incrementAsnOffset
                0x0020afcc       0xe8 ./openstack/02a-MAClow/IEEE802154Ecsl.o
                0x0020afcc                incrementAsnOffset
 .text.ieee154e_getAsn
                0x0020b0b4       0x8c ./openstack/02a-MAClow/IEEE802154Ecsl.o
                0x0020b0b4                ieee154e_getAsn
 .text.joinPriorityStoreFromAdv
                0x0020b140       0x38 ./openstack/02a-MAClow/IEEE802154Ecsl.o
                0x0020b140                joinPriorityStoreFromAdv
 .text.asnStoreFromAdv
                0x0020b178       0xc4 ./openstack/02a-MAClow/IEEE802154Ecsl.o
                0x0020b178                asnStoreFromAdv
 .text.synchronizePacket
                0x0020b23c       0xe4 ./openstack/02a-MAClow/IEEE802154Ecsl.o
                0x0020b23c                synchronizePacket
 .text.synchronizeAck
                0x0020b320       0xb8 ./openstack/02a-MAClow/IEEE802154Ecsl.o
                0x0020b320                synchronizeAck
 .text.changeIsSync
                0x0020b3d8       0x40 ./openstack/02a-MAClow/IEEE802154Ecsl.o
                0x0020b3d8                changeIsSync
 .text.notif_sendDone
                0x0020b418       0x4c ./openstack/02a-MAClow/IEEE802154Ecsl.o
                0x0020b418                notif_sendDone
 .text.notif_receive
                0x0020b464       0x4c ./openstack/02a-MAClow/IEEE802154Ecsl.o
                0x0020b464                notif_receive
 .text.resetStats
                0x0020b4b0       0x70 ./openstack/02a-MAClow/IEEE802154Ecsl.o
                0x0020b4b0                resetStats
 .text.updateStats
                0x0020b520       0x54 ./openstack/02a-MAClow/IEEE802154Ecsl.o
                0x0020b520                updateStats
 .text.calculateFrequency
                0x0020b574       0x1c ./openstack/02a-MAClow/IEEE802154Ecsl.o
                0x0020b574                calculateFrequency
 .text.changeState
                0x0020b590       0x68 ./openstack/02a-MAClow/IEEE802154Ecsl.o
                0x0020b590                changeState
 .text.endSlot  0x0020b5f8      0x214 ./openstack/02a-MAClow/IEEE802154Ecsl.o
                0x0020b5f8                endSlot
 .text.ieee154e_isSynch
                0x0020b80c       0x18 ./openstack/02a-MAClow/IEEE802154Ecsl.o
                0x0020b80c                ieee154e_isSynch
 .text.adaptive_sync_init
                0x0020b824       0x54 ./openstack/02a-MAClow/adaptive_sync.o
                0x0020b824                adaptive_sync_init
 .text.adaptive_sync_indicateTimeCorrection
                0x0020b878      0x240 ./openstack/02a-MAClow/adaptive_sync.o
                0x0020b878                adaptive_sync_indicateTimeCorrection
 .text.adaptive_sync_calculateCompensatedSlots
                0x0020bab8      0x198 ./openstack/02a-MAClow/adaptive_sync.o
                0x0020bab8                adaptive_sync_calculateCompensatedSlots
 .text.adaptive_sync_driftChanged
                0x0020bc50       0x1c ./openstack/02a-MAClow/adaptive_sync.o
                0x0020bc50                adaptive_sync_driftChanged
 .text.topology_isAcceptablePacket
                0x0020bc6c       0x18 ./openstack/02a-MAClow/topology.o
                0x0020bc6c                topology_isAcceptablePacket
 .text.openstack_init
                0x0020bc84       0x6c ./openstack/openstack.o
                0x0020bc84                openstack_init
 .text.scheduler_init
                0x0020bcf0       0x30 ./openos/scheduler.o
                0x0020bcf0                scheduler_init
 .text.scheduler_start
                0x0020bd20       0x78 ./openos/scheduler.o
                0x0020bd20                scheduler_start
 .text.scheduler_push_task
                0x0020bd98       0xe0 ./openos/scheduler.o
                0x0020bd98                scheduler_push_task
 .text.uecho_init
                0x0020be78        0xc ./openapps/uecho/uecho.o
                0x0020be78                uecho_init
 .text.uecho_receive
                0x0020be84       0xbc ./openapps/uecho/uecho.o
                0x0020be84                uecho_receive
 .text.uecho_sendDone
                0x0020bf40       0x1c ./openapps/uecho/uecho.o
                0x0020bf40                uecho_sendDone
 .text.techo_init
                0x0020bf5c        0xc ./openapps/techo/techo.o
                0x0020bf5c                techo_init
 .text.techo_shouldIlisten
                0x0020bf68       0x10 ./openapps/techo/techo.o
                0x0020bf68                techo_shouldIlisten
 .text.techo_receive
                0x0020bf78       0x50 ./openapps/techo/techo.o
                0x0020bf78                techo_receive
 .text.techo_sendDone
                0x0020bfc8       0x44 ./openapps/techo/techo.o
                0x0020bfc8                techo_sendDone
 .text.techo_connectDone
                0x0020c00c       0x14 ./openapps/techo/techo.o
                0x0020c00c                techo_connectDone
 .text.cwellknown_init
                0x0020c020       0x94 ./openapps/cwellknown/cwellknown.o
                0x0020c020                cwellknown_init
 .text.cwellknown_receive
                0x0020c0b4       0x88 ./openapps/cwellknown/cwellknown.o
                0x0020c0b4                cwellknown_receive
 .text.cwellknown_sendDone
                0x0020c13c       0x1c ./openapps/cwellknown/cwellknown.o
                0x0020c13c                cwellknown_sendDone
 .text.cstorm_init
                0x0020c158       0x80 ./openapps/cstorm/cstorm.o
                0x0020c158                cstorm_init
 .text.cstorm_receive
                0x0020c1d8      0x128 ./openapps/cstorm/cstorm.o
                0x0020c1d8                cstorm_receive
 .text.cstorm_sendDone
                0x0020c300       0x1c ./openapps/cstorm/cstorm.o
                0x0020c300                cstorm_sendDone
 .text.cleds__init
                0x0020c31c       0x80 ./openapps/cleds/cleds.o
                0x0020c31c                cleds__init
 .text.cleds_receive
                0x0020c39c       0xd4 ./openapps/cleds/cleds.o
                0x0020c39c                cleds_receive
 .text.cleds_sendDone
                0x0020c470       0x1c ./openapps/cleds/cleds.o
                0x0020c470                cleds_sendDone
 .text.cinfo_init
                0x0020c48c       0x90 ./openapps/cinfo/cinfo.o
                0x0020c48c                cinfo_init
 .text.cinfo_receive
                0x0020c51c      0x160 ./openapps/cinfo/cinfo.o
                0x0020c51c                cinfo_receive
 .text.cinfo_sendDone
                0x0020c67c       0x1c ./openapps/cinfo/cinfo.o
                0x0020c67c                cinfo_sendDone
 .text.c6t_init
                0x0020c698       0x90 ./openapps/c6t/c6t.o
                0x0020c698                c6t_init
 .text.c6t_receive
                0x0020c728       0xf4 ./openapps/c6t/c6t.o
                0x0020c728                c6t_receive
 .text.c6t_sendDone
                0x0020c81c       0x1c ./openapps/c6t/c6t.o
                0x0020c81c                c6t_sendDone
 .text.openapps_init
                0x0020c838       0x24 ./openapps/openapps.o
                0x0020c838                openapps_init
 .text.crcIteration
                0x0020c85c       0x3c ./common/openhdlc.o
                0x0020c85c                crcIteration
 .text.openserial_init
                0x0020c898      0x13c ./common/openserial.o
                0x0020c898                openserial_init
 .text.openserial_printInfoErrorCritical
                0x0020c9d4       0xac ./common/openserial.o
                0x0020c9d4                openserial_printInfoErrorCritical
 .text.openserial_printData
                0x0020ca80       0xc0 ./common/openserial.o
                0x0020ca80                openserial_printData
 .text.openserial_printInfo
                0x0020cb40       0x2c ./common/openserial.o
                0x0020cb40                openserial_printInfo
 .text.openserial_printError
                0x0020cb6c       0x30 ./common/openserial.o
                0x0020cb6c                openserial_printError
 .text.openserial_printCritical
                0x0020cb9c       0x48 ./common/openserial.o
                0x0020cb9c                openserial_printCritical
 .text.openserial_getNumDataBytes
                0x0020cbe4       0x2c ./common/openserial.o
                0x0020cbe4                openserial_getNumDataBytes
 .text.openserial_getInputBuffer
                0x0020cc10       0x74 ./common/openserial.o
                0x0020cc10                openserial_getInputBuffer
 .text.openserial_stop
                0x0020cc84      0x10c ./common/openserial.o
                0x0020cc84                openserial_stop
 .text.outputHdlcOpen
                0x0020cd90       0x4c ./common/openserial.o
                0x0020cd90                outputHdlcOpen
 .text.outputHdlcWrite
                0x0020cddc       0xb0 ./common/openserial.o
                0x0020cddc                outputHdlcWrite
 .text.outputHdlcClose
                0x0020ce8c       0x6c ./common/openserial.o
                0x0020ce8c                outputHdlcClose
 .text.inputHdlcOpen
                0x0020cef8       0x28 ./common/openserial.o
                0x0020cef8                inputHdlcOpen
 .text.inputHdlcWrite
                0x0020cf20       0xa4 ./common/openserial.o
                0x0020cf20                inputHdlcWrite
 .text.inputHdlcClose
                0x0020cfc4       0x48 ./common/openserial.o
                0x0020cfc4                inputHdlcClose
 .text.isr_openserial_tx
                0x0020d00c       0xe0 ./common/openserial.o
                0x0020d00c                isr_openserial_tx
 .text.isr_openserial_rx
                0x0020d0ec      0x138 ./common/openserial.o
                0x0020d0ec                isr_openserial_rx
 .text.openserial_echo
                0x0020d224       0x34 ./common/openserial.o
                0x0020d224                openserial_echo
 .text.opentimers_init
                0x0020d258      0x108 ./common/opentimers.o
                0x0020d258                opentimers_init
 .text.opentimers_start
                0x0020d360      0x300 ./common/opentimers.o
                0x0020d360                opentimers_start
 .text.opentimers_setPeriod
                0x0020d660      0x170 ./common/opentimers.o
                0x0020d660                opentimers_setPeriod
 .text.opentimers_stop
                0x0020d7d0       0x38 ./common/opentimers.o
                0x0020d7d0                opentimers_stop
 .text.opentimers_restart
                0x0020d808       0x38 ./common/opentimers.o
                0x0020d808                opentimers_restart
 .text.opentimers_timer_callback
                0x0020d840      0x430 ./common/opentimers.o
                0x0020d840                opentimers_timer_callback
 .text.CPUcpsid
                0x0020dc70        0xc ./OpenMote-CC2538/source/cpu.o
                0x0020dc70                CPUcpsid
 .text.CPUcpsie
                0x0020dc7c        0xc ./OpenMote-CC2538/source/cpu.o
                0x0020dc7c                CPUcpsie
 .text.CPUwfi   0x0020dc88        0x4 ./OpenMote-CC2538/source/cpu.o
                0x0020dc88                CPUwfi
 .text.FlashMainPageErase
                0x0020dc8c       0x38 ./OpenMote-CC2538/source/flash.o
                0x0020dc8c                FlashMainPageErase
 .text.FlashCacheModeGet
                0x0020dcc4       0x1c ./OpenMote-CC2538/source/flash.o
                0x0020dcc4                FlashCacheModeGet
 .text.FlashCacheModeSet
                0x0020dce0       0x4c ./OpenMote-CC2538/source/flash.o
                0x0020dce0                FlashCacheModeSet
 .text.GPIOGetIntNumber
                0x0020dd2c       0x80 ./OpenMote-CC2538/source/gpio.o
                0x0020dd2c                GPIOGetIntNumber
 .text.GPIODirModeSet
                0x0020ddac       0x7c ./OpenMote-CC2538/source/gpio.o
                0x0020ddac                GPIODirModeSet
 .text.GPIOIntTypeSet
                0x0020de28       0xb0 ./OpenMote-CC2538/source/gpio.o
                0x0020de28                GPIOIntTypeSet
 .text.GPIOPinIntEnable
                0x0020ded8       0x2c ./OpenMote-CC2538/source/gpio.o
                0x0020ded8                GPIOPinIntEnable
 .text.GPIOPinIntClear
                0x0020df04       0x20 ./OpenMote-CC2538/source/gpio.o
                0x0020df04                GPIOPinIntClear
 .text.GPIOPortIntRegister
                0x0020df24       0x28 ./OpenMote-CC2538/source/gpio.o
                0x0020df24                GPIOPortIntRegister
 .text.GPIOPinRead
                0x0020df4c       0x28 ./OpenMote-CC2538/source/gpio.o
                0x0020df4c                GPIOPinRead
 .text.GPIOPinWrite
                0x0020df74       0x2c ./OpenMote-CC2538/source/gpio.o
                0x0020df74                GPIOPinWrite
 .text.GPIOPinTypeGPIOInput
                0x0020dfa0       0x30 ./OpenMote-CC2538/source/gpio.o
                0x0020dfa0                GPIOPinTypeGPIOInput
 .text.GPIOPinTypeGPIOOutput
                0x0020dfd0       0x30 ./OpenMote-CC2538/source/gpio.o
                0x0020dfd0                GPIOPinTypeGPIOOutput
 .text.GPIOPinTypeI2C
                0x0020e000       0x30 ./OpenMote-CC2538/source/gpio.o
                0x0020e000                GPIOPinTypeI2C
 .text.GPIOPinTypeUARTInput
                0x0020e030       0x30 ./OpenMote-CC2538/source/gpio.o
                0x0020e030                GPIOPinTypeUARTInput
 .text.GPIOPinTypeUARTOutput
                0x0020e060       0x30 ./OpenMote-CC2538/source/gpio.o
                0x0020e060                GPIOPinTypeUARTOutput
 .text.GPIOIntWakeupEnable
                0x0020e090       0x2c ./OpenMote-CC2538/source/gpio.o
                0x0020e090                GPIOIntWakeupEnable
 .text.I2CMasterInitExpClk
                0x0020e0bc       0x70 ./OpenMote-CC2538/source/i2c.o
                0x0020e0bc                I2CMasterInitExpClk
 .text.I2CMasterEnable
                0x0020e12c       0x24 ./OpenMote-CC2538/source/i2c.o
                0x0020e12c                I2CMasterEnable
 .text.IntMasterEnable
                0x0020e150       0x18 ./OpenMote-CC2538/source/interrupt.o
                0x0020e150                IntMasterEnable
 .text.IntMasterDisable
                0x0020e168       0x18 ./OpenMote-CC2538/source/interrupt.o
                0x0020e168                IntMasterDisable
 .text.IntRegister
                0x0020e180       0x8c ./OpenMote-CC2538/source/interrupt.o
                0x0020e180                IntRegister
 .text.IntPrioritySet
                0x0020e20c       0x74 ./OpenMote-CC2538/source/interrupt.o
                0x0020e20c                IntPrioritySet
 .text.IntEnable
                0x0020e280       0xc4 ./OpenMote-CC2538/source/interrupt.o
                0x0020e280                IntEnable
 .text.IntPendSet
                0x0020e344       0xa4 ./OpenMote-CC2538/source/interrupt.o
                0x0020e344                IntPendSet
 .text.IntPendClear
                0x0020e3e8       0x84 ./OpenMote-CC2538/source/interrupt.o
                0x0020e3e8                IntPendClear
 .text.IOCPinConfigPeriphOutput
                0x0020e46c       0xe8 ./OpenMote-CC2538/source/ioc.o
                0x0020e46c                IOCPinConfigPeriphOutput
 .text.IOCPinConfigPeriphInput
                0x0020e554      0x208 ./OpenMote-CC2538/source/ioc.o
                0x0020e554                IOCPinConfigPeriphInput
 .text.IOCPadConfigSet
                0x0020e75c       0xe8 ./OpenMote-CC2538/source/ioc.o
                0x0020e75c                IOCPadConfigSet
 .text.SleepModeTimerCountGet
                0x0020e844       0x5c ./OpenMote-CC2538/source/sleepmode.o
                0x0020e844                SleepModeTimerCountGet
 .text.SleepModeTimerCompareSet
                0x0020e8a0       0x68 ./OpenMote-CC2538/source/sleepmode.o
                0x0020e8a0                SleepModeTimerCompareSet
 .text.SysCtrlClockSet
                0x0020e908       0xe4 ./OpenMote-CC2538/source/sys_ctrl.o
                0x0020e908                SysCtrlClockSet
 .text.SysCtrlClockGet
                0x0020e9ec       0xbc ./OpenMote-CC2538/source/sys_ctrl.o
                0x0020e9ec                SysCtrlClockGet
 .text.SysCtrlIOClockSet
                0x0020eaa8       0x40 ./OpenMote-CC2538/source/sys_ctrl.o
                0x0020eaa8                SysCtrlIOClockSet
 .text.SysCtrlIOClockGet
                0x0020eae8       0xc0 ./OpenMote-CC2538/source/sys_ctrl.o
                0x0020eae8                SysCtrlIOClockGet
 .text.SysCtrlDelay
                0x0020eba8        0x8 ./OpenMote-CC2538/source/sys_ctrl.o
                0x0020eba8                SysCtrlDelay
 .text.SysCtrlReset
                0x0020ebb0       0x14 ./OpenMote-CC2538/source/sys_ctrl.o
                0x0020ebb0                SysCtrlReset
 .text.SysCtrlSleep
                0x0020ebc4        0xc ./OpenMote-CC2538/source/sys_ctrl.o
                0x0020ebc4                SysCtrlSleep
 .text.SysCtrlPeripheralReset
                0x0020ebd0       0xb0 ./OpenMote-CC2538/source/sys_ctrl.o
                0x0020ebd0                SysCtrlPeripheralReset
 .text.SysCtrlPeripheralEnable
                0x0020ec80       0x54 ./OpenMote-CC2538/source/sys_ctrl.o
                0x0020ec80                SysCtrlPeripheralEnable
 .text.SysCtrlPeripheralDisable
                0x0020ecd4       0x58 ./OpenMote-CC2538/source/sys_ctrl.o
                0x0020ecd4                SysCtrlPeripheralDisable
 .text.SysCtrlPeripheralSleepEnable
                0x0020ed2c       0x54 ./OpenMote-CC2538/source/sys_ctrl.o
                0x0020ed2c                SysCtrlPeripheralSleepEnable
 .text.SysCtrlPeripheralSleepDisable
                0x0020ed80       0x58 ./OpenMote-CC2538/source/sys_ctrl.o
                0x0020ed80                SysCtrlPeripheralSleepDisable
 .text.SysCtrlPeripheralDeepSleepDisable
                0x0020edd8       0x58 ./OpenMote-CC2538/source/sys_ctrl.o
                0x0020edd8                SysCtrlPeripheralDeepSleepDisable
 .text.SysCtrlPowerModeSet
                0x0020ee30       0x20 ./OpenMote-CC2538/source/sys_ctrl.o
                0x0020ee30                SysCtrlPowerModeSet
 .text.UARTConfigSetExpClk
                0x0020ee50       0xa4 ./OpenMote-CC2538/source/uarthal.o
                0x0020ee50                UARTConfigSetExpClk
 .text.UARTEnable
                0x0020eef4       0x40 ./OpenMote-CC2538/source/uarthal.o
                0x0020eef4                UARTEnable
 .text.UARTDisable
                0x0020ef34       0x54 ./OpenMote-CC2538/source/uarthal.o
                0x0020ef34                UARTDisable
 .text.UARTFIFODisable
                0x0020ef88       0x28 ./OpenMote-CC2538/source/uarthal.o
                0x0020ef88                UARTFIFODisable
 .text.UARTTxIntModeSet
                0x0020efb0       0x2c ./OpenMote-CC2538/source/uarthal.o
                0x0020efb0                UARTTxIntModeSet
 .text.UARTCharGet
                0x0020efdc       0x2c ./OpenMote-CC2538/source/uarthal.o
                0x0020efdc                UARTCharGet
 .text.UARTCharPut
                0x0020f008       0x30 ./OpenMote-CC2538/source/uarthal.o
                0x0020f008                UARTCharPut
 .text.UARTIntRegister
                0x0020f038       0x3c ./OpenMote-CC2538/source/uarthal.o
                0x0020f038                UARTIntRegister
 .text.UARTIntDisable
                0x0020f074       0x2c ./OpenMote-CC2538/source/uarthal.o
                0x0020f074                UARTIntDisable
 .text.UARTIntStatus
                0x0020f0a0       0x30 ./OpenMote-CC2538/source/uarthal.o
                0x0020f0a0                UARTIntStatus
 .text.UARTIntClear
                0x0020f0d0       0x20 ./OpenMote-CC2538/source/uarthal.o
                0x0020f0d0                UARTIntClear
 .text.UARTClockSourceSet
                0x0020f0f0       0x20 ./OpenMote-CC2538/source/uarthal.o
                0x0020f0f0                UARTClockSourceSet
 .text.main     0x0020f110       0x10 ./OpenMote-CC2538/board.o
                0x0020f110                main
 .text.board_init
                0x0020f120       0x38 ./OpenMote-CC2538/board.o
                0x0020f120                board_init
 .text.button_init
                0x0020f158       0x60 ./OpenMote-CC2538/board.o
                0x0020f158                button_init
 .text.GPIO_C_Isr_Handler
                0x0020f1b8       0x1c ./OpenMote-CC2538/board.o
                0x0020f1b8                GPIO_C_Isr_Handler
 .text.antenna_init
                0x0020f1d4       0x50 ./OpenMote-CC2538/board.o
                0x0020f1d4                antenna_init
 .text.antenna_external
                0x0020f224       0x30 ./OpenMote-CC2538/board.o
                0x0020f224                antenna_external
 .text.board_sleep
                0x0020f254       0x14 ./OpenMote-CC2538/board.o
                0x0020f254                board_sleep
 .text.board_reset
                0x0020f268        0xc ./OpenMote-CC2538/board.o
                0x0020f268                board_reset
 .text.gpio_init
                0x0020f274       0x98 ./OpenMote-CC2538/board.o
 .text.clock_init
                0x0020f30c       0xb4 ./OpenMote-CC2538/board.o
 .text.SysCtrlDeepSleepSetting
                0x0020f3c0       0x68 ./OpenMote-CC2538/board.o
 .text.SysCtrlSleepSetting
                0x0020f428       0x68 ./OpenMote-CC2538/board.o
 .text.SysCtrlRunSetting
                0x0020f490       0x68 ./OpenMote-CC2538/board.o
 .text.SysCtrlWakeupSetting
                0x0020f4f8       0x10 ./OpenMote-CC2538/board.o
 .text.bsp_timer_init
                0x0020f508       0x2c ./OpenMote-CC2538/bsp_timer.o
                0x0020f508                bsp_timer_init
 .text.bsp_timer_set_callback
                0x0020f534       0x20 ./OpenMote-CC2538/bsp_timer.o
                0x0020f534                bsp_timer_set_callback
 .text.bsp_timer_reset
                0x0020f554       0x28 ./OpenMote-CC2538/bsp_timer.o
                0x0020f554                bsp_timer_reset
 .text.bsp_timer_scheduleIn
                0x0020f57c       0xcc ./OpenMote-CC2538/bsp_timer.o
                0x0020f57c                bsp_timer_scheduleIn
 .text.bsp_timer_isr_private
                0x0020f648       0x1c ./OpenMote-CC2538/bsp_timer.o
                0x0020f648                bsp_timer_isr_private
 .text.bsp_timer_isr
                0x0020f664       0x18 ./OpenMote-CC2538/bsp_timer.o
                0x0020f664                bsp_timer_isr
 .text.debugpins_init
                0x0020f67c       0x50 ./OpenMote-CC2538/debugpins.o
                0x0020f67c                debugpins_init
 .text.debugpins_fsm_toggle
                0x0020f6cc       0x18 ./OpenMote-CC2538/debugpins.o
                0x0020f6cc                debugpins_fsm_toggle
 .text.debugpins_fsm_clr
                0x0020f6e4       0x1c ./OpenMote-CC2538/debugpins.o
                0x0020f6e4                debugpins_fsm_clr
 .text.debugpins_fsm_set
                0x0020f700       0x1c ./OpenMote-CC2538/debugpins.o
                0x0020f700                debugpins_fsm_set
 .text.debugpins_task_clr
                0x0020f71c       0x1c ./OpenMote-CC2538/debugpins.o
                0x0020f71c                debugpins_task_clr
 .text.debugpins_task_set
                0x0020f738       0x1c ./OpenMote-CC2538/debugpins.o
                0x0020f738                debugpins_task_set
 .text.debugpins_isr_toggle
                0x0020f754       0x18 ./OpenMote-CC2538/debugpins.o
                0x0020f754                debugpins_isr_toggle
 .text.debugpins_isr_clr
                0x0020f76c       0x1c ./OpenMote-CC2538/debugpins.o
                0x0020f76c                debugpins_isr_clr
 .text.debugpins_isr_set
                0x0020f788       0x1c ./OpenMote-CC2538/debugpins.o
                0x0020f788                debugpins_isr_set
 .text.debugpins_radio_clr
                0x0020f7a4       0x1c ./OpenMote-CC2538/debugpins.o
                0x0020f7a4                debugpins_radio_clr
 .text.debugpins_radio_set
                0x0020f7c0       0x1c ./OpenMote-CC2538/debugpins.o
                0x0020f7c0                debugpins_radio_set
 .text.bspDBpinToggle
                0x0020f7dc       0x3c ./OpenMote-CC2538/debugpins.o
                0x0020f7dc                bspDBpinToggle
 .text.eui64_get
                0x0020f818       0x78 ./OpenMote-CC2538/eui64.o
                0x0020f818                eui64_get
 .text.i2c_init
                0x0020f890       0xb4 ./OpenMote-CC2538/i2c.o
                0x0020f890                i2c_init
 .text.leds_init
                0x0020f944       0x2c ./OpenMote-CC2538/leds.o
                0x0020f944                leds_init
 .text.leds_error_on
                0x0020f970       0x10 ./OpenMote-CC2538/leds.o
                0x0020f970                leds_error_on
 .text.leds_error_off
                0x0020f980       0x10 ./OpenMote-CC2538/leds.o
                0x0020f980                leds_error_off
 .text.leds_error_toggle
                0x0020f990       0x10 ./OpenMote-CC2538/leds.o
                0x0020f990                leds_error_toggle
 .text.leds_error_isOn
                0x0020f9a0       0x2c ./OpenMote-CC2538/leds.o
                0x0020f9a0                leds_error_isOn
 .text.leds_sync_on
                0x0020f9cc       0x10 ./OpenMote-CC2538/leds.o
                0x0020f9cc                leds_sync_on
 .text.leds_sync_off
                0x0020f9dc       0x10 ./OpenMote-CC2538/leds.o
                0x0020f9dc                leds_sync_off
 .text.leds_radio_on
                0x0020f9ec       0x10 ./OpenMote-CC2538/leds.o
                0x0020f9ec                leds_radio_on
 .text.leds_radio_off
                0x0020f9fc       0x10 ./OpenMote-CC2538/leds.o
                0x0020f9fc                leds_radio_off
 .text.leds_debug_on
                0x0020fa0c       0x10 ./OpenMote-CC2538/leds.o
                0x0020fa0c                leds_debug_on
 .text.leds_debug_off
                0x0020fa1c       0x10 ./OpenMote-CC2538/leds.o
                0x0020fa1c                leds_debug_off
 .text.leds_error_blink
                0x0020fa2c       0x6c ./OpenMote-CC2538/leds.o
                0x0020fa2c                leds_error_blink
 .text.bspLedSet
                0x0020fa98       0x28 ./OpenMote-CC2538/leds.o
                0x0020fa98                bspLedSet
 .text.bspLedClear
                0x0020fac0       0x28 ./OpenMote-CC2538/leds.o
                0x0020fac0                bspLedClear
 .text.bspLedToggle
                0x0020fae8       0x48 ./OpenMote-CC2538/leds.o
                0x0020fae8                bspLedToggle
 .text.radio_init
                0x0020fb30      0x1ec ./OpenMote-CC2538/radio.o
                0x0020fb30                radio_init
 .text.radio_setOverflowCb
                0x0020fd1c       0x18 ./OpenMote-CC2538/radio.o
                0x0020fd1c                radio_setOverflowCb
 .text.radio_setCompareCb
                0x0020fd34       0x18 ./OpenMote-CC2538/radio.o
                0x0020fd34                radio_setCompareCb
 .text.radio_setStartFrameCb
                0x0020fd4c       0x20 ./OpenMote-CC2538/radio.o
                0x0020fd4c                radio_setStartFrameCb
 .text.radio_setEndFrameCb
                0x0020fd6c       0x20 ./OpenMote-CC2538/radio.o
                0x0020fd6c                radio_setEndFrameCb
 .text.radio_startTimer
                0x0020fd8c       0x18 ./OpenMote-CC2538/radio.o
                0x0020fd8c                radio_startTimer
 .text.radio_getTimerValue
                0x0020fda4       0x10 ./OpenMote-CC2538/radio.o
                0x0020fda4                radio_getTimerValue
 .text.radio_setTimerPeriod
                0x0020fdb4       0x18 ./OpenMote-CC2538/radio.o
                0x0020fdb4                radio_setTimerPeriod
 .text.radio_getTimerPeriod
                0x0020fdcc       0x10 ./OpenMote-CC2538/radio.o
                0x0020fdcc                radio_getTimerPeriod
 .text.radio_setFrequency
                0x0020fddc       0x58 ./OpenMote-CC2538/radio.o
                0x0020fddc                radio_setFrequency
 .text.radio_rfOn
                0x0020fe34        0xc ./OpenMote-CC2538/radio.o
                0x0020fe34                radio_rfOn
 .text.radio_rfOff
                0x0020fe40       0x34 ./OpenMote-CC2538/radio.o
                0x0020fe40                radio_rfOff
 .text.radio_loadPacket
                0x0020fe74       0xa0 ./OpenMote-CC2538/radio.o
                0x0020fe74                radio_loadPacket
 .text.radio_txEnable
                0x0020ff14       0x2c ./OpenMote-CC2538/radio.o
                0x0020ff14                radio_txEnable
 .text.radio_txNow
                0x0020ff40       0x64 ./OpenMote-CC2538/radio.o
                0x0020ff40                radio_txNow
 .text.radio_rxEnable
                0x0020ffa4       0x2c ./OpenMote-CC2538/radio.o
                0x0020ffa4                radio_rxEnable
 .text.radio_rxNow
                0x0020ffd0       0x48 ./OpenMote-CC2538/radio.o
                0x0020ffd0                radio_rxNow
 .text.radio_getReceivedFrame
                0x00210018      0x128 ./OpenMote-CC2538/radio.o
                0x00210018                radio_getReceivedFrame
 .text.enable_radio_interrupts
                0x00210140       0x3c ./OpenMote-CC2538/radio.o
                0x00210140                enable_radio_interrupts
 .text.disable_radio_interrupts
                0x0021017c       0x28 ./OpenMote-CC2538/radio.o
                0x0021017c                disable_radio_interrupts
 .text.radio_off
                0x002101a4       0x48 ./OpenMote-CC2538/radio.o
                0x002101a4                radio_off
 .text.radio_isr_internal
                0x002101ec      0x13c ./OpenMote-CC2538/radio.o
                0x002101ec                radio_isr_internal
 .text.radio_error_isr
                0x00210328       0x40 ./OpenMote-CC2538/radio.o
                0x00210328                radio_error_isr
 .text.radiotimer_init
                0x00210368       0x1c ./OpenMote-CC2538/radiotimer.o
                0x00210368                radiotimer_init
 .text.radiotimer_setOverflowCb
                0x00210384       0x20 ./OpenMote-CC2538/radiotimer.o
                0x00210384                radiotimer_setOverflowCb
 .text.radiotimer_setCompareCb
                0x002103a4       0x20 ./OpenMote-CC2538/radiotimer.o
                0x002103a4                radiotimer_setCompareCb
 .text.radiotimer_start
                0x002103c4      0x13c ./OpenMote-CC2538/radiotimer.o
                0x002103c4                radiotimer_start
 .text.radiotimer_getValue
                0x00210500       0x5c ./OpenMote-CC2538/radiotimer.o
                0x00210500                radiotimer_getValue
 .text.radiotimer_setPeriod
                0x0021055c       0x58 ./OpenMote-CC2538/radiotimer.o
                0x0021055c                radiotimer_setPeriod
 .text.radiotimer_getPeriod
                0x002105b4       0x5c ./OpenMote-CC2538/radiotimer.o
                0x002105b4                radiotimer_getPeriod
 .text.radiotimer_schedule
                0x00210610       0x80 ./OpenMote-CC2538/radiotimer.o
                0x00210610                radiotimer_schedule
 .text.radiotimer_cancel
                0x00210690       0x68 ./OpenMote-CC2538/radiotimer.o
                0x00210690                radiotimer_cancel
 .text.radiotimer_getCapturedTime
                0x002106f8       0x5c ./OpenMote-CC2538/radiotimer.o
                0x002106f8                radiotimer_getCapturedTime
 .text.radiotimer_isr_private
                0x00210754       0x14 ./OpenMote-CC2538/radiotimer.o
                0x00210754                radiotimer_isr_private
 .text.radiotimer_isr
                0x00210768       0xb4 ./OpenMote-CC2538/radiotimer.o
                0x00210768                radiotimer_isr
 .text.NmiSR    0x0021081c        0xc ./OpenMote-CC2538/startup_gcc.o
                0x0021081c                NmiSR
 .text.FaultISR
                0x00210828        0x8 ./OpenMote-CC2538/startup_gcc.o
                0x00210828                FaultISR
 .text.IntDefaultHandler
                0x00210830        0x8 ./OpenMote-CC2538/startup_gcc.o
                0x00210830                IntDefaultHandler
 .text.ResetISR
                0x00210838       0x84 ./OpenMote-CC2538/startup_gcc.o
                0x00210838                ResetISR
 .text.uart_init
                0x002108bc       0xf4 ./OpenMote-CC2538/uart.o
                0x002108bc                uart_init
 .text.uart_setCallbacks
                0x002109b0       0x2c ./OpenMote-CC2538/uart.o
                0x002109b0                uart_setCallbacks
 .text.uart_disableInterrupts
                0x002109dc       0x18 ./OpenMote-CC2538/uart.o
                0x002109dc                uart_disableInterrupts
 .text.uart_clearRxInterrupts
                0x002109f4       0x18 ./OpenMote-CC2538/uart.o
                0x002109f4                uart_clearRxInterrupts
 .text.uart_clearTxInterrupts
                0x00210a0c       0x18 ./OpenMote-CC2538/uart.o
                0x00210a0c                uart_clearTxInterrupts
 .text.uart_writeByte
                0x00210a24       0x24 ./OpenMote-CC2538/uart.o
                0x00210a24                uart_writeByte
 .text.uart_readByte
                0x00210a48       0x24 ./OpenMote-CC2538/uart.o
                0x00210a48                uart_readByte
 .text.uart_isr_private
                0x00210a6c       0x58 ./OpenMote-CC2538/uart.o
 .text.uart_tx_isr
                0x00210ac4       0x2c ./OpenMote-CC2538/uart.o
                0x00210ac4                uart_tx_isr
 .text.uart_rx_isr
                0x00210af0       0x2c ./OpenMote-CC2538/uart.o
                0x00210af0                uart_rx_isr
 .text.mote_main
                0x00210b1c       0x1c ./03oos_openwsn_csl/03oos_openwsn_csl.o
                0x00210b1c                mote_main
 .text          0x00210b38      0x21c /opt/gcc-arm-none-eabi-4_7-2013q3/bin/../lib/gcc/arm-none-eabi/4.7.4/armv7-m/libgcc.a(_arm_addsubsf3.o)
                0x00210b38                __aeabi_frsub
                0x00210b40                __subsf3
                0x00210b40                __aeabi_fsub
                0x00210b44                __aeabi_fadd
                0x00210b44                __addsf3
                0x00210ca4                __aeabi_ui2f
                0x00210ca4                __floatunsisf
                0x00210cac                __aeabi_i2f
                0x00210cac                __floatsisf
                0x00210cc8                __floatundisf
                0x00210cc8                __aeabi_ul2f
                0x00210cd8                __floatdisf
                0x00210cd8                __aeabi_l2f
 .text          0x00210d54      0x2a0 /opt/gcc-arm-none-eabi-4_7-2013q3/bin/../lib/gcc/arm-none-eabi/4.7.4/armv7-m/libgcc.a(_arm_muldivsf3.o)
                0x00210d54                __mulsf3
                0x00210d54                __aeabi_fmul
                0x00210ebc                __divsf3
                0x00210ebc                __aeabi_fdiv
 .text          0x00210ff4       0x40 /opt/gcc-arm-none-eabi-4_7-2013q3/bin/../lib/gcc/arm-none-eabi/4.7.4/armv7-m/libgcc.a(_arm_fixunssfsi.o)
                0x00210ff4                __aeabi_f2uiz
                0x00210ff4                __fixunssfsi
 .text.memcmp   0x00211034       0xb8 /opt/gcc-arm-none-eabi-4_7-2013q3/bin/../lib/gcc/arm-none-eabi/4.7.4/../../../../arm-none-eabi/lib/armv7-m/libg.a(lib_a-memcmp.o)
                0x00211034                memcmp
 .text.memcpy   0x002110ec      0x15c /opt/gcc-arm-none-eabi-4_7-2013q3/bin/../lib/gcc/arm-none-eabi/4.7.4/../../../../arm-none-eabi/lib/armv7-m/libg.a(lib_a-memcpy.o)
                0x002110ec                memcpy
 .text.memset   0x00211248      0x12c /opt/gcc-arm-none-eabi-4_7-2013q3/bin/../lib/gcc/arm-none-eabi/4.7.4/../../../../arm-none-eabi/lib/armv7-m/libg.a(lib_a-memset.o)
                0x00211248                memset
 *(.rodata*)
 .rodata.all_routers_multicast
                0x00211374       0x10 ./openstack/03b-IPv6/icmpv6rpl.o
 .rodata.cwellknown_path0
                0x00211384        0xc ./openapps/cwellknown/cwellknown.o
                0x00211384                cwellknown_path0
 .rodata.cwellknown_path1
                0x00211390        0x8 ./openapps/cwellknown/cwellknown.o
                0x00211390                cwellknown_path1
 .rodata.cstorm_path0
                0x00211398        0x8 ./openapps/cstorm/cstorm.o
                0x00211398                cstorm_path0
 .rodata.cleds_path0
                0x002113a0        0x4 ./openapps/cleds/cleds.o
                0x002113a0                cleds_path0
 .rodata.infoBoardname
                0x002113a4        0x8 ./openapps/cinfo/cinfo.o
 .rodata.infouCName
                0x002113ac        0x8 ./openapps/cinfo/cinfo.o
 .rodata.infoRadioName
                0x002113b4        0xc ./openapps/cinfo/cinfo.o
 .rodata.infoStackName
                0x002113c0        0xc ./openapps/cinfo/cinfo.o
 .rodata.cinfo_path0
                0x002113cc        0x4 ./openapps/cinfo/cinfo.o
                0x002113cc                cinfo_path0
 .rodata.c6t_path0
                0x002113d0        0x4 ./openapps/c6t/c6t.o
                0x002113d0                c6t_path0
 .rodata.fcstab
                0x002113d4      0x200 ./common/openhdlc.o
 .rodata.g_pui32Regs
                0x002115d4       0xa4 ./OpenMote-CC2538/source/interrupt.o
 .rodata.g_pui32EnRegs
                0x00211678       0x14 ./OpenMote-CC2538/source/interrupt.o
 .rodata.g_pui32PendRegs
                0x0021168c       0x14 ./OpenMote-CC2538/source/interrupt.o
 .rodata.g_pui32UnpendRegs
                0x002116a0       0x14 ./OpenMote-CC2538/source/interrupt.o
 .rodata.g_pui32IOCPortAOverrideReg
                0x002116b4       0x20 ./OpenMote-CC2538/source/ioc.o
 .rodata.g_pui32IOCPortBOverrideReg
                0x002116d4       0x20 ./OpenMote-CC2538/source/ioc.o
 .rodata.g_pui32IOCPortCOverrideReg
                0x002116f4       0x20 ./OpenMote-CC2538/source/ioc.o
 .rodata.g_pui32IOCPortDOverrideReg
                0x00211714       0x20 ./OpenMote-CC2538/source/ioc.o
 .rodata.g_pui32IOCPortASignSelectReg
                0x00211734       0x20 ./OpenMote-CC2538/source/ioc.o
 .rodata.g_pui32IOCPortBSignSelectReg
                0x00211754       0x20 ./OpenMote-CC2538/source/ioc.o
 .rodata.g_pui32IOCPortCSignSelectReg
                0x00211774       0x20 ./OpenMote-CC2538/source/ioc.o
 .rodata.g_pui32IOCPortDSignSelectReg
                0x00211794       0x20 ./OpenMote-CC2538/source/ioc.o
 .rodata.g_pui32RCGCRegs
                0x002117b4       0x18 ./OpenMote-CC2538/source/sys_ctrl.o
 .rodata.g_pui32SCGCRegs
                0x002117cc       0x18 ./OpenMote-CC2538/source/sys_ctrl.o
 .rodata.g_pui32DCGCRegs
                0x002117e4       0x18 ./OpenMote-CC2538/source/sys_ctrl.o
 .rodata.g_pui32SRRegs
                0x002117fc       0x14 ./OpenMote-CC2538/source/sys_ctrl.o
                0x00211810                _etext = .

.glue_7         0x00211810        0x0
 .glue_7        0x00000000        0x0 linker stubs

.glue_7t        0x00211810        0x0
 .glue_7t       0x00000000        0x0 linker stubs

.vfp11_veneer   0x00211810        0x0
 .vfp11_veneer  0x00000000        0x0 linker stubs

.v4_bx          0x00211810        0x0
 .v4_bx         0x00000000        0x0 linker stubs

.iplt           0x00211810        0x0
 .iplt          0x00000000        0x0 /opt/gcc-arm-none-eabi-4_7-2013q3/bin/../lib/gcc/arm-none-eabi/4.7.4/armv7-m/crtbegin.o

.data           0x20004000      0x400 load address 0x00211810
                0x20004000                _data = .
 *(vtable)
 vtable         0x20004000      0x400 ./OpenMote-CC2538/source/interrupt.o
 *(.data*)
                0x20004400                _edata = .

.igot.plt       0x20004400        0x0 load address 0x00211c10
 .igot.plt      0x00000000        0x0 /opt/gcc-arm-none-eabi-4_7-2013q3/bin/../lib/gcc/arm-none-eabi/4.7.4/armv7-m/crtbegin.o

.ARM.exidx
 *(.ARM.exidx*)

.bss            0x20004400     0x13a8
                0x20004400                _bss = .
 *(.bss*)
 .bss.pui32Stack
                0x20004400      0x200 ./OpenMote-CC2538/startup_gcc.o
 *(COMMON)
 COMMON         0x20004600       0x45 ./openstack/cross-layers/idmanager.o
                0x20004600                idmanager_vars
 *fill*         0x20004645        0x3 00
 COMMON         0x20004648      0x960 ./openstack/cross-layers/openqueue.o
                0x20004648                openqueue_vars
 COMMON         0x20004fa8        0x2 ./openstack/cross-layers/openrandom.o
                0x20004fa8                random_vars
 *fill*         0x20004faa        0x2 00
 COMMON         0x20004fac        0x8 ./openstack/04-TRAN/opencoap.o
                0x20004fac                opencoap_vars
 COMMON         0x20004fb4       0x30 ./openstack/04-TRAN/opentcp.o
                0x20004fb4                tcp_vars
 COMMON         0x20004fe4       0x14 ./openstack/03b-IPv6/icmpv6echo.o
                0x20004fe4                icmpv6echo_vars
 COMMON         0x20004ff8       0x54 ./openstack/03b-IPv6/icmpv6rpl.o
                0x20004ff8                icmpv6rpl_vars
 COMMON         0x2000504c      0x15c ./openstack/02b-MAChigh/neighbors.o
                0x2000504c                neighbors_vars
 COMMON         0x200051a8      0x150 ./openstack/02b-MAChigh/schedule.o
                0x200051a8                schedule_vars
 COMMON         0x200052f8        0xc ./openstack/02b-MAChigh/sixtop.o
                0x200052f8                sixtop_vars
 COMMON         0x20005304       0x60 ./openstack/02a-MAClow/IEEE802154Ecsl.o
                0x20005304                ieee154e_vars
                0x20005340                ieee154e_stats
                0x20005350                ieee154e_dbg
 COMMON         0x20005364       0x2c ./openstack/02a-MAClow/adaptive_sync.o
                0x20005364                adaptive_sync_vars
 COMMON         0x20005390       0x82 ./openos/scheduler.o
                0x20005390                scheduler_vars
                0x20005410                scheduler_dbg
 *fill*         0x20005412        0x2 00
 COMMON         0x20005414       0x24 ./openapps/cwellknown/cwellknown.o
                0x20005414                cwellknown_vars
 COMMON         0x20005438       0x28 ./openapps/cstorm/cstorm.o
                0x20005438                cstorm_vars
 COMMON         0x20005460       0x24 ./openapps/cleds/cleds.o
                0x20005460                cleds_vars
 COMMON         0x20005484       0x24 ./openapps/cinfo/cinfo.o
                0x20005484                cinfo_vars
 COMMON         0x200054a8       0x24 ./openapps/c6t/c6t.o
                0x200054a8                c6t_vars
 COMMON         0x200054cc      0x1dc ./common/openserial.o
                0x200054cc                openserial_vars
 COMMON         0x200056a8       0xd0 ./common/opentimers.o
                0x200056a8                opentimers_vars
 COMMON         0x20005778       0x14 ./OpenMote-CC2538/bsp_timer.o
                0x20005778                bsp_timer_vars
 COMMON         0x2000578c        0xc ./OpenMote-CC2538/radio.o
                0x2000578c                radio_vars
 COMMON         0x20005798        0x8 ./OpenMote-CC2538/radiotimer.o
                0x20005798                radiotimer_vars
 COMMON         0x200057a0        0x8 ./OpenMote-CC2538/uart.o
                0x200057a0                uart_vars
                0x200057a8                _ebss = .

.flashcca       0x0027ffd4        0xc
 *(.flashcca)
 .flashcca      0x0027ffd4        0xc ./OpenMote-CC2538/startup_gcc.o
                0x0027ffd4                __cca
OUTPUT(03oos_openwsn_csl.elf elf32-littlearm)

.rel.dyn        0x0027ffe0        0x0
 .rel.iplt      0x00000000        0x0 /opt/gcc-arm-none-eabi-4_7-2013q3/bin/../lib/gcc/arm-none-eabi/4.7.4/armv7-m/crtbegin.o

.debug_info     0x00000000    0x1914d
 .debug_info    0x00000000      0x757 ./openstack/cross-layers/idmanager.o
 .debug_info    0x00000757      0xa71 ./openstack/cross-layers/openqueue.o
 .debug_info    0x000011c8      0x20a ./openstack/cross-layers/openrandom.o
 .debug_info    0x000013d2      0xca6 ./openstack/cross-layers/packetfunctions.o
 .debug_info    0x00002078      0xd18 ./openstack/04-TRAN/opencoap.o
 .debug_info    0x00002d90      0xd94 ./openstack/04-TRAN/opentcp.o
 .debug_info    0x00003b24      0x8d4 ./openstack/04-TRAN/openudp.o
 .debug_info    0x000043f8      0xcd8 ./openstack/03b-IPv6/forwarding.o
 .debug_info    0x000050d0      0x7fa ./openstack/03b-IPv6/icmpv6.o
 .debug_info    0x000058ca      0x8a2 ./openstack/03b-IPv6/icmpv6echo.o
 .debug_info    0x0000616c      0xcb3 ./openstack/03b-IPv6/icmpv6rpl.o
 .debug_info    0x00006e1f      0xef0 ./openstack/03a-IPHC/iphc.o
 .debug_info    0x00007d0f      0x7ae ./openstack/03a-IPHC/openbridge.o
 .debug_info    0x000084bd      0xf19 ./openstack/02b-MAChigh/neighbors.o
 .debug_info    0x000093d6      0x2f5 ./openstack/02b-MAChigh/otf.o
 .debug_info    0x000096cb      0xa76 ./openstack/02b-MAChigh/processIE.o
 .debug_info    0x0000a141      0xbf8 ./openstack/02b-MAChigh/schedule.o
 .debug_info    0x0000ad39     0x14fc ./openstack/02b-MAChigh/sixtop.o
 .debug_info    0x0000c235      0x97f ./openstack/02a-MAClow/IEEE802154.o
 .debug_info    0x0000cbb4     0x16de ./openstack/02a-MAClow/IEEE802154Ecsl.o
 .debug_info    0x0000e292      0x505 ./openstack/02a-MAClow/adaptive_sync.o
 .debug_info    0x0000e797      0x2db ./openstack/02a-MAClow/topology.o
 .debug_info    0x0000ea72      0x428 ./openstack/openstack.o
 .debug_info    0x0000ee9a      0x33d ./openos/scheduler.o
 .debug_info    0x0000f1d7      0x7f7 ./openapps/uecho/uecho.o
 .debug_info    0x0000f9ce      0x7f9 ./openapps/techo/techo.o
 .debug_info    0x000101c7      0x9e9 ./openapps/cwellknown/cwellknown.o
 .debug_info    0x00010bb0      0xc6d ./openapps/cstorm/cstorm.o
 .debug_info    0x0001181d      0x985 ./openapps/cleds/cleds.o
 .debug_info    0x000121a2      0x985 ./openapps/cinfo/cinfo.o
 .debug_info    0x00012b27      0x9c7 ./openapps/c6t/c6t.o
 .debug_info    0x000134ee      0x1bc ./openapps/openapps.o
 .debug_info    0x000136aa      0x1aa ./common/openhdlc.o
 .debug_info    0x00013854      0xad4 ./common/openserial.o
 .debug_info    0x00014328      0x439 ./common/opentimers.o
 .debug_info    0x00014761      0x190 ./OpenMote-CC2538/source/cpu.o
 .debug_info    0x000148f1      0x510 ./OpenMote-CC2538/source/flash.o
 .debug_info    0x00014e01      0x7f8 ./OpenMote-CC2538/source/gpio.o
 .debug_info    0x000155f9      0x4b2 ./OpenMote-CC2538/source/i2c.o
 .debug_info    0x00015aab      0x45f ./OpenMote-CC2538/source/interrupt.o
 .debug_info    0x00015f0a      0x2d7 ./OpenMote-CC2538/source/ioc.o
 .debug_info    0x000161e1      0x1e7 ./OpenMote-CC2538/source/sleepmode.o
 .debug_info    0x000163c8      0x51b ./OpenMote-CC2538/source/sys_ctrl.o
 .debug_info    0x000168e3      0x920 ./OpenMote-CC2538/source/uarthal.o
 .debug_info    0x00017203      0x294 ./OpenMote-CC2538/board.o
 .debug_info    0x00017497      0x2c8 ./OpenMote-CC2538/bsp_timer.o
 .debug_info    0x0001775f      0x303 ./OpenMote-CC2538/debugpins.o
 .debug_info    0x00017a62       0xc6 ./OpenMote-CC2538/eui64.o
 .debug_info    0x00017b28      0x1a9 ./OpenMote-CC2538/i2c.o
 .debug_info    0x00017cd1      0x42a ./OpenMote-CC2538/leds.o
 .debug_info    0x000180fb      0x63e ./OpenMote-CC2538/radio.o
 .debug_info    0x00018739      0x3dd ./OpenMote-CC2538/radiotimer.o
 .debug_info    0x00018b16      0x1d6 ./OpenMote-CC2538/startup_gcc.o
 .debug_info    0x00018cec      0x309 ./OpenMote-CC2538/uart.o
 .debug_info    0x00018ff5      0x158 ./03oos_openwsn_csl/03oos_openwsn_csl.o

.debug_abbrev   0x00000000     0x4ad1
 .debug_abbrev  0x00000000      0x14a ./openstack/cross-layers/idmanager.o
 .debug_abbrev  0x0000014a      0x193 ./openstack/cross-layers/openqueue.o
 .debug_abbrev  0x000002dd       0xe8 ./openstack/cross-layers/openrandom.o
 .debug_abbrev  0x000003c5      0x1f4 ./openstack/cross-layers/packetfunctions.o
 .debug_abbrev  0x000005b9      0x200 ./openstack/04-TRAN/opencoap.o
 .debug_abbrev  0x000007b9      0x226 ./openstack/04-TRAN/opentcp.o
 .debug_abbrev  0x000009df      0x17e ./openstack/04-TRAN/openudp.o
 .debug_abbrev  0x00000b5d      0x1d6 ./openstack/03b-IPv6/forwarding.o
 .debug_abbrev  0x00000d33      0x155 ./openstack/03b-IPv6/icmpv6.o
 .debug_abbrev  0x00000e88      0x168 ./openstack/03b-IPv6/icmpv6echo.o
 .debug_abbrev  0x00000ff0      0x1c3 ./openstack/03b-IPv6/icmpv6rpl.o
 .debug_abbrev  0x000011b3      0x20e ./openstack/03a-IPHC/iphc.o
 .debug_abbrev  0x000013c1      0x148 ./openstack/03a-IPHC/openbridge.o
 .debug_abbrev  0x00001509      0x22a ./openstack/02b-MAChigh/neighbors.o
 .debug_abbrev  0x00001733      0x10e ./openstack/02b-MAChigh/otf.o
 .debug_abbrev  0x00001841      0x1cd ./openstack/02b-MAChigh/processIE.o
 .debug_abbrev  0x00001a0e      0x1df ./openstack/02b-MAChigh/schedule.o
 .debug_abbrev  0x00001bed      0x224 ./openstack/02b-MAChigh/sixtop.o
 .debug_abbrev  0x00001e11      0x13f ./openstack/02a-MAClow/IEEE802154.o
 .debug_abbrev  0x00001f50      0x267 ./openstack/02a-MAClow/IEEE802154Ecsl.o
 .debug_abbrev  0x000021b7      0x13d ./openstack/02a-MAClow/adaptive_sync.o
 .debug_abbrev  0x000022f4       0xf1 ./openstack/02a-MAClow/topology.o
 .debug_abbrev  0x000023e5       0x90 ./openstack/openstack.o
 .debug_abbrev  0x00002475      0x12a ./openos/scheduler.o
 .debug_abbrev  0x0000259f      0x153 ./openapps/uecho/uecho.o
 .debug_abbrev  0x000026f2      0x16d ./openapps/techo/techo.o
 .debug_abbrev  0x0000285f      0x19f ./openapps/cwellknown/cwellknown.o
 .debug_abbrev  0x000029fe      0x1ae ./openapps/cstorm/cstorm.o
 .debug_abbrev  0x00002bac      0x19f ./openapps/cleds/cleds.o
 .debug_abbrev  0x00002d4b      0x19f ./openapps/cinfo/cinfo.o
 .debug_abbrev  0x00002eea      0x19f ./openapps/c6t/c6t.o
 .debug_abbrev  0x00003089       0x7a ./openapps/openapps.o
 .debug_abbrev  0x00003103       0x9c ./common/openhdlc.o
 .debug_abbrev  0x0000319f      0x1ad ./common/openserial.o
 .debug_abbrev  0x0000334c      0x179 ./common/opentimers.o
 .debug_abbrev  0x000034c5       0xcf ./OpenMote-CC2538/source/cpu.o
 .debug_abbrev  0x00003594      0x156 ./OpenMote-CC2538/source/flash.o
 .debug_abbrev  0x000036ea      0x124 ./OpenMote-CC2538/source/gpio.o
 .debug_abbrev  0x0000380e      0x138 ./OpenMote-CC2538/source/i2c.o
 .debug_abbrev  0x00003946      0x185 ./OpenMote-CC2538/source/interrupt.o
 .debug_abbrev  0x00003acb       0xdf ./OpenMote-CC2538/source/ioc.o
 .debug_abbrev  0x00003baa      0x113 ./OpenMote-CC2538/source/sleepmode.o
 .debug_abbrev  0x00003cbd      0x14a ./OpenMote-CC2538/source/sys_ctrl.o
 .debug_abbrev  0x00003e07      0x124 ./OpenMote-CC2538/source/uarthal.o
 .debug_abbrev  0x00003f2b      0x108 ./OpenMote-CC2538/board.o
 .debug_abbrev  0x00004033      0x160 ./OpenMote-CC2538/bsp_timer.o
 .debug_abbrev  0x00004193       0xa3 ./OpenMote-CC2538/debugpins.o
 .debug_abbrev  0x00004236       0x7b ./OpenMote-CC2538/eui64.o
 .debug_abbrev  0x000042b1       0x93 ./OpenMote-CC2538/i2c.o
 .debug_abbrev  0x00004344       0xed ./OpenMote-CC2538/leds.o
 .debug_abbrev  0x00004431      0x224 ./OpenMote-CC2538/radio.o
 .debug_abbrev  0x00004655      0x188 ./OpenMote-CC2538/radiotimer.o
 .debug_abbrev  0x000047dd      0x109 ./OpenMote-CC2538/startup_gcc.o
 .debug_abbrev  0x000048e6      0x16f ./OpenMote-CC2538/uart.o
 .debug_abbrev  0x00004a55       0x7c ./03oos_openwsn_csl/03oos_openwsn_csl.o

.debug_loc      0x00000000     0x7bc6
 .debug_loc     0x00000000      0x1b4 ./openstack/cross-layers/idmanager.o
 .debug_loc     0x000001b4      0x268 ./openstack/cross-layers/openqueue.o
 .debug_loc     0x0000041c       0x64 ./openstack/cross-layers/openrandom.o
 .debug_loc     0x00000480      0x4d0 ./openstack/cross-layers/packetfunctions.o
 .debug_loc     0x00000950      0x146 ./openstack/04-TRAN/opencoap.o
 .debug_loc     0x00000a96      0x29c ./openstack/04-TRAN/opentcp.o
 .debug_loc     0x00000d32      0x100 ./openstack/04-TRAN/openudp.o
 .debug_loc     0x00000e32      0x1ee ./openstack/03b-IPv6/forwarding.o
 .debug_loc     0x00001020       0xd4 ./openstack/03b-IPv6/icmpv6.o
 .debug_loc     0x000010f4       0xd4 ./openstack/03b-IPv6/icmpv6echo.o
 .debug_loc     0x000011c8      0x22c ./openstack/03b-IPv6/icmpv6rpl.o
 .debug_loc     0x000013f4      0x1f2 ./openstack/03a-IPHC/iphc.o
 .debug_loc     0x000015e6       0xd6 ./openstack/03a-IPHC/openbridge.o
 .debug_loc     0x000016bc      0x44a ./openstack/02b-MAChigh/neighbors.o
 .debug_loc     0x00001b06       0xf4 ./openstack/02b-MAChigh/otf.o
 .debug_loc     0x00001bfa      0x230 ./openstack/02b-MAChigh/processIE.o
 .debug_loc     0x00001e2a      0x448 ./openstack/02b-MAChigh/schedule.o
 .debug_loc     0x00002272      0x5e6 ./openstack/02b-MAChigh/sixtop.o
 .debug_loc     0x00002858       0x70 ./openstack/02a-MAClow/IEEE802154.o
 .debug_loc     0x000028c8      0xbf6 ./openstack/02a-MAClow/IEEE802154Ecsl.o
 .debug_loc     0x000034be      0x144 ./openstack/02a-MAClow/adaptive_sync.o
 .debug_loc     0x00003602       0x38 ./openstack/02a-MAClow/topology.o
 .debug_loc     0x0000363a       0x2c ./openstack/openstack.o
 .debug_loc     0x00003666       0x9c ./openos/scheduler.o
 .debug_loc     0x00003702       0xc8 ./openapps/uecho/uecho.o
 .debug_loc     0x000037ca      0x12c ./openapps/techo/techo.o
 .debug_loc     0x000038f6       0x9c ./openapps/cwellknown/cwellknown.o
 .debug_loc     0x00003992      0x100 ./openapps/cstorm/cstorm.o
 .debug_loc     0x00003a92       0x9c ./openapps/cleds/cleds.o
 .debug_loc     0x00003b2e       0x9c ./openapps/cinfo/cinfo.o
 .debug_loc     0x00003bca       0x9c ./openapps/c6t/c6t.o
 .debug_loc     0x00003c66       0x2c ./openapps/openapps.o
 .debug_loc     0x00003c92       0x38 ./common/openhdlc.o
 .debug_loc     0x00003cca      0x494 ./common/openserial.o
 .debug_loc     0x0000415e      0x188 ./common/opentimers.o
 .debug_loc     0x000042e6      0x1ec ./OpenMote-CC2538/source/flash.o
 .debug_loc     0x000044d2      0x620 ./OpenMote-CC2538/source/gpio.o
 .debug_loc     0x00004af2      0x5d0 ./OpenMote-CC2538/source/i2c.o
 .debug_loc     0x000050c2      0x39c ./OpenMote-CC2538/source/interrupt.o
 .debug_loc     0x0000545e       0xe0 ./OpenMote-CC2538/source/ioc.o
 .debug_loc     0x0000553e      0x1b4 ./OpenMote-CC2538/source/sleepmode.o
 .debug_loc     0x000056f2      0x3d8 ./OpenMote-CC2538/source/sys_ctrl.o
 .debug_loc     0x00005aca      0x850 ./OpenMote-CC2538/source/uarthal.o
 .debug_loc     0x0000631a      0x2a0 ./OpenMote-CC2538/board.o
 .debug_loc     0x000065ba      0x178 ./OpenMote-CC2538/bsp_timer.o
 .debug_loc     0x00006732      0x37c ./OpenMote-CC2538/debugpins.o
 .debug_loc     0x00006aae       0x38 ./OpenMote-CC2538/eui64.o
 .debug_loc     0x00006ae6      0x118 ./OpenMote-CC2538/i2c.o
 .debug_loc     0x00006bfe      0x4d8 ./OpenMote-CC2538/leds.o
 .debug_loc     0x000070d6      0x508 ./OpenMote-CC2538/radio.o
 .debug_loc     0x000075de      0x2ec ./OpenMote-CC2538/radiotimer.o
 .debug_loc     0x000078ca       0xbc ./OpenMote-CC2538/startup_gcc.o
 .debug_loc     0x00007986      0x214 ./OpenMote-CC2538/uart.o
 .debug_loc     0x00007b9a       0x2c ./03oos_openwsn_csl/03oos_openwsn_csl.o

.debug_aranges  0x00000000     0x1868
 .debug_aranges
                0x00000000       0x58 ./openstack/cross-layers/idmanager.o
 .debug_aranges
                0x00000058       0x70 ./openstack/cross-layers/openqueue.o
 .debug_aranges
                0x000000c8       0x28 ./openstack/cross-layers/openrandom.o
 .debug_aranges
                0x000000f0       0xc8 ./openstack/cross-layers/packetfunctions.o
 .debug_aranges
                0x000001b8       0x48 ./openstack/04-TRAN/opencoap.o
 .debug_aranges